
--------- beginning of main
06-03 14:31:06.263 17952 17952 I ViewRootImpl@511e738[SettingsActivity]: handleAppVisibility mAppVisible=true visible=false
06-03 14:31:06.263 17952 17952 I ViewRootImpl@e4d9b38[SettingsActivity]: handleAppVisibility mAppVisible=true visible=false
06-03 14:31:06.271 17952 18005 D OpenGLRenderer: setSurface called with nullptr
06-03 14:31:06.271 17952 18005 D OpenGLRenderer: setSurface() destroyed EGLSurface
06-03 14:31:06.271 17952 18005 D OpenGLRenderer: destroyEglSurface
06-03 14:31:06.284 17952 17952 I ViewRootImpl@511e738[SettingsActivity]: Relayout returned: old=(28,519,1052,968) new=(28,519,1052,968) req=(1024,449)8 dur=9 res=0x5 s={false 0} ch=true fn=35
06-03 14:31:06.285 17952 18005 D OpenGLRenderer: setSurface called with nullptr
06-03 14:31:06.285 17952 18005 D OpenGLRenderer: setSurface() destroyed EGLSurface
06-03 14:31:06.285 17952 18005 D OpenGLRenderer: destroyEglSurface
06-03 14:31:06.291 17952 17952 I ViewRootImpl@e4d9b38[SettingsActivity]: Relayout returned: old=(0,0,1080,2280) new=(0,0,1080,2280) req=(1080,2280)8 dur=4 res=0x5 s={false 0} ch=true fn=24
06-03 14:31:06.291 17952 17952 I ViewRootImpl@511e738[SettingsActivity]: stopped(true) old=false
06-03 14:31:06.292 17952 17952 I ViewRootImpl@e4d9b38[SettingsActivity]: stopped(true) old=false
06-03 14:31:06.293 17952 17952 I MSHandlerLifeCycle: isMultiSplitHandlerRequested: ignored. pkg=io.github.romanvht.byedpi isActivity=false callers=com.android.internal.policy.DecorView.setVisibility:4294 android.app.Dialog.hide:741 ru.romanvht.th.z:8 ru.romanvht.ro.q:65 ru.romanvht.ro.k:209 
06-03 14:31:06.293 17952 17952 I MSHandlerLifeCycle: removeMultiSplitHandler: no exist. decor=DecorView@110db16[SettingsActivity]
06-03 14:31:06.330 17952 17952 I MSHandlerLifeCycle: isMultiSplitHandlerRequested: windowingMode=1 isFullscreen=true isPopOver=false isHidden=false skipActivityType=false isHandlerType=true this: DecorView@29053bb[SettingsActivity]
06-03 14:31:06.330 17952 17952 I MSHandlerLifeCycle: removeMultiSplitHandler: no exist. decor=DecorView@29053bb[SettingsActivity]
06-03 14:31:06.331 17952 17952 D InsetsSourceConsumer: setRequestedVisible: visible=false, type=19, host=io.github.romanvht.byedpi/io.github.romanvht.byedpi.activities.SettingsActivity, from=android.view.InsetsSourceConsumer.hide:242 android.view.ImeInsetsSourceConsumer.hide:68 android.view.ImeInsetsSourceConsumer.hide:74 android.view.InsetsController.hideDirectly:1473 android.view.InsetsController.controlAnimationUnchecked:1139 android.view.InsetsController.applyAnimation:1456 android.view.InsetsController.applyAnimation:1437 android.view.InsetsController.hide:1006 android.view.ViewRootImpl$ViewRootHandler.handleMessageImpl:6474 android.view.ViewRootImpl$ViewRootHandler.handleMessage:6395 
06-03 14:31:06.332 17952 17952 D InputTransport: Input channel destroyed: 'ClientS', fd=87
06-03 14:31:06.337 17952 17952 I ViewRootImpl@e4d9b38[SettingsActivity]: Relayout returned: old=(0,0,1080,2280) new=(0,0,1080,2280) req=(1080,2280)8 dur=4 res=0x5 s={false 0} ch=false fn=-1
06-03 14:31:11.432 17952 17963 D InputTransport: Input channel destroyed: 'ClientS', fd=126
06-03 14:32:13.425 17952 17952 I ViewRootImpl@511e738[SettingsActivity]: handleAppVisibility mAppVisible=false visible=true
06-03 14:32:13.425 17952 17952 I ViewRootImpl@e4d9b38[SettingsActivity]: handleAppVisibility mAppVisible=false visible=true
06-03 14:32:13.436 17952 18005 D OpenGLRenderer: setSurface called with nullptr
06-03 14:32:13.449 17952 17952 I ViewRootImpl@511e738[SettingsActivity]: Relayout returned: old=(28,519,1052,968) new=(28,519,1052,968) req=(1024,449)8 dur=12 res=0x1 s={false 0} ch=false fn=-1
06-03 14:32:13.450 17952 18005 D OpenGLRenderer: setSurface called with nullptr
06-03 14:32:13.461 17952 17952 I ViewRootImpl@e4d9b38[SettingsActivity]: Relayout returned: old=(0,0,1080,2280) new=(0,0,1080,2280) req=(1080,2280)4 dur=10 res=0x1 s={false 0} ch=false fn=-1
06-03 14:32:13.461 17952 17952 I ViewRootImpl@511e738[SettingsActivity]: stopped(false) old=true
06-03 14:32:13.461 17952 17952 I ViewRootImpl@e4d9b38[SettingsActivity]: stopped(false) old=true
06-03 14:32:13.462 17952 17952 I MSHandlerLifeCycle: isMultiSplitHandlerRequested: ignored. pkg=io.github.romanvht.byedpi isActivity=false callers=com.android.internal.policy.DecorView.setVisibility:4294 android.app.Dialog.show:445 ru.romanvht.th.y:11 ru.romanvht.ro.p:46 ru.romanvht.ro.k:72 
06-03 14:32:13.462 17952 17952 I MSHandlerLifeCycle: removeMultiSplitHandler: no exist. decor=DecorView@110db16[SettingsActivity]
06-03 14:32:13.463 17952 17952 I MSHandlerLifeCycle: isMultiSplitHandlerRequested: windowingMode=1 isFullscreen=true isPopOver=false isHidden=false skipActivityType=false isHandlerType=true this: DecorView@29053bb[SettingsActivity]
06-03 14:32:13.463 17952 17952 I MSHandlerLifeCycle: removeMultiSplitHandler: no exist. decor=DecorView@29053bb[SettingsActivity]
06-03 14:32:13.463 17952 17952 I ViewRootImpl@511e738[SettingsActivity]: stopped(false) old=false
06-03 14:32:13.463 17952 17952 I ViewRootImpl@e4d9b38[SettingsActivity]: stopped(false) old=false
06-03 14:32:13.464 17952 17952 I DecorView: notifyKeepScreenOnChanged: keepScreenOn=false
06-03 14:32:13.464 17952 17952 I MSHandlerLifeCycle: isMultiSplitHandlerRequested: windowingMode=1 isFullscreen=true isPopOver=false isHidden=false skipActivityType=false isHandlerType=true this: DecorView@29053bb[SettingsActivity]
06-03 14:32:13.464 17952 17952 I MSHandlerLifeCycle: isMultiSplitHandlerRequested: windowingMode=1 isFullscreen=true isPopOver=false isHidden=false skipActivityType=false isHandlerType=true this: DecorView@29053bb[SettingsActivity]
06-03 14:32:13.464 17952 17952 I MSHandlerLifeCycle: removeMultiSplitHandler: no exist. decor=DecorView@29053bb[SettingsActivity]
06-03 14:32:13.465 17952 18005 D OpenGLRenderer: setSurface called with nullptr
06-03 14:32:13.474 17952 17952 I ViewRootImpl@511e738[SettingsActivity]: Relayout returned: old=(28,519,1052,968) new=(28,941,1052,1390) req=(1024,449)0 dur=8 res=0x7 s={true 484965693488} ch=true fn=-1
06-03 14:32:13.474 17952 18005 D OpenGLRenderer: eglCreateWindowSurface
06-03 14:32:13.475 17952 17952 I ViewRootImpl@511e738[SettingsActivity]: [DP] dp(1) 1 android.view.ViewRootImpl.reportNextDraw:11387 android.view.ViewRootImpl.performTraversals:4185 android.view.ViewRootImpl.doTraversal:2911 
06-03 14:32:13.479 17952 18005 D OpenGLRenderer: setSurface called with nullptr
06-03 14:32:13.484 17952 17952 I ViewRootImpl@e4d9b38[SettingsActivity]: Relayout returned: old=(0,0,1080,2280) new=(0,0,1080,2280) req=(1080,2280)0 dur=4 res=0x7 s={true 484965588848} ch=true fn=-1
06-03 14:32:13.484 17952 18005 D OpenGLRenderer: eglCreateWindowSurface
06-03 14:32:13.484 17952 17952 I ViewRootImpl@e4d9b38[SettingsActivity]: [DP] dp(1) 1 android.view.ViewRootImpl.reportNextDraw:11387 android.view.ViewRootImpl.performTraversals:4185 android.view.ViewRootImpl.doTraversal:2911 
06-03 14:32:13.490 17952 17952 I ViewRootImpl@e4d9b38[SettingsActivity]: [DP] pdf(0) 1 android.view.ViewRootImpl.lambda$addFrameCompleteCallbackIfNeeded$3$ViewRootImpl:4987 android.view.ViewRootImpl$$ExternalSyntheticLambda16.run:6 android.os.Handler.handleCallback:938 
06-03 14:32:13.490 17952 17952 I ViewRootImpl@e4d9b38[SettingsActivity]: [DP] rdf()
06-03 14:32:13.490 17952 17952 D ViewRootImpl@e4d9b38[SettingsActivity]: reportDrawFinished (fn: -1) 
06-03 14:32:13.490 17952 17952 I ViewRootImpl@511e738[SettingsActivity]: [DP] pdf(0) 1 android.view.ViewRootImpl.lambda$addFrameCompleteCallbackIfNeeded$3$ViewRootImpl:4987 android.view.ViewRootImpl$$ExternalSyntheticLambda16.run:6 android.os.Handler.handleCallback:938 
06-03 14:32:13.490 17952 17952 I ViewRootImpl@511e738[SettingsActivity]: [DP] rdf()
06-03 14:32:13.490 17952 17952 D ViewRootImpl@511e738[SettingsActivity]: reportDrawFinished (fn: -1) 
06-03 14:32:13.504 17952 17952 I ViewRootImpl@511e738[SettingsActivity]: MSG_WINDOW_FOCUS_CHANGED 1 1
06-03 14:32:13.505 17952 17952 D InputMethodManager: startInputInner - Id : 0
06-03 14:32:13.505 17952 17952 I InputMethodManager: startInputInner - mService.startInputOrWindowGainedFocus
06-03 14:32:13.890 17952 17952 I ViewRootImpl@511e738[SettingsActivity]: ViewPostIme pointer 0
06-03 14:32:13.891 17952 17952 I MSHandlerLifeCycle: isMultiSplitHandlerRequested: ignored. pkg=io.github.romanvht.byedpi isActivity=false callers=com.android.internal.policy.DecorView.hasMultiSplitHandlerInNonFreeformMode:890 com.android.internal.policy.DecorView.dispatchTouchEvent:930 android.view.View.dispatchPointerEvent:15335 android.view.ViewRootImpl$ViewPostImeInputStage.processPointerEvent:7807 android.view.ViewRootImpl$ViewPostImeInputStage.onProcess:7580 
06-03 14:32:13.891 17952 17952 I MSHandlerLifeCycle: isMultiSplitHandlerRequested: windowingMode=1 isFullscreen=true isPopOver=false isHidden=false skipActivityType=false isHandlerType=true this: DecorView@29053bb[SettingsActivity]
06-03 14:32:13.919 17952 17952 I MSHandlerLifeCycle: isMultiSplitHandlerRequested: ignored. pkg=io.github.romanvht.byedpi isActivity=false callers=com.android.internal.policy.DecorView.hasMultiSplitHandlerInNonFreeformMode:890 com.android.internal.policy.DecorView.dispatchTouchEvent:930 android.view.View.dispatchPointerEvent:15335 android.view.ViewRootImpl$ViewPostImeInputStage.processPointerEvent:7807 android.view.ViewRootImpl$ViewPostImeInputStage.onProcess:7580 
06-03 14:32:13.919 17952 17952 I MSHandlerLifeCycle: isMultiSplitHandlerRequested: windowingMode=1 isFullscreen=true isPopOver=false isHidden=false skipActivityType=false isHandlerType=true this: DecorView@29053bb[SettingsActivity]
06-03 14:32:13.931 17952 17952 I MSHandlerLifeCycle: isMultiSplitHandlerRequested: ignored. pkg=io.github.romanvht.byedpi isActivity=false callers=com.android.internal.policy.DecorView.hasMultiSplitHandlerInNonFreeformMode:890 com.android.internal.policy.DecorView.dispatchTouchEvent:930 android.view.View.dispatchPointerEvent:15335 android.view.ViewRootImpl$ViewPostImeInputStage.processPointerEvent:7807 android.view.ViewRootImpl$ViewPostImeInputStage.onProcess:7580 
06-03 14:32:13.931 17952 17952 I MSHandlerLifeCycle: isMultiSplitHandlerRequested: windowingMode=1 isFullscreen=true isPopOver=false isHidden=false skipActivityType=false isHandlerType=true this: DecorView@29053bb[SettingsActivity]
06-03 14:32:13.932 17952 17952 I ViewRootImpl@511e738[SettingsActivity]: ViewPostIme pointer 1
06-03 14:32:13.932 17952 17952 I MSHandlerLifeCycle: isMultiSplitHandlerRequested: ignored. pkg=io.github.romanvht.byedpi isActivity=false callers=com.android.internal.policy.DecorView.hasMultiSplitHandlerInNonFreeformMode:890 com.android.internal.policy.DecorView.dispatchTouchEvent:930 android.view.View.dispatchPointerEvent:15335 android.view.ViewRootImpl$ViewPostImeInputStage.processPointerEvent:7807 android.view.ViewRootImpl$ViewPostImeInputStage.onProcess:7580 
06-03 14:32:13.932 17952 17952 I MSHandlerLifeCycle: isMultiSplitHandlerRequested: windowingMode=1 isFullscreen=true isPopOver=false isHidden=false skipActivityType=false isHandlerType=true this: DecorView@29053bb[SettingsActivity]
06-03 14:32:13.934 17952 17952 I MSHandlerLifeCycle: removeMultiSplitHandler: no exist. decor=DecorView@110db16[SettingsActivity]
06-03 14:32:13.936 17952 18005 D OpenGLRenderer: setSurface called with nullptr
06-03 14:32:13.936 17952 18005 D OpenGLRenderer: setSurface() destroyed EGLSurface
06-03 14:32:13.936 17952 18005 D OpenGLRenderer: destroyEglSurface
06-03 14:32:13.940 17952 17952 I ViewRootImpl@511e738[SettingsActivity]: dispatchDetachedFromWindow
06-03 14:32:13.948 17952 17952 W InputEventReceiver: Attempted to finish an input event but the input event receiver has already been disposed.
06-03 14:32:13.948 17952 17952 D InputTransport: Input channel destroyed: 'a070c4e', fd=107
06-03 14:32:13.970 17952 17952 I ViewRootImpl@e4d9b38[SettingsActivity]: MSG_WINDOW_FOCUS_CHANGED 1 1
06-03 14:32:13.970 17952 17952 D InputMethodManager: startInputInner - Id : 0
06-03 14:32:13.970 17952 17952 I InputMethodManager: startInputInner - mService.startInputOrWindowGainedFocus
06-03 14:32:16.889 17952 17952 I ViewRootImpl@e4d9b38[SettingsActivity]: ViewPostIme pointer 0
06-03 14:32:16.890 17952 17952 I MSHandlerLifeCycle: isMultiSplitHandlerRequested: windowingMode=1 isFullscreen=true isPopOver=false isHidden=false skipActivityType=false isHandlerType=true this: DecorView@29053bb[SettingsActivity]
06-03 14:32:16.920 17952 17952 I MSHandlerLifeCycle: isMultiSplitHandlerRequested: windowingMode=1 isFullscreen=true isPopOver=false isHidden=false skipActivityType=false isHandlerType=true this: DecorView@29053bb[SettingsActivity]
06-03 14:32:16.937 17952 17952 I MSHandlerLifeCycle: isMultiSplitHandlerRequested: windowingMode=1 isFullscreen=true isPopOver=false isHidden=false skipActivityType=false isHandlerType=true this: DecorView@29053bb[SettingsActivity]
06-03 14:32:16.952 17952 17952 I MSHandlerLifeCycle: isMultiSplitHandlerRequested: windowingMode=1 isFullscreen=true isPopOver=false isHidden=false skipActivityType=false isHandlerType=true this: DecorView@29053bb[SettingsActivity]
06-03 14:32:16.952 17952 17952 I ViewRootImpl@e4d9b38[SettingsActivity]: ViewPostIme pointer 1
06-03 14:32:16.952 17952 17952 I MSHandlerLifeCycle: isMultiSplitHandlerRequested: windowingMode=1 isFullscreen=true isPopOver=false isHidden=false skipActivityType=false isHandlerType=true this: DecorView@29053bb[SettingsActivity]
06-03 14:32:16.980 17952 17952 I ViewRootImpl@5dcbd2f[PopupWindow:72f6f0e]: setView = android.widget.PopupWindow$PopupDecorView@6f76e1a TM=true
06-03 14:32:16.992 17952 17966 I ViewRootImpl@5dcbd2f[PopupWindow:72f6f0e]: Resizing android.view.ViewRootImpl@d0e51e6: frame=[555,111][1070,531] reportDraw=true forceLayout=false backDropFrame=Rect(0, 0 - 515, 420)
06-03 14:32:16.996 17952 17952 I ViewRootImpl@5dcbd2f[PopupWindow:72f6f0e]: Relayout returned: old=(0,90,1080,2241) new=(555,111,1070,531) req=(515,420)0 dur=9 res=0x7 s={true 484965693488} ch=true fn=-1
06-03 14:32:16.997 17952 18005 D OpenGLRenderer: eglCreateWindowSurface
06-03 14:32:17.001 17952 17952 D AbsListView:  in onLayout changed 
06-03 14:32:17.003 17952 17952 I ViewRootImpl@5dcbd2f[PopupWindow:72f6f0e]: [DP] dp(1) 0 android.view.ViewRootImpl.reportNextDraw:11387 android.view.ViewRootImpl.performTraversals:4185 android.view.ViewRootImpl.doTraversal:2911 
06-03 14:32:17.014 17952 17952 I ViewRootImpl@5dcbd2f[PopupWindow:72f6f0e]: [DP] pdf(0) 0 android.view.ViewRootImpl.lambda$addFrameCompleteCallbackIfNeeded$3$ViewRootImpl:4987 android.view.ViewRootImpl$$ExternalSyntheticLambda16.run:6 android.os.Handler.handleCallback:938 
06-03 14:32:17.014 17952 17952 I ViewRootImpl@5dcbd2f[PopupWindow:72f6f0e]: [DP] rdf()
06-03 14:32:17.014 17952 17952 D ViewRootImpl@5dcbd2f[PopupWindow:72f6f0e]: reportDrawFinished (fn: -1) 
06-03 14:32:17.016 17952 17952 I ViewRootImpl@5dcbd2f[PopupWindow:72f6f0e]: handleResized, msg = 5 frames=ClientWindowFrames{frame=[555,111][1070,531] display=[-10000,-10000][10000,10000] backdrop=[0,0][515,420]} forceNextWindowRelayout=false displayId=0 frameChanged=false backdropFrameChanged=true configChanged=false displayChanged=false mNextDrawUseBlastSync=false mergedConfiguration={mGlobalConfig={0.9 250mcc11mnc [en_US,ru_RU] ldltr sw411dp w411dp h819dp 420dpi nrml long hdr widecg port night finger -keyb/v/h -nav/h winConfig={ mBounds=Rect(0, 0 - 1080, 2280) mAppBounds=Rect(0, 90 - 1080, 2241) mMaxBounds=Rect(0, 0 - 1080, 2280) mWindowingMode=fullscreen mDisplayWindowingMode=fullscreen mActivityType=undefined mAlwaysOnTop=undefined mRotation=ROTATION_0 mPopOver=off mFreeformTaskPinningState=unpinned} s.35618 fontWeightAdjustment=0 ff=0 bf=1 bts=0 desktop/d dm/n dc/d ?dcui ?dcaf enb/d themeSeq=0} mOverrideConfig={0.9 250mcc11mnc [en_US,ru_RU] ldltr sw411dp w411dp h819dp 420dpi nrml long hdr widecg port night finger -keyb/v/h -nav/h winConfig={ mBounds=Rect(0, 0 - 1080, 2280) mAppBounds=Rect(0, 90 - 1080, 2241) mMaxBounds=Rect(0, 0 - 1080, 2280) mWindowingMode=fullscreen mDisplayWindowingMode=fullscreen mActivityType=standard mAlwaysOnTop=undefined mRotation=ROTATION_0 mPopOver=off mFreeformTaskPinningState=unpinned} s.4 fontWeightAdjustment=0 ff=0 bf=1 bts=0 desktop/d dm/n dc/d ?dcui ?dcaf enb/d themeSeq=0}}
06-03 14:32:17.016 17952 17952 I ViewRootImpl@5dcbd2f[PopupWindow:72f6f0e]: [DP] dp(1) 0 android.view.ViewRootImpl.reportNextDraw:11387 android.view.ViewRootImpl.handleResized:2222 android.view.ViewRootImpl.access$1200:294 
06-03 14:32:17.026 17952 17952 I ViewRootImpl@5dcbd2f[PopupWindow:72f6f0e]: [DP] pdf(0) 0 android.view.ViewRootImpl.lambda$addFrameCompleteCallbackIfNeeded$3$ViewRootImpl:4987 android.view.ViewRootImpl$$ExternalSyntheticLambda16.run:6 android.os.Handler.handleCallback:938 
06-03 14:32:17.026 17952 17952 I ViewRootImpl@5dcbd2f[PopupWindow:72f6f0e]: [DP] rdf()
06-03 14:32:17.026 17952 17952 D ViewRootImpl@5dcbd2f[PopupWindow:72f6f0e]: reportDrawFinished (fn: -1) 
06-03 14:32:17.026 17952 17952 I ViewRootImpl@e4d9b38[SettingsActivity]: MSG_WINDOW_FOCUS_CHANGED 0 1
06-03 14:32:17.027 17952 17952 I ViewRootImpl@5dcbd2f[PopupWindow:72f6f0e]: MSG_WINDOW_FOCUS_CHANGED 1 1
06-03 14:32:19.443 17952 17952 I ViewRootImpl@5dcbd2f[PopupWindow:72f6f0e]: ViewPostIme pointer 0
06-03 14:32:19.468 17952 17952 I ViewRootImpl@5dcbd2f[PopupWindow:72f6f0e]: Relayout returned: old=(555,111,1070,531) new=(555,111,1070,531) req=(515,420)0 dur=10 res=0x1 s={true 484965693488} ch=false fn=17
06-03 14:32:19.481 17952 17952 I ViewRootImpl@5dcbd2f[PopupWindow:72f6f0e]: ViewPostIme pointer 1
06-03 14:32:19.494 17952 17952 I ViewRootImpl@5dcbd2f[PopupWindow:72f6f0e]: MSG_WINDOW_FOCUS_CHANGED 0 1
06-03 14:32:19.495 17952 17952 I ViewRootImpl@e4d9b38[SettingsActivity]: MSG_WINDOW_FOCUS_CHANGED 1 1
06-03 14:32:19.495 17952 17952 D InputMethodManager: startInputInner - Id : 0
06-03 14:32:19.495 17952 17952 I InputMethodManager: startInputInner - mService.startInputOrWindowGainedFocus
06-03 14:32:19.776 17952 18005 D OpenGLRenderer: setSurface called with nullptr
06-03 14:32:19.776 17952 18005 D OpenGLRenderer: setSurface() destroyed EGLSurface
06-03 14:32:19.776 17952 18005 D OpenGLRenderer: destroyEglSurface
06-03 14:32:19.777 17952 17952 I ViewRootImpl@5dcbd2f[PopupWindow:72f6f0e]: dispatchDetachedFromWindow
06-03 14:32:19.782 17952 17952 D InputTransport: Input channel destroyed: 'd457755', fd=89
06-03 14:32:19.998 17952 17952 I ViewRootImpl@e4d9b38[SettingsActivity]: ViewPostIme pointer 0
06-03 14:32:19.998 17952 17952 I MSHandlerLifeCycle: isMultiSplitHandlerRequested: windowingMode=1 isFullscreen=true isPopOver=false isHidden=false skipActivityType=false isHandlerType=true this: DecorView@29053bb[SettingsActivity]
06-03 14:32:20.025 17952 17952 I MSHandlerLifeCycle: isMultiSplitHandlerRequested: windowingMode=1 isFullscreen=true isPopOver=false isHidden=false skipActivityType=false isHandlerType=true this: DecorView@29053bb[SettingsActivity]
06-03 14:32:20.030 17952 17952 I MSHandlerLifeCycle: isMultiSplitHandlerRequested: windowingMode=1 isFullscreen=true isPopOver=false isHidden=false skipActivityType=false isHandlerType=true this: DecorView@29053bb[SettingsActivity]
06-03 14:32:20.030 17952 17952 I ViewRootImpl@e4d9b38[SettingsActivity]: ViewPostIme pointer 1
06-03 14:32:20.030 17952 17952 I MSHandlerLifeCycle: isMultiSplitHandlerRequested: windowingMode=1 isFullscreen=true isPopOver=false isHidden=false skipActivityType=false isHandlerType=true this: DecorView@29053bb[SettingsActivity]
06-03 14:32:20.048 17952 17952 D ScrollView: initGoToTop
06-03 14:32:20.055 17952 17952 I Dialog  : mIsDeviceDefault = false, mIsSamsungBasicInteraction = false, isMetaDataInActivity = false
06-03 14:32:20.057 17952 17952 I DecorView: [INFO] isPopOver=false, config=false
06-03 14:32:20.057 17952 17952 I DecorView: updateCaptionType >> DecorView@d61ed1e[], isFloating=true, isApplication=true, hasWindowControllerCallback=false, hasWindowDecorCaption=false
06-03 14:32:20.057 17952 17952 D DecorView: setCaptionType = 0, this = DecorView@d61ed1e[]
06-03 14:32:20.064 17952 17952 D ScrollView: initGoToTop
06-03 14:32:20.070 17952 17952 D InsetsController: show(ime(), fromIme=false)
06-03 14:32:20.070 17952 17952 I IMM_LC  : requestImeShow
06-03 14:32:20.080 17952 17952 I ViewRootImpl@491cee7[SettingsActivity]: setView = com.android.internal.policy.DecorView@d61ed1e TM=true
06-03 14:32:20.092 17952 17952 I ViewRootImpl@491cee7[SettingsActivity]: Relayout returned: old=(0,90,1080,2241) new=(28,941,1052,1390) req=(1024,449)0 dur=5 res=0x7 s={true 484965693488} ch=true fn=-1
06-03 14:32:20.092 17952 18005 D OpenGLRenderer: eglCreateWindowSurface
06-03 14:32:20.093 17952 17952 D ScrollView:  onsize change changed 
06-03 14:32:20.093 17952 17952 D ScrollView:  onsize change changed 
06-03 14:32:20.094 17952 17952 I ViewRootImpl@491cee7[SettingsActivity]: [DP] dp(1) 1 android.view.ViewRootImpl.reportNextDraw:11387 android.view.ViewRootImpl.performTraversals:4185 android.view.ViewRootImpl.doTraversal:2911 
06-03 14:32:20.100 17952 17952 I ViewRootImpl@491cee7[SettingsActivity]: [DP] pdf(0) 1 android.view.ViewRootImpl.lambda$addFrameCompleteCallbackIfNeeded$3$ViewRootImpl:4987 android.view.ViewRootImpl$$ExternalSyntheticLambda16.run:6 android.os.Handler.handleCallback:938 
06-03 14:32:20.100 17952 17952 I ViewRootImpl@491cee7[SettingsActivity]: [DP] rdf()
06-03 14:32:20.100 17952 17952 D ViewRootImpl@491cee7[SettingsActivity]: reportDrawFinished (fn: -1) 
06-03 14:32:20.106 17952 17952 I AssistStructure: Flattened final assist data: 3360 bytes, containing 2 windows, 26 views
06-03 14:32:20.110 17952 17952 I ViewRootImpl@e4d9b38[SettingsActivity]: MSG_WINDOW_FOCUS_CHANGED 0 1
06-03 14:32:20.111 17952 17952 I ViewRootImpl@491cee7[SettingsActivity]: MSG_WINDOW_FOCUS_CHANGED 1 1
06-03 14:32:20.112 17952 17952 D InputMethodManager: startInputInner - Id : 0
06-03 14:32:20.112 17952 17952 I InputMethodManager: startInputInner - mService.startInputOrWindowGainedFocus
06-03 14:32:20.126 17952 17952 I IMM_LC  : requestImeShow
06-03 14:32:20.126 17952 17952 I IMM_LC  : ssi() - flag : 0 view : io.github.romanvht.byedpi reason = SHOW_SOFT_INPUT_BY_INSETS_API
06-03 14:32:20.187 17952 17952 D InsetsController: show(ime(), fromIme=true)
06-03 14:32:20.187 17952 17952 D InsetsSourceConsumer: setRequestedVisible: visible=true, type=19, host=io.github.romanvht.byedpi/io.github.romanvht.byedpi.activities.SettingsActivity, from=android.view.InsetsSourceConsumer.show:235 android.view.InsetsController.showDirectly:1489 android.view.InsetsController.controlAnimationUnchecked:1137 android.view.InsetsController.show:942 android.view.ViewRootImpl$ViewRootHandler.handleMessageImpl:6470 android.view.ViewRootImpl$ViewRootHandler.handleMessage:6395 android.os.Handler.dispatchMessage:106 android.os.Looper.loopOnce:226 android.os.Looper.loop:313 android.app.ActivityThread.main:8663 
06-03 14:32:24.262 17952 17952 I ViewRootImpl@491cee7[SettingsActivity]: ViewPostIme pointer 0
06-03 14:32:24.262 17952 17952 I MSHandlerLifeCycle: isMultiSplitHandlerRequested: ignored. pkg=io.github.romanvht.byedpi isActivity=false callers=com.android.internal.policy.DecorView.hasMultiSplitHandlerInNonFreeformMode:890 com.android.internal.policy.DecorView.dispatchTouchEvent:930 android.view.View.dispatchPointerEvent:15335 android.view.ViewRootImpl$ViewPostImeInputStage.processPointerEvent:7807 android.view.ViewRootImpl$ViewPostImeInputStage.onProcess:7580 
06-03 14:32:24.262 17952 17952 I MSHandlerLifeCycle: isMultiSplitHandlerRequested: windowingMode=1 isFullscreen=true isPopOver=false isHidden=false skipActivityType=false isHandlerType=true this: DecorView@29053bb[SettingsActivity]
06-03 14:32:24.296 17952 17952 I MSHandlerLifeCycle: isMultiSplitHandlerRequested: ignored. pkg=io.github.romanvht.byedpi isActivity=false callers=com.android.internal.policy.DecorView.hasMultiSplitHandlerInNonFreeformMode:890 com.android.internal.policy.DecorView.dispatchTouchEvent:930 android.view.View.dispatchPointerEvent:15335 android.view.ViewRootImpl$ViewPostImeInputStage.processPointerEvent:7807 android.view.ViewRootImpl$ViewPostImeInputStage.onProcess:7580 
06-03 14:32:24.296 17952 17952 I MSHandlerLifeCycle: isMultiSplitHandlerRequested: windowingMode=1 isFullscreen=true isPopOver=false isHidden=false skipActivityType=false isHandlerType=true this: DecorView@29053bb[SettingsActivity]
06-03 14:32:24.313 17952 17952 I MSHandlerLifeCycle: isMultiSplitHandlerRequested: ignored. pkg=io.github.romanvht.byedpi isActivity=false callers=com.android.internal.policy.DecorView.hasMultiSplitHandlerInNonFreeformMode:890 com.android.internal.policy.DecorView.dispatchTouchEvent:930 android.view.View.dispatchPointerEvent:15335 android.view.ViewRootImpl$ViewPostImeInputStage.processPointerEvent:7807 android.view.ViewRootImpl$ViewPostImeInputStage.onProcess:7580 
06-03 14:32:24.313 17952 17952 I MSHandlerLifeCycle: isMultiSplitHandlerRequested: windowingMode=1 isFullscreen=true isPopOver=false isHidden=false skipActivityType=false isHandlerType=true this: DecorView@29053bb[SettingsActivity]
06-03 14:32:24.330 17952 17952 I MSHandlerLifeCycle: isMultiSplitHandlerRequested: ignored. pkg=io.github.romanvht.byedpi isActivity=false callers=com.android.internal.policy.DecorView.hasMultiSplitHandlerInNonFreeformMode:890 com.android.internal.policy.DecorView.dispatchTouchEvent:930 android.view.View.dispatchPointerEvent:15335 android.view.ViewRootImpl$ViewPostImeInputStage.processPointerEvent:7807 android.view.ViewRootImpl$ViewPostImeInputStage.onProcess:7580 
06-03 14:32:24.330 17952 17952 I MSHandlerLifeCycle: isMultiSplitHandlerRequested: windowingMode=1 isFullscreen=true isPopOver=false isHidden=false skipActivityType=false isHandlerType=true this: DecorView@29053bb[SettingsActivity]
06-03 14:32:24.346 17952 17952 I MSHandlerLifeCycle: isMultiSplitHandlerRequested: ignored. pkg=io.github.romanvht.byedpi isActivity=false callers=com.android.internal.policy.DecorView.hasMultiSplitHandlerInNonFreeformMode:890 com.android.internal.policy.DecorView.dispatchTouchEvent:930 android.view.View.dispatchPointerEvent:15335 android.view.ViewRootImpl$ViewPostImeInputStage.processPointerEvent:7807 android.view.ViewRootImpl$ViewPostImeInputStage.onProcess:7580 
06-03 14:32:24.347 17952 17952 I MSHandlerLifeCycle: isMultiSplitHandlerRequested: windowingMode=1 isFullscreen=true isPopOver=false isHidden=false skipActivityType=false isHandlerType=true this: DecorView@29053bb[SettingsActivity]
06-03 14:32:24.380 17952 17952 I MSHandlerLifeCycle: isMultiSplitHandlerRequested: ignored. pkg=io.github.romanvht.byedpi isActivity=false callers=com.android.internal.policy.DecorView.hasMultiSplitHandlerInNonFreeformMode:890 com.android.internal.policy.DecorView.dispatchTouchEvent:930 android.view.View.dispatchPointerEvent:15335 android.view.ViewRootImpl$ViewPostImeInputStage.processPointerEvent:7807 android.view.ViewRootImpl$ViewPostImeInputStage.onProcess:7580 
06-03 14:32:24.380 17952 17952 I MSHandlerLifeCycle: isMultiSplitHandlerRequested: windowingMode=1 isFullscreen=true isPopOver=false isHidden=false skipActivityType=false isHandlerType=true this: DecorView@29053bb[SettingsActivity]
06-03 14:32:24.412 17952 17952 I MSHandlerLifeCycle: isMultiSplitHandlerRequested: ignored. pkg=io.github.romanvht.byedpi isActivity=false callers=com.android.internal.policy.DecorView.hasMultiSplitHandlerInNonFreeformMode:890 com.android.internal.policy.DecorView.dispatchTouchEvent:930 android.view.View.dispatchPointerEvent:15335 android.view.ViewRootImpl$ViewPostImeInputStage.processPointerEvent:7807 android.view.ViewRootImpl$ViewPostImeInputStage.onProcess:7580 
06-03 14:32:24.412 17952 17952 I MSHandlerLifeCycle: isMultiSplitHandlerRequested: windowingMode=1 isFullscreen=true isPopOver=false isHidden=false skipActivityType=false isHandlerType=true this: DecorView@29053bb[SettingsActivity]
06-03 14:32:24.447 17952 17952 I MSHandlerLifeCycle: isMultiSplitHandlerRequested: ignored. pkg=io.github.romanvht.byedpi isActivity=false callers=com.android.internal.policy.DecorView.hasMultiSplitHandlerInNonFreeformMode:890 com.android.internal.policy.DecorView.dispatchTouchEvent:930 android.view.View.dispatchPointerEvent:15335 android.view.ViewRootImpl$ViewPostImeInputStage.processPointerEvent:7807 android.view.ViewRootImpl$ViewPostImeInputStage.onProcess:7580 
06-03 14:32:24.447 17952 17952 I MSHandlerLifeCycle: isMultiSplitHandlerRequested: windowingMode=1 isFullscreen=true isPopOver=false isHidden=false skipActivityType=false isHandlerType=true this: DecorView@29053bb[SettingsActivity]
06-03 14:32:24.480 17952 17952 I MSHandlerLifeCycle: isMultiSplitHandlerRequested: ignored. pkg=io.github.romanvht.byedpi isActivity=false callers=com.android.internal.policy.DecorView.hasMultiSplitHandlerInNonFreeformMode:890 com.android.internal.policy.DecorView.dispatchTouchEvent:930 android.view.View.dispatchPointerEvent:15335 android.view.ViewRootImpl$ViewPostImeInputStage.processPointerEvent:7807 android.view.ViewRootImpl$ViewPostImeInputStage.onProcess:7580 
06-03 14:32:24.480 17952 17952 I MSHandlerLifeCycle: isMultiSplitHandlerRequested: windowingMode=1 isFullscreen=true isPopOver=false isHidden=false skipActivityType=false isHandlerType=true this: DecorView@29053bb[SettingsActivity]
06-03 14:32:24.513 17952 17952 I MSHandlerLifeCycle: isMultiSplitHandlerRequested: ignored. pkg=io.github.romanvht.byedpi isActivity=false callers=com.android.internal.policy.DecorView.hasMultiSplitHandlerInNonFreeformMode:890 com.android.internal.policy.DecorView.dispatchTouchEvent:930 android.view.View.dispatchPointerEvent:15335 android.view.ViewRootImpl$ViewPostImeInputStage.processPointerEvent:7807 android.view.ViewRootImpl$ViewPostImeInputStage.onProcess:7580 
06-03 14:32:24.513 17952 17952 I MSHandlerLifeCycle: isMultiSplitHandlerRequested: windowingMode=1 isFullscreen=true isPopOver=false isHidden=false skipActivityType=false isHandlerType=true this: DecorView@29053bb[SettingsActivity]
06-03 14:32:24.664 17952 17952 I MSHandlerLifeCycle: isMultiSplitHandlerRequested: ignored. pkg=io.github.romanvht.byedpi isActivity=false callers=com.android.internal.policy.DecorView.hasMultiSplitHandlerInNonFreeformMode:890 com.android.internal.policy.DecorView.dispatchTouchEvent:930 android.view.View.dispatchPointerEvent:15335 android.view.ViewRootImpl$ViewPostImeInputStage.processPointerEvent:7807 android.view.ViewRootImpl$ViewPostImeInputStage.onProcess:7580 
06-03 14:32:24.664 17952 17952 I MSHandlerLifeCycle: isMultiSplitHandlerRequested: windowingMode=1 isFullscreen=true isPopOver=false isHidden=false skipActivityType=false isHandlerType=true this: DecorView@29053bb[SettingsActivity]
06-03 14:32:24.747 17952 17952 I MSHandlerLifeCycle: isMultiSplitHandlerRequested: ignored. pkg=io.github.romanvht.byedpi isActivity=false callers=com.android.internal.policy.DecorView.hasMultiSplitHandlerInNonFreeformMode:890 com.android.internal.policy.DecorView.dispatchTouchEvent:930 android.view.View.dispatchPointerEvent:15335 android.view.ViewRootImpl$ViewPostImeInputStage.processPointerEvent:7807 android.view.ViewRootImpl$ViewPostImeInputStage.onProcess:7580 
06-03 14:32:24.747 17952 17952 I MSHandlerLifeCycle: isMultiSplitHandlerRequested: windowingMode=1 isFullscreen=true isPopOver=false isHidden=false skipActivityType=false isHandlerType=true this: DecorView@29053bb[SettingsActivity]
06-03 14:32:24.881 17952 17952 I MSHandlerLifeCycle: isMultiSplitHandlerRequested: ignored. pkg=io.github.romanvht.byedpi isActivity=false callers=com.android.internal.policy.DecorView.hasMultiSplitHandlerInNonFreeformMode:890 com.android.internal.policy.DecorView.dispatchTouchEvent:930 android.view.View.dispatchPointerEvent:15335 android.view.ViewRootImpl$ViewPostImeInputStage.processPointerEvent:7807 android.view.ViewRootImpl$ViewPostImeInputStage.onProcess:7580 
06-03 14:32:24.881 17952 17952 I MSHandlerLifeCycle: isMultiSplitHandlerRequested: windowingMode=1 isFullscreen=true isPopOver=false isHidden=false skipActivityType=false isHandlerType=true this: DecorView@29053bb[SettingsActivity]
06-03 14:32:24.948 17952 17952 I MSHandlerLifeCycle: isMultiSplitHandlerRequested: ignored. pkg=io.github.romanvht.byedpi isActivity=false callers=com.android.internal.policy.DecorView.hasMultiSplitHandlerInNonFreeformMode:890 com.android.internal.policy.DecorView.dispatchTouchEvent:930 android.view.View.dispatchPointerEvent:15335 android.view.ViewRootImpl$ViewPostImeInputStage.processPointerEvent:7807 android.view.ViewRootImpl$ViewPostImeInputStage.onProcess:7580 
06-03 14:32:24.948 17952 17952 I MSHandlerLifeCycle: isMultiSplitHandlerRequested: windowingMode=1 isFullscreen=true isPopOver=false isHidden=false skipActivityType=false isHandlerType=true this: DecorView@29053bb[SettingsActivity]
06-03 14:32:24.981 17952 17952 I MSHandlerLifeCycle: isMultiSplitHandlerRequested: ignored. pkg=io.github.romanvht.byedpi isActivity=false callers=com.android.internal.policy.DecorView.hasMultiSplitHandlerInNonFreeformMode:890 com.android.internal.policy.DecorView.dispatchTouchEvent:930 android.view.View.dispatchPointerEvent:15335 android.view.ViewRootImpl$ViewPostImeInputStage.processPointerEvent:7807 android.view.ViewRootImpl$ViewPostImeInputStage.onProcess:7580 
06-03 14:32:24.981 17952 17952 I MSHandlerLifeCycle: isMultiSplitHandlerRequested: windowingMode=1 isFullscreen=true isPopOver=false isHidden=false skipActivityType=false isHandlerType=true this: DecorView@29053bb[SettingsActivity]
06-03 14:32:24.985 17952 17952 I ViewRootImpl@491cee7[SettingsActivity]: ViewPostIme pointer 1
06-03 14:32:24.985 17952 17952 I MSHandlerLifeCycle: isMultiSplitHandlerRequested: ignored. pkg=io.github.romanvht.byedpi isActivity=false callers=com.android.internal.policy.DecorView.hasMultiSplitHandlerInNonFreeformMode:890 com.android.internal.policy.DecorView.dispatchTouchEvent:930 android.view.View.dispatchPointerEvent:15335 android.view.ViewRootImpl$ViewPostImeInputStage.processPointerEvent:7807 android.view.ViewRootImpl$ViewPostImeInputStage.onProcess:7580 
06-03 14:32:24.985 17952 17952 I MSHandlerLifeCycle: isMultiSplitHandlerRequested: windowingMode=1 isFullscreen=true isPopOver=false isHidden=false skipActivityType=false isHandlerType=true this: DecorView@29053bb[SettingsActivity]
06-03 14:32:25.011 17952 17952 D TextView: defaultIME is not com.samsung.android.honeyboard/.service.HoneyBoardService
06-03 14:32:25.045 17952 17963 D InputTransport: Input channel destroyed: 'ClientS', fd=127
06-03 14:32:25.046 17952 17963 D InputTransport: Input channel destroyed: 'ClientS', fd=94
06-03 14:32:25.046 17952 18005 D OpenGLRenderer: setSurface called with nullptr
06-03 14:32:25.047 17952 17963 D InputTransport: Input channel destroyed: 'ClientS', fd=86
06-03 14:32:25.056 17952 17952 I ViewRootImpl@e7487b3[PopupWindow:35d8122]: setView = android.widget.PopupWindow$PopupDecorView@5768d6e TM=true
06-03 14:32:25.074 17952 17952 I ViewRootImpl@268eea5[PopupWindow:e2c449c]: setView = android.widget.PopupWindow$PopupDecorView@1070e88 TM=true
06-03 14:32:25.094 17952 17952 I ViewRootImpl@8edc46[PopupWindow:b9ed021]: setView = android.widget.PopupWindow$PopupDecorView@3f74d5d TM=true
06-03 14:32:25.114 17952 17978 I ViewRootImpl@e7487b3[PopupWindow:35d8122]: Resizing android.view.ViewRootImpl@ccc76d2: frame=[0,406][698,828] reportDraw=true forceLayout=false backDropFrame=Rect(0, 0 - 698, 422)
06-03 14:32:25.122 17952 17952 I ViewRootImpl@e7487b3[PopupWindow:35d8122]: Relayout returned: old=(0,90,1080,2241) new=(0,406,698,828) req=(698,422)0 dur=22 res=0x7 s={true 484965719648} ch=true fn=-1
06-03 14:32:25.123 17952 18005 D OpenGLRenderer: eglCreateWindowSurface
06-03 14:32:25.124 17952 17952 D AbsListView:  in onLayout changed 
06-03 14:32:25.125 17952 17952 I ViewRootImpl@e7487b3[PopupWindow:35d8122]: [DP] dp(1) 0 android.view.ViewRootImpl.reportNextDraw:11387 android.view.ViewRootImpl.performTraversals:4185 android.view.ViewRootImpl.doTraversal:2911 
06-03 14:32:25.130 17952 17952 I ViewRootImpl@e7487b3[PopupWindow:35d8122]: [DP] pdf(0) 0 android.view.ViewRootImpl.lambda$addFrameCompleteCallbackIfNeeded$3$ViewRootImpl:4987 android.view.ViewRootImpl$$ExternalSyntheticLambda16.run:6 android.os.Handler.handleCallback:938 
06-03 14:32:25.130 17952 17952 I ViewRootImpl@e7487b3[PopupWindow:35d8122]: [DP] rdf()
06-03 14:32:25.130 17952 17952 D ViewRootImpl@e7487b3[PopupWindow:35d8122]: reportDrawFinished (fn: -1) 
06-03 14:32:25.144 17952 18048 I ViewRootImpl@268eea5[PopupWindow:e2c449c]: Resizing android.view.ViewRootImpl@f606259: frame=[53,732][133,827] reportDraw=true forceLayout=false backDropFrame=Rect(0, 0 - 80, 95)
06-03 14:32:25.149 17952 17952 I ViewRootImpl@268eea5[PopupWindow:e2c449c]: Relayout returned: old=(0,90,1080,2241) new=(53,732,133,827) req=(80,95)0 dur=18 res=0x7 s={true 484965771968} ch=true fn=-1
06-03 14:32:25.150 17952 18005 D OpenGLRenderer: eglCreateWindowSurface
06-03 14:32:25.151 17952 17952 I ViewRootImpl@268eea5[PopupWindow:e2c449c]: [DP] dp(1) 0 android.view.ViewRootImpl.reportNextDraw:11387 android.view.ViewRootImpl.performTraversals:4185 android.view.ViewRootImpl.doTraversal:2911 
06-03 14:32:25.165 17952 18048 I ViewRootImpl@8edc46[PopupWindow:b9ed021]: Resizing android.view.ViewRootImpl@3d72e1e: frame=[53,645][133,732] reportDraw=true forceLayout=false backDropFrame=Rect(0, 0 - 80, 87)
06-03 14:32:25.171 17952 17952 I ViewRootImpl@8edc46[PopupWindow:b9ed021]: Relayout returned: old=(0,90,1080,2241) new=(53,645,133,732) req=(80,87)0 dur=12 res=0x7 s={true 484965876608} ch=true fn=-1
06-03 14:32:25.171 17952 18005 D OpenGLRenderer: eglCreateWindowSurface
06-03 14:32:25.174 17952 17952 I ViewRootImpl@8edc46[PopupWindow:b9ed021]: [DP] dp(1) 0 android.view.ViewRootImpl.reportNextDraw:11387 android.view.ViewRootImpl.performTraversals:4185 android.view.ViewRootImpl.doTraversal:2911 
06-03 14:32:25.185 17952 17952 I ViewRootImpl@8edc46[PopupWindow:b9ed021]: [DP] pdf(0) 0 android.view.ViewRootImpl.lambda$addFrameCompleteCallbackIfNeeded$3$ViewRootImpl:4987 android.view.ViewRootImpl$$ExternalSyntheticLambda16.run:6 android.os.Handler.handleCallback:938 
06-03 14:32:25.185 17952 17952 I ViewRootImpl@8edc46[PopupWindow:b9ed021]: [DP] rdf()
06-03 14:32:25.185 17952 17952 D ViewRootImpl@8edc46[PopupWindow:b9ed021]: reportDrawFinished (fn: -1) 
06-03 14:32:25.185 17952 17952 I ViewRootImpl@268eea5[PopupWindow:e2c449c]: [DP] pdf(0) 0 android.view.ViewRootImpl.lambda$addFrameCompleteCallbackIfNeeded$3$ViewRootImpl:4987 android.view.ViewRootImpl$$ExternalSyntheticLambda16.run:6 android.os.Handler.handleCallback:938 
06-03 14:32:25.185 17952 17952 I ViewRootImpl@268eea5[PopupWindow:e2c449c]: [DP] rdf()
06-03 14:32:25.185 17952 17952 D ViewRootImpl@268eea5[PopupWindow:e2c449c]: reportDrawFinished (fn: -1) 
06-03 14:32:25.187 17952 17952 I ViewRootImpl@e7487b3[PopupWindow:35d8122]: handleResized, msg = 5 frames=ClientWindowFrames{frame=[0,406][698,828] display=[-10000,-10000][10000,10000] backdrop=[0,0][698,422]} forceNextWindowRelayout=false displayId=0 frameChanged=false backdropFrameChanged=true configChanged=false displayChanged=false mNextDrawUseBlastSync=false mergedConfiguration={mGlobalConfig={0.9 250mcc11mnc [en_US,ru_RU] ldltr sw411dp w411dp h819dp 420dpi nrml long hdr widecg port night finger -keyb/v/h -nav/h winConfig={ mBounds=Rect(0, 0 - 1080, 2280) mAppBounds=Rect(0, 90 - 1080, 2241) mMaxBounds=Rect(0, 0 - 1080, 2280) mWindowingMode=fullscreen mDisplayWindowingMode=fullscreen mActivityType=undefined mAlwaysOnTop=undefined mRotation=ROTATION_0 mPopOver=off mFreeformTaskPinningState=unpinned} s.35618 fontWeightAdjustment=0 ff=0 bf=1 bts=0 desktop/d dm/n dc/d ?dcui ?dcaf enb/d themeSeq=0} mOverrideConfig={0.9 250mcc11mnc [en_US,ru_RU] ldltr sw411dp w411dp h819dp 420dpi nrml long hdr widecg port night finger -keyb/v/h -nav/h winConfig={ mBounds=Rect(0, 0 - 1080, 2280) mAppBounds=Rect(0, 90 - 1080, 2241) mMaxBounds=Rect(0, 0 - 1080, 2280) mWindowingMode=fullscreen mDisplayWindowingMode=fullscreen mActivityType=standard mAlwaysOnTop=undefined mRotation=ROTATION_0 mPopOver=off mFreeformTaskPinningState=unpinned} s.4 fontWeightAdjustment=0 ff=0 bf=1 bts=0 desktop/d dm/n dc/d ?dcui ?dcaf enb/d themeSeq=0}}
06-03 14:32:25.187 17952 17952 I ViewRootImpl@e7487b3[PopupWindow:35d8122]: [DP] dp(1) 0 android.view.ViewRootImpl.reportNextDraw:11387 android.view.ViewRootImpl.handleResized:2222 android.view.ViewRootImpl.access$1200:294 
06-03 14:32:25.187 17952 17952 I ViewRootImpl@268eea5[PopupWindow:e2c449c]: handleResized, msg = 5 frames=ClientWindowFrames{frame=[53,732][133,827] display=[-10000,-10000][10000,10000] backdrop=[0,0][80,95]} forceNextWindowRelayout=false displayId=0 frameChanged=false backdropFrameChanged=true configChanged=false displayChanged=false mNextDrawUseBlastSync=false mergedConfiguration={mGlobalConfig={0.9 250mcc11mnc [en_US,ru_RU] ldltr sw411dp w411dp h819dp 420dpi nrml long hdr widecg port night finger -keyb/v/h -nav/h winConfig={ mBounds=Rect(0, 0 - 1080, 2280) mAppBounds=Rect(0, 90 - 1080, 2241) mMaxBounds=Rect(0, 0 - 1080, 2280) mWindowingMode=fullscreen mDisplayWindowingMode=fullscreen mActivityType=undefined mAlwaysOnTop=undefined mRotation=ROTATION_0 mPopOver=off mFreeformTaskPinningState=unpinned} s.35618 fontWeightAdjustment=0 ff=0 bf=1 bts=0 desktop/d dm/n dc/d ?dcui ?dcaf enb/d themeSeq=0} mOverrideConfig={0.9 250mcc11mnc [en_US,ru_RU] ldltr sw411dp w411dp h819dp 420dpi nrml long hdr widecg port night finger -keyb/v/h -nav/h winConfig={ mBounds=Rect(0, 0 - 1080, 2280) mAppBounds=Rect(0, 90 - 1080, 2241) mMaxBounds=Rect(0, 0 - 1080, 2280) mWindowingMode=fullscreen mDisplayWindowingMode=fullscreen mActivityType=standard mAlwaysOnTop=undefined mRotation=ROTATION_0 mPopOver=off mFreeformTaskPinningState=unpinned} s.4 fontWeightAdjustment=0 ff=0 bf=1 bts=0 desktop/d dm/n dc/d ?dcui ?dcaf enb/d themeSeq=0}}
06-03 14:32:25.187 17952 17952 I ViewRootImpl@268eea5[PopupWindow:e2c449c]: [DP] dp(1) 0 android.view.ViewRootImpl.reportNextDraw:11387 android.view.ViewRootImpl.handleResized:2222 android.view.ViewRootImpl.access$1200:294 
06-03 14:32:25.194 17952 17952 I ViewRootImpl@e7487b3[PopupWindow:35d8122]: [DP] pdf(0) 0 android.view.ViewRootImpl.lambda$addFrameCompleteCallbackIfNeeded$3$ViewRootImpl:4987 android.view.ViewRootImpl$$ExternalSyntheticLambda16.run:6 android.os.Handler.handleCallback:938 
06-03 14:32:25.194 17952 17952 I ViewRootImpl@e7487b3[PopupWindow:35d8122]: [DP] rdf()
06-03 14:32:25.194 17952 17952 D ViewRootImpl@e7487b3[PopupWindow:35d8122]: reportDrawFinished (fn: -1) 
06-03 14:32:25.196 17952 17952 I ViewRootImpl@268eea5[PopupWindow:e2c449c]: [DP] pdf(0) 0 android.view.ViewRootImpl.lambda$addFrameCompleteCallbackIfNeeded$3$ViewRootImpl:4987 android.view.ViewRootImpl$$ExternalSyntheticLambda16.run:6 android.os.Handler.handleCallback:938 
06-03 14:32:25.196 17952 17952 I ViewRootImpl@268eea5[PopupWindow:e2c449c]: [DP] rdf()
06-03 14:32:25.196 17952 17952 D ViewRootImpl@268eea5[PopupWindow:e2c449c]: reportDrawFinished (fn: -1) 
06-03 14:32:25.197 17952 17952 I ViewRootImpl@8edc46[PopupWindow:b9ed021]: handleResized, msg = 5 frames=ClientWindowFrames{frame=[53,645][133,732] display=[-10000,-10000][10000,10000] backdrop=[0,0][80,87]} forceNextWindowRelayout=false displayId=0 frameChanged=false backdropFrameChanged=true configChanged=false displayChanged=false mNextDrawUseBlastSync=false mergedConfiguration={mGlobalConfig={0.9 250mcc11mnc [en_US,ru_RU] ldltr sw411dp w411dp h819dp 420dpi nrml long hdr widecg port night finger -keyb/v/h -nav/h winConfig={ mBounds=Rect(0, 0 - 1080, 2280) mAppBounds=Rect(0, 90 - 1080, 2241) mMaxBounds=Rect(0, 0 - 1080, 2280) mWindowingMode=fullscreen mDisplayWindowingMode=fullscreen mActivityType=undefined mAlwaysOnTop=undefined mRotation=ROTATION_0 mPopOver=off mFreeformTaskPinningState=unpinned} s.35618 fontWeightAdjustment=0 ff=0 bf=1 bts=0 desktop/d dm/n dc/d ?dcui ?dcaf enb/d themeSeq=0} mOverrideConfig={0.9 250mcc11mnc [en_US,ru_RU] ldltr sw411dp w411dp h819dp 420dpi nrml long hdr widecg port night finger -keyb/v/h -nav/h winConfig={ mBounds=Rect(0, 0 - 1080, 2280) mAppBounds=Rect(0, 90 - 1080, 2241) mMaxBounds=Rect(0, 0 - 1080, 2280) mWindowingMode=fullscreen mDisplayWindowingMode=fullscreen mActivityType=standard mAlwaysOnTop=undefined mRotation=ROTATION_0 mPopOver=off mFreeformTaskPinningState=unpinned} s.4 fontWeightAdjustment=0 ff=0 bf=1 bts=0 desktop/d dm/n dc/d ?dcui ?dcaf enb/d themeSeq=0}}
06-03 14:32:25.197 17952 17952 I ViewRootImpl@8edc46[PopupWindow:b9ed021]: [DP] dp(1) 0 android.view.ViewRootImpl.reportNextDraw:11387 android.view.ViewRootImpl.handleResized:2222 android.view.ViewRootImpl.access$1200:294 
06-03 14:32:25.202 17952 17952 I ViewRootImpl@8edc46[PopupWindow:b9ed021]: [DP] pdf(0) 0 android.view.ViewRootImpl.lambda$addFrameCompleteCallbackIfNeeded$3$ViewRootImpl:4987 android.view.ViewRootImpl$$ExternalSyntheticLambda16.run:6 android.os.Handler.handleCallback:938 
06-03 14:32:25.202 17952 17952 I ViewRootImpl@8edc46[PopupWindow:b9ed021]: [DP] rdf()
06-03 14:32:25.202 17952 17952 D ViewRootImpl@8edc46[PopupWindow:b9ed021]: reportDrawFinished (fn: -1) 
06-03 14:32:25.672 17952 17952 I ViewRootImpl@491cee7[SettingsActivity]: ViewPostIme pointer 0
06-03 14:32:25.672 17952 17952 I MSHandlerLifeCycle: isMultiSplitHandlerRequested: ignored. pkg=io.github.romanvht.byedpi isActivity=false callers=com.android.internal.policy.DecorView.hasMultiSplitHandlerInNonFreeformMode:890 com.android.internal.policy.DecorView.dispatchTouchEvent:930 android.view.View.dispatchPointerEvent:15335 android.view.ViewRootImpl$ViewPostImeInputStage.processPointerEvent:7807 android.view.ViewRootImpl$ViewPostImeInputStage.onProcess:7580 
06-03 14:32:25.672 17952 17952 I MSHandlerLifeCycle: isMultiSplitHandlerRequested: windowingMode=1 isFullscreen=true isPopOver=false isHidden=false skipActivityType=false isHandlerType=true this: DecorView@29053bb[SettingsActivity]
06-03 14:32:25.697 17952 17952 I MSHandlerLifeCycle: isMultiSplitHandlerRequested: ignored. pkg=io.github.romanvht.byedpi isActivity=false callers=com.android.internal.policy.DecorView.hasMultiSplitHandlerInNonFreeformMode:890 com.android.internal.policy.DecorView.dispatchTouchEvent:930 android.view.View.dispatchPointerEvent:15335 android.view.ViewRootImpl$ViewPostImeInputStage.processPointerEvent:7807 android.view.ViewRootImpl$ViewPostImeInputStage.onProcess:7580 
06-03 14:32:25.698 17952 17952 I MSHandlerLifeCycle: isMultiSplitHandlerRequested: windowingMode=1 isFullscreen=true isPopOver=false isHidden=false skipActivityType=false isHandlerType=true this: DecorView@29053bb[SettingsActivity]
06-03 14:32:25.712 17952 17952 I MSHandlerLifeCycle: isMultiSplitHandlerRequested: ignored. pkg=io.github.romanvht.byedpi isActivity=false callers=com.android.internal.policy.DecorView.hasMultiSplitHandlerInNonFreeformMode:890 com.android.internal.policy.DecorView.dispatchTouchEvent:930 android.view.View.dispatchPointerEvent:15335 android.view.ViewRootImpl$ViewPostImeInputStage.processPointerEvent:7807 android.view.ViewRootImpl$ViewPostImeInputStage.onProcess:7580 
06-03 14:32:25.712 17952 17952 I MSHandlerLifeCycle: isMultiSplitHandlerRequested: windowingMode=1 isFullscreen=true isPopOver=false isHidden=false skipActivityType=false isHandlerType=true this: DecorView@29053bb[SettingsActivity]
06-03 14:32:25.712 17952 17952 I ViewRootImpl@491cee7[SettingsActivity]: ViewPostIme pointer 1
06-03 14:32:25.712 17952 17952 I MSHandlerLifeCycle: isMultiSplitHandlerRequested: ignored. pkg=io.github.romanvht.byedpi isActivity=false callers=com.android.internal.policy.DecorView.hasMultiSplitHandlerInNonFreeformMode:890 com.android.internal.policy.DecorView.dispatchTouchEvent:930 android.view.View.dispatchPointerEvent:15335 android.view.ViewRootImpl$ViewPostImeInputStage.processPointerEvent:7807 android.view.ViewRootImpl$ViewPostImeInputStage.onProcess:7580 
06-03 14:32:25.712 17952 17952 I MSHandlerLifeCycle: isMultiSplitHandlerRequested: windowingMode=1 isFullscreen=true isPopOver=false isHidden=false skipActivityType=false isHandlerType=true this: DecorView@29053bb[SettingsActivity]
06-03 14:32:25.713 17952 17952 D androidtc: Initializing SystemTextClassifier, type = System
06-03 14:32:25.715 17952 17952 I IMM_LC  : showSoftInput(View,I)
06-03 14:32:25.715 17952 17952 I IMM_LC  : ssi() - flag : 0 view : io.github.romanvht.byedpi reason = SHOW_SOFT_INPUT
06-03 14:32:25.717 17952 18005 D OpenGLRenderer: setSurface called with nullptr
06-03 14:32:25.717 17952 18005 D OpenGLRenderer: setSurface() destroyed EGLSurface
06-03 14:32:25.717 17952 18005 D OpenGLRenderer: destroyEglSurface
06-03 14:32:25.719 17952 17952 I ViewRootImpl@e7487b3[PopupWindow:35d8122]: dispatchDetachedFromWindow
06-03 14:32:25.727 17952 17952 D InputTransport: Input channel destroyed: '1ef00a9', fd=87
06-03 14:32:25.734 17952 17952 D InsetsController: show(ime(), fromIme=true)
06-03 14:32:25.817 17952 18005 D OpenGLRenderer: setSurface called with nullptr
06-03 14:32:25.817 17952 18005 D OpenGLRenderer: setSurface() destroyed EGLSurface
06-03 14:32:25.817 17952 18005 D OpenGLRenderer: destroyEglSurface
06-03 14:32:25.817 17952 17952 I ViewRootImpl@268eea5[PopupWindow:e2c449c]: dispatchDetachedFromWindow
06-03 14:32:25.826 17952 17952 D InputTransport: Input channel destroyed: 'c00bb5c', fd=94
06-03 14:32:25.827 17952 18005 D OpenGLRenderer: setSurface called with nullptr
06-03 14:32:25.827 17952 18005 D OpenGLRenderer: setSurface() destroyed EGLSurface
06-03 14:32:25.827 17952 18005 D OpenGLRenderer: destroyEglSurface
06-03 14:32:25.829 17952 17952 I ViewRootImpl@8edc46[PopupWindow:b9ed021]: dispatchDetachedFromWindow
06-03 14:32:25.836 17952 17952 D InputTransport: Input channel destroyed: '90c2feb', fd=115
06-03 14:32:26.363 17952 17952 I ViewRootImpl@491cee7[SettingsActivity]: ViewPostIme pointer 0
