06-03 14:33:07.544 17952 17952 I MSHandlerLifeCycle: isMultiSplitHandlerRequested: windowingMode=1 isFullscreen=true isPopOver=false isHidden=false skipActivityType=false isHandlerType=true this: DecorView@b4a913f[SettingsActivity]
06-03 14:33:07.544 17952 17952 I MSHandlerLifeCycle: removeMultiSplitHandler: no exist. decor=DecorView@b4a913f[SettingsActivity]
06-03 14:33:07.545 17952 17952 I MSHandlerLifeCycle: removeMultiSplitHandler: no exist. decor=DecorView@b4a913f[SettingsActivity]
06-03 14:33:07.545 17952 18005 D OpenGLRenderer: setSurface called with nullptr
06-03 14:33:07.545 17952 17952 I ViewRootImpl@c16ca3b[SettingsActivity]: dispatchDetachedFromWindow
06-03 14:33:07.549 17952 17952 D InputTransport: Input channel destroyed: '1a69a6 ', fd=118
06-03 14:33:07.862 17952 17952 I ViewRootImpl@9fadccb[MainActivity]: ViewPostIme pointer 0
06-03 14:33:07.862 17952 17952 I MSHandlerLifeCycle: isMultiSplitHandlerRequested: windowingMode=1 isFullscreen=true isPopOver=false isHidden=false skipActivityType=false isHandlerType=true this: DecorView@1ef82c[MainActivity]
06-03 14:33:07.874 17952 17952 I MSHandlerLifeCycle: isMultiSplitHandlerRequested: windowingMode=1 isFullscreen=true isPopOver=false isHidden=false skipActivityType=false isHandlerType=true this: DecorView@1ef82c[MainActivity]
06-03 14:33:07.874 17952 17952 I ViewRootImpl@9fadccb[MainActivity]: ViewPostIme pointer 1
06-03 14:33:07.874 17952 17952 I MSHandlerLifeCycle: isMultiSplitHandlerRequested: windowingMode=1 isFullscreen=true isPopOver=false isHidden=false skipActivityType=false isHandlerType=true this: DecorView@1ef82c[MainActivity]
06-03 14:33:07.882 17952 17952 I ServiceManager: Starting VPN
06-03 14:33:07.893 17952 17952 I ByeDpiVpnService: Starting
06-03 14:33:07.894 17952 17952 I ByeDpiVpnService: Starting proxy
06-03 14:33:07.895 17952 17952 D ProxyPref: CMD: -s1 -q1 -Y -a1 -At, r, s -f-1 -r1+s -a1
06-03 14:33:07.895 17952 17952 D ProxyPref: Added from settings: --ip 127.0.0.1 --port 1080 
06-03 14:33:07.895 17952 17952 I ByeDpiVpnService: Proxy started
06-03 14:33:07.895 17952 17952 I ByeDpiVpnService: Starting tun2socks
06-03 14:33:07.896 17952 19597 D proxy   : starting proxy with 15 args
06-03 14:33:07.896 17952 19597 D proxy   : proxy return code -2
06-03 14:33:07.897 17952 17952 D ByeDpiVpnService: DNS: 8.8.8.8
06-03 14:33:07.924 17952 17952 I ByeDpiVpnService: Tun2Socks started. ip: 127.0.0.1 port: 1080
06-03 14:33:07.924 17952 17952 D ByeDpiVpnService: VPN status changed from Disconnected to Connected
06-03 14:33:07.927 17952 17952 D MainActivity: Received intent: io.github.romanvht.byedpi.STARTED
06-03 14:33:07.927 17952 17952 I MainActivity: Updating status: Running, VPN
06-03 14:33:08.397 17952 19597 E ByeDpiVpnService: Proxy stopped with code -2
06-03 14:33:08.397 17952 19597 D ByeDpiVpnService: VPN status changed from Connected to Failed
06-03 14:33:08.398 17952 19597 I ByeDpiVpnService: Stopping tun2socks
06-03 14:33:08.398 17952 17952 D MainActivity: Received intent: io.github.romanvht.byedpi.FAILED
06-03 14:33:08.408 17952 17952 I MainActivity: Updating status: Halted, VPN
06-03 14:33:08.439 17952 19597 I ByeDpiVpnService: Tun2socks stopped
06-03 14:33:08.651 17952 17952 I ViewRootImpl@9fadccb[MainActivity]: ViewPostIme pointer 0
06-03 14:33:08.651 17952 17952 I MSHandlerLifeCycle: isMultiSplitHandlerRequested: windowingMode=1 isFullscreen=true isPopOver=false isHidden=false skipActivityType=false isHandlerType=true this: DecorView@1ef82c[MainActivity]
06-03 14:33:08.719 17952 17952 I MSHandlerLifeCycle: isMultiSplitHandlerRequested: windowingMode=1 isFullscreen=true isPopOver=false isHidden=false skipActivityType=false isHandlerType=true this: DecorView@1ef82c[MainActivity]
06-03 14:33:08.753 17952 17952 I MSHandlerLifeCycle: isMultiSplitHandlerRequested: windowingMode=1 isFullscreen=true isPopOver=false isHidden=false skipActivityType=false isHandlerType=true this: DecorView@1ef82c[MainActivity]
06-03 14:33:08.786 17952 17952 I MSHandlerLifeCycle: isMultiSplitHandlerRequested: windowingMode=1 isFullscreen=true isPopOver=false isHidden=false skipActivityType=false isHandlerType=true this: DecorView@1ef82c[MainActivity]
06-03 14:33:08.802 17952 17952 I MSHandlerLifeCycle: isMultiSplitHandlerRequested: windowingMode=1 isFullscreen=true isPopOver=false isHidden=false skipActivityType=false isHandlerType=true this: DecorView@1ef82c[MainActivity]
06-03 14:33:08.819 17952 17952 I MSHandlerLifeCycle: isMultiSplitHandlerRequested: windowingMode=1 isFullscreen=true isPopOver=false isHidden=false skipActivityType=false isHandlerType=true this: DecorView@1ef82c[MainActivity]
06-03 14:33:08.836 17952 17952 I MSHandlerLifeCycle: isMultiSplitHandlerRequested: windowingMode=1 isFullscreen=true isPopOver=false isHidden=false skipActivityType=false isHandlerType=true this: DecorView@1ef82c[MainActivity]
06-03 14:33:08.853 17952 17952 I MSHandlerLifeCycle: isMultiSplitHandlerRequested: windowingMode=1 isFullscreen=true isPopOver=false isHidden=false skipActivityType=false isHandlerType=true this: DecorView@1ef82c[MainActivity]
06-03 14:33:08.870 17952 17952 I MSHandlerLifeCycle: isMultiSplitHandlerRequested: windowingMode=1 isFullscreen=true isPopOver=false isHidden=false skipActivityType=false isHandlerType=true this: DecorView@1ef82c[MainActivity]
06-03 14:33:08.886 17952 17952 I MSHandlerLifeCycle: isMultiSplitHandlerRequested: windowingMode=1 isFullscreen=true isPopOver=false isHidden=false skipActivityType=false isHandlerType=true this: DecorView@1ef82c[MainActivity]
06-03 14:33:08.903 17952 17952 I MSHandlerLifeCycle: isMultiSplitHandlerRequested: windowingMode=1 isFullscreen=true isPopOver=false isHidden=false skipActivityType=false isHandlerType=true this: DecorView@1ef82c[MainActivity]
06-03 14:33:08.936 17952 17952 I MSHandlerLifeCycle: isMultiSplitHandlerRequested: windowingMode=1 isFullscreen=true isPopOver=false isHidden=false skipActivityType=false isHandlerType=true this: DecorView@1ef82c[MainActivity]
06-03 14:33:08.986 17952 17952 I MSHandlerLifeCycle: isMultiSplitHandlerRequested: windowingMode=1 isFullscreen=true isPopOver=false isHidden=false skipActivityType=false isHandlerType=true this: DecorView@1ef82c[MainActivity]
06-03 14:33:09.070 17952 17952 I MSHandlerLifeCycle: isMultiSplitHandlerRequested: windowingMode=1 isFullscreen=true isPopOver=false isHidden=false skipActivityType=false isHandlerType=true this: DecorView@1ef82c[MainActivity]
06-03 14:33:09.120 17952 17952 I MSHandlerLifeCycle: isMultiSplitHandlerRequested: windowingMode=1 isFullscreen=true isPopOver=false isHidden=false skipActivityType=false isHandlerType=true this: DecorView@1ef82c[MainActivity]
06-03 14:33:09.170 17952 17952 I MSHandlerLifeCycle: isMultiSplitHandlerRequested: windowingMode=1 isFullscreen=true isPopOver=false isHidden=false skipActivityType=false isHandlerType=true this: DecorView@1ef82c[MainActivity]
06-03 14:33:09.187 17952 17952 I MSHandlerLifeCycle: isMultiSplitHandlerRequested: windowingMode=1 isFullscreen=true isPopOver=false isHidden=false skipActivityType=false isHandlerType=true this: DecorView@1ef82c[MainActivity]
06-03 14:33:09.207 17952 17952 I ViewRootImpl@9fadccb[MainActivity]: ViewPostIme pointer 1
06-03 14:33:09.207 17952 17952 I MSHandlerLifeCycle: isMultiSplitHandlerRequested: windowingMode=1 isFullscreen=true isPopOver=false isHidden=false skipActivityType=false isHandlerType=true this: DecorView@1ef82c[MainActivity]
06-03 14:33:11.806 17952 17952 I ViewRootImpl@9fadccb[MainActivity]: ViewPostIme pointer 0
06-03 14:33:11.806 17952 17952 I MSHandlerLifeCycle: isMultiSplitHandlerRequested: windowingMode=1 isFullscreen=true isPopOver=false isHidden=false skipActivityType=false isHandlerType=true this: DecorView@1ef82c[MainActivity]
06-03 14:33:11.852 17952 17952 I MSHandlerLifeCycle: isMultiSplitHandlerRequested: windowingMode=1 isFullscreen=true isPopOver=false isHidden=false skipActivityType=false isHandlerType=true this: DecorView@1ef82c[MainActivity]
06-03 14:33:11.853 17952 17952 I ViewRootImpl@9fadccb[MainActivity]: ViewPostIme pointer 1
06-03 14:33:11.853 17952 17952 I MSHandlerLifeCycle: isMultiSplitHandlerRequested: windowingMode=1 isFullscreen=true isPopOver=false isHidden=false skipActivityType=false isHandlerType=true this: DecorView@1ef82c[MainActivity]
06-03 14:33:11.878 17952 17952 I DecorView: [INFO] isPopOver=false, config=true
06-03 14:33:11.878 17952 17952 I DecorView: updateCaptionType >> DecorView@bf15c15[], isFloating=false, isApplication=true, hasWindowControllerCallback=true, hasWindowDecorCaption=false
06-03 14:33:11.878 17952 17952 D DecorView: setCaptionType = 0, this = DecorView@bf15c15[]
06-03 14:33:11.879 17952 17952 I DecorView: getCurrentDensityDpi: from real metrics. densityDpi=420 msg=resources_loaded
06-03 14:33:11.887 17952 17952 I MSHandlerLifeCycle: isMultiSplitHandlerRequested: ignored. pkg=io.github.romanvht.byedpi parent=null callers=com.android.internal.policy.DecorView.setVisibility:4294 android.app.ActivityThread.handleResumeActivity:5301 android.app.servertransaction.ResumeActivityItem.execute:54 android.app.servertransaction.ActivityTransactionItem.execute:45 android.app.servertransaction.TransactionExecutor.executeLifecycleState:176 
06-03 14:33:11.887 17952 17952 I MSHandlerLifeCycle: removeMultiSplitHandler: no exist. decor=DecorView@bf15c15[]
06-03 14:33:11.890 17952 17952 I ViewRootImpl@ac3e918[SettingsActivity]: setView = com.android.internal.policy.DecorView@bf15c15 TM=true
06-03 14:33:11.890 17952 17952 I MSHandlerLifeCycle: isMultiSplitHandlerRequested: windowingMode=1 isFullscreen=true isPopOver=false isHidden=false skipActivityType=false isHandlerType=true this: DecorView@bf15c15[SettingsActivity]
06-03 14:33:11.890 17952 17952 I MSHandlerLifeCycle: removeMultiSplitHandler: no exist. decor=DecorView@bf15c15[SettingsActivity]
06-03 14:33:11.897 17952 17952 I ViewRootImpl@ac3e918[SettingsActivity]: Relayout returned: old=(0,0,1080,2280) new=(0,0,1080,2280) req=(1080,2280)0 dur=5 res=0x7 s={true 484965780688} ch=true fn=-1
06-03 14:33:11.897 17952 18005 D OpenGLRenderer: eglCreateWindowSurface
06-03 14:33:11.910 17952 17952 I ViewRootImpl@ac3e918[SettingsActivity]: [DP] dp(1) 1 android.view.ViewRootImpl.reportNextDraw:11387 android.view.ViewRootImpl.performTraversals:4185 android.view.ViewRootImpl.doTraversal:2911 
06-03 14:33:11.915 17952 17952 I ViewRootImpl@ac3e918[SettingsActivity]: [DP] pdf(0) 1 android.view.ViewRootImpl.lambda$addFrameCompleteCallbackIfNeeded$3$ViewRootImpl:4987 android.view.ViewRootImpl$$ExternalSyntheticLambda16.run:6 android.os.Handler.handleCallback:938 
06-03 14:33:11.915 17952 17952 I ViewRootImpl@ac3e918[SettingsActivity]: [DP] rdf()
06-03 14:33:11.915 17952 17952 D ViewRootImpl@ac3e918[SettingsActivity]: reportDrawFinished (fn: -1) 
06-03 14:33:11.915 17952 17952 I ViewRootImpl@9fadccb[MainActivity]: MSG_WINDOW_FOCUS_CHANGED 0 1
06-03 14:33:11.925 17952 17952 I ViewRootImpl@ac3e918[SettingsActivity]: MSG_WINDOW_FOCUS_CHANGED 1 1
06-03 14:33:11.926 17952 17952 D InputMethodManager: startInputInner - Id : 0
06-03 14:33:11.926 17952 17952 I InputMethodManager: startInputInner - mService.startInputOrWindowGainedFocus
06-03 14:33:12.310 17952 17952 I ViewRootImpl@9fadccb[MainActivity]: handleAppVisibility mAppVisible=true visible=false
06-03 14:33:12.325 17952 18005 D OpenGLRenderer: setSurface called with nullptr
06-03 14:33:12.325 17952 18005 D OpenGLRenderer: setSurface() destroyed EGLSurface
06-03 14:33:12.325 17952 18005 D OpenGLRenderer: destroyEglSurface
06-03 14:33:12.332 17952 17952 I ViewRootImpl@9fadccb[MainActivity]: Relayout returned: old=(0,0,1080,2280) new=(0,0,1080,2280) req=(1080,2280)8 dur=3 res=0x5 s={false 0} ch=true fn=51
06-03 14:33:12.333 17952 17952 I ViewRootImpl@9fadccb[MainActivity]: stopped(true) old=false
06-03 14:33:12.334 17952 17952 I MSHandlerLifeCycle: isMultiSplitHandlerRequested: windowingMode=1 isFullscreen=true isPopOver=false isHidden=false skipActivityType=false isHandlerType=true this: DecorView@1ef82c[MainActivity]
06-03 14:33:12.334 17952 17952 I MSHandlerLifeCycle: removeMultiSplitHandler: no exist. decor=DecorView@1ef82c[MainActivity]
06-03 14:33:13.866 17952 17952 I ViewRootImpl@ac3e918[SettingsActivity]: ViewPostIme pointer 0
06-03 14:33:13.866 17952 17952 I MSHandlerLifeCycle: isMultiSplitHandlerRequested: windowingMode=1 isFullscreen=true isPopOver=false isHidden=false skipActivityType=false isHandlerType=true this: DecorView@bf15c15[SettingsActivity]
06-03 14:33:13.893 17952 17952 I MSHandlerLifeCycle: isMultiSplitHandlerRequested: windowingMode=1 isFullscreen=true isPopOver=false isHidden=false skipActivityType=false isHandlerType=true this: DecorView@bf15c15[SettingsActivity]
06-03 14:33:13.906 17952 17952 I MSHandlerLifeCycle: isMultiSplitHandlerRequested: windowingMode=1 isFullscreen=true isPopOver=false isHidden=false skipActivityType=false isHandlerType=true this: DecorView@bf15c15[SettingsActivity]
06-03 14:33:13.906 17952 17952 I ViewRootImpl@ac3e918[SettingsActivity]: ViewPostIme pointer 1
06-03 14:33:13.906 17952 17952 I MSHandlerLifeCycle: isMultiSplitHandlerRequested: windowingMode=1 isFullscreen=true isPopOver=false isHidden=false skipActivityType=false isHandlerType=true this: DecorView@bf15c15[SettingsActivity]
06-03 14:33:16.971 17952 17952 I ViewRootImpl@ac3e918[SettingsActivity]: ViewPostIme pointer 0
06-03 14:33:16.971 17952 17952 I MSHandlerLifeCycle: isMultiSplitHandlerRequested: windowingMode=1 isFullscreen=true isPopOver=false isHidden=false skipActivityType=false isHandlerType=true this: DecorView@bf15c15[SettingsActivity]
06-03 14:33:16.994 17952 17952 I MSHandlerLifeCycle: isMultiSplitHandlerRequested: windowingMode=1 isFullscreen=true isPopOver=false isHidden=false skipActivityType=false isHandlerType=true this: DecorView@bf15c15[SettingsActivity]
06-03 14:33:17.012 17952 17952 I MSHandlerLifeCycle: isMultiSplitHandlerRequested: windowingMode=1 isFullscreen=true isPopOver=false isHidden=false skipActivityType=false isHandlerType=true this: DecorView@bf15c15[SettingsActivity]
06-03 14:33:17.028 17952 17952 I MSHandlerLifeCycle: isMultiSplitHandlerRequested: windowingMode=1 isFullscreen=true isPopOver=false isHidden=false skipActivityType=false isHandlerType=true this: DecorView@bf15c15[SettingsActivity]
06-03 14:33:17.045 17952 17952 I MSHandlerLifeCycle: isMultiSplitHandlerRequested: windowingMode=1 isFullscreen=true isPopOver=false isHidden=false skipActivityType=false isHandlerType=true this: DecorView@bf15c15[SettingsActivity]
06-03 14:33:17.058 17952 17952 I MSHandlerLifeCycle: isMultiSplitHandlerRequested: windowingMode=1 isFullscreen=true isPopOver=false isHidden=false skipActivityType=false isHandlerType=true this: DecorView@bf15c15[SettingsActivity]
06-03 14:33:17.059 17952 17952 I ViewRootImpl@ac3e918[SettingsActivity]: ViewPostIme pointer 1
06-03 14:33:17.059 17952 17952 I MSHandlerLifeCycle: isMultiSplitHandlerRequested: windowingMode=1 isFullscreen=true isPopOver=false isHidden=false skipActivityType=false isHandlerType=true this: DecorView@bf15c15[SettingsActivity]
06-03 14:33:17.065 17952 17952 I Dialog  : mIsDeviceDefault = false, mIsSamsungBasicInteraction = false, isMetaDataInActivity = false
06-03 14:33:17.070 17952 17952 I DecorView: [INFO] isPopOver=false, config=false
06-03 14:33:17.070 17952 17952 I DecorView: updateCaptionType >> DecorView@66afd08[], isFloating=true, isApplication=true, hasWindowControllerCallback=false, hasWindowDecorCaption=false
06-03 14:33:17.070 17952 17952 D DecorView: setCaptionType = 0, this = DecorView@66afd08[]
06-03 14:33:17.077 17952 17952 D ScrollView: initGoToTop
06-03 14:33:17.093 17952 17952 I ViewRootImpl@7b49d4e[SettingsActivity]: setView = com.android.internal.policy.DecorView@66afd08 TM=true
06-03 14:33:17.106 17952 17952 I ViewRootImpl@7b49d4e[SettingsActivity]: Relayout returned: old=(0,90,1080,2241) new=(28,694,1052,1636) req=(1024,942)0 dur=7 res=0x7 s={true 484965946368} ch=true fn=-1
06-03 14:33:17.107 17952 18005 D OpenGLRenderer: eglCreateWindowSurface
06-03 14:33:17.110 17952 17952 D AbsListView:  in onLayout changed 
06-03 14:33:17.113 17952 17952 I ViewRootImpl@7b49d4e[SettingsActivity]: [DP] dp(1) 1 android.view.ViewRootImpl.reportNextDraw:11387 android.view.ViewRootImpl.performTraversals:4185 android.view.ViewRootImpl.doTraversal:2911 
06-03 14:33:17.118 17952 17952 I ViewRootImpl@7b49d4e[SettingsActivity]: [DP] pdf(0) 1 android.view.ViewRootImpl.lambda$addFrameCompleteCallbackIfNeeded$3$ViewRootImpl:4987 android.view.ViewRootImpl$$ExternalSyntheticLambda16.run:6 android.os.Handler.handleCallback:938 
06-03 14:33:17.118 17952 17952 I ViewRootImpl@7b49d4e[SettingsActivity]: [DP] rdf()
06-03 14:33:17.118 17952 17952 D ViewRootImpl@7b49d4e[SettingsActivity]: reportDrawFinished (fn: -1) 
06-03 14:33:17.137 17952 17952 I ViewRootImpl@ac3e918[SettingsActivity]: MSG_WINDOW_FOCUS_CHANGED 0 1
06-03 14:33:17.137 17952 17952 I ViewRootImpl@7b49d4e[SettingsActivity]: MSG_WINDOW_FOCUS_CHANGED 1 1
06-03 14:33:18.038 17952 17952 I ViewRootImpl@7b49d4e[SettingsActivity]: ViewPostIme pointer 0
06-03 14:33:18.039 17952 17952 I MSHandlerLifeCycle: isMultiSplitHandlerRequested: ignored. pkg=io.github.romanvht.byedpi isActivity=false callers=com.android.internal.policy.DecorView.hasMultiSplitHandlerInNonFreeformMode:890 com.android.internal.policy.DecorView.dispatchTouchEvent:930 android.view.View.dispatchPointerEvent:15335 android.view.ViewRootImpl$ViewPostImeInputStage.processPointerEvent:7807 android.view.ViewRootImpl$ViewPostImeInputStage.onProcess:7580 
06-03 14:33:18.039 17952 17952 I MSHandlerLifeCycle: isMultiSplitHandlerRequested: windowingMode=1 isFullscreen=true isPopOver=false isHidden=false skipActivityType=false isHandlerType=true this: DecorView@bf15c15[SettingsActivity]
06-03 14:33:18.063 17952 17952 I MSHandlerLifeCycle: isMultiSplitHandlerRequested: ignored. pkg=io.github.romanvht.byedpi isActivity=false callers=com.android.internal.policy.DecorView.hasMultiSplitHandlerInNonFreeformMode:890 com.android.internal.policy.DecorView.dispatchTouchEvent:930 android.view.View.dispatchPointerEvent:15335 android.view.ViewRootImpl$ViewPostImeInputStage.processPointerEvent:7807 android.view.ViewRootImpl$ViewPostImeInputStage.onProcess:7580 
06-03 14:33:18.063 17952 17952 I MSHandlerLifeCycle: isMultiSplitHandlerRequested: windowingMode=1 isFullscreen=true isPopOver=false isHidden=false skipActivityType=false isHandlerType=true this: DecorView@bf15c15[SettingsActivity]
06-03 14:33:18.096 17952 17952 I MSHandlerLifeCycle: isMultiSplitHandlerRequested: ignored. pkg=io.github.romanvht.byedpi isActivity=false callers=com.android.internal.policy.DecorView.hasMultiSplitHandlerInNonFreeformMode:890 com.android.internal.policy.DecorView.dispatchTouchEvent:930 android.view.View.dispatchPointerEvent:15335 android.view.ViewRootImpl$ViewPostImeInputStage.processPointerEvent:7807 android.view.ViewRootImpl$ViewPostImeInputStage.onProcess:7580 
06-03 14:33:18.096 17952 17952 I MSHandlerLifeCycle: isMultiSplitHandlerRequested: windowingMode=1 isFullscreen=true isPopOver=false isHidden=false skipActivityType=false isHandlerType=true this: DecorView@bf15c15[SettingsActivity]
06-03 14:33:18.100 17952 17952 I MSHandlerLifeCycle: isMultiSplitHandlerRequested: ignored. pkg=io.github.romanvht.byedpi isActivity=false callers=com.android.internal.policy.DecorView.hasMultiSplitHandlerInNonFreeformMode:890 com.android.internal.policy.DecorView.dispatchTouchEvent:930 android.view.View.dispatchPointerEvent:15335 android.view.ViewRootImpl$ViewPostImeInputStage.processPointerEvent:7807 android.view.ViewRootImpl$ViewPostImeInputStage.onProcess:7580 
06-03 14:33:18.100 17952 17952 I MSHandlerLifeCycle: isMultiSplitHandlerRequested: windowingMode=1 isFullscreen=true isPopOver=false isHidden=false skipActivityType=false isHandlerType=true this: DecorView@bf15c15[SettingsActivity]
06-03 14:33:18.100 17952 17952 I ViewRootImpl@7b49d4e[SettingsActivity]: ViewPostIme pointer 1
06-03 14:33:18.101 17952 17952 I MSHandlerLifeCycle: isMultiSplitHandlerRequested: ignored. pkg=io.github.romanvht.byedpi isActivity=false callers=com.android.internal.policy.DecorView.hasMultiSplitHandlerInNonFreeformMode:890 com.android.internal.policy.DecorView.dispatchTouchEvent:930 android.view.View.dispatchPointerEvent:15335 android.view.ViewRootImpl$ViewPostImeInputStage.processPointerEvent:7807 android.view.ViewRootImpl$ViewPostImeInputStage.onProcess:7580 
06-03 14:33:18.101 17952 17952 I MSHandlerLifeCycle: isMultiSplitHandlerRequested: windowingMode=1 isFullscreen=true isPopOver=false isHidden=false skipActivityType=false isHandlerType=true this: DecorView@bf15c15[SettingsActivity]
06-03 14:33:18.101 17952 17952 D AbsListView: onTouchUp() mTouchMode : 0
06-03 14:33:18.169 17952 17952 I MSHandlerLifeCycle: removeMultiSplitHandler: no exist. decor=DecorView@66afd08[SettingsActivity]
06-03 14:33:18.170 17952 18005 D OpenGLRenderer: setSurface called with nullptr
06-03 14:33:18.170 17952 18005 D OpenGLRenderer: setSurface() destroyed EGLSurface
06-03 14:33:18.170 17952 18005 D OpenGLRenderer: destroyEglSurface
06-03 14:33:18.170 17952 18005 D OpenGLRenderer: endAllActiveAnimators on 0x707a3f0a80 (AlertController$RecycleListView) with handle 0x6f8a3c5080
06-03 14:33:18.171 17952 17952 I ViewRootImpl@7b49d4e[SettingsActivity]: dispatchDetachedFromWindow
06-03 14:33:18.178 17952 17952 D InputTransport: Input channel destroyed: '7954dd6', fd=92
06-03 14:33:18.198 17952 17952 I ViewRootImpl@ac3e918[SettingsActivity]: MSG_WINDOW_FOCUS_CHANGED 1 1
06-03 14:33:18.199 17952 17952 D InputMethodManager: startInputInner - Id : 0
06-03 14:33:18.199 17952 17952 I InputMethodManager: startInputInner - mService.startInputOrWindowGainedFocus
06-03 14:33:22.299 17952 17952 I ViewRootImpl@ac3e918[SettingsActivity]: ViewPostIme pointer 0
06-03 14:33:22.300 17952 17952 I MSHandlerLifeCycle: isMultiSplitHandlerRequested: windowingMode=1 isFullscreen=true isPopOver=false isHidden=false skipActivityType=false isHandlerType=true this: DecorView@bf15c15[SettingsActivity]
06-03 14:33:22.316 17952 17952 I MSHandlerLifeCycle: isMultiSplitHandlerRequested: windowingMode=1 isFullscreen=true isPopOver=false isHidden=false skipActivityType=false isHandlerType=true this: DecorView@bf15c15[SettingsActivity]
06-03 14:33:22.333 17952 17952 I MSHandlerLifeCycle: isMultiSplitHandlerRequested: windowingMode=1 isFullscreen=true isPopOver=false isHidden=false skipActivityType=false isHandlerType=true this: DecorView@bf15c15[SettingsActivity]
06-03 14:33:22.335 17952 17952 I MSHandlerLifeCycle: isMultiSplitHandlerRequested: windowingMode=1 isFullscreen=true isPopOver=false isHidden=false skipActivityType=false isHandlerType=true this: DecorView@bf15c15[SettingsActivity]
06-03 14:33:22.529 17952 17952 I ViewRootImpl@ac3e918[SettingsActivity]: ViewPostIme key 0
06-03 14:33:22.530 17952 17952 I ViewRootImpl@ac3e918[SettingsActivity]: ViewPostIme key 1
06-03 14:33:22.540 17952 17952 I ViewRootImpl@9fadccb[MainActivity]: handleAppVisibility mAppVisible=false visible=true
06-03 14:33:22.540 17952 17952 I ViewRootImpl@9fadccb[MainActivity]: stopped(false) old=true
06-03 14:33:22.541 17952 17952 I MSHandlerLifeCycle: isMultiSplitHandlerRequested: windowingMode=1 isFullscreen=true isPopOver=false isHidden=false skipActivityType=false isHandlerType=true this: DecorView@1ef82c[MainActivity]
06-03 14:33:22.541 17952 17952 I MSHandlerLifeCycle: removeMultiSplitHandler: no exist. decor=DecorView@1ef82c[MainActivity]
06-03 14:33:22.541 17952 17952 I ViewRootImpl@9fadccb[MainActivity]: stopped(false) old=false
06-03 14:33:22.541 17952 17952 I MainActivity: Updating status: Halted, VPN
06-03 14:33:22.541 17952 17952 I MSHandlerLifeCycle: isMultiSplitHandlerRequested: windowingMode=1 isFullscreen=true isPopOver=false isHidden=false skipActivityType=false isHandlerType=true this: DecorView@1ef82c[MainActivity]
06-03 14:33:22.541 17952 17952 I MSHandlerLifeCycle: removeMultiSplitHandler: no exist. decor=DecorView@1ef82c[MainActivity]
06-03 14:33:22.550 17952 18005 D OpenGLRenderer: setSurface called with nullptr
06-03 14:33:22.555 17952 17952 I ViewRootImpl@9fadccb[MainActivity]: Relayout returned: old=(0,0,1080,2280) new=(0,0,1080,2280) req=(1080,2280)0 dur=4 res=0x7 s={true 484965946368} ch=true fn=-1
06-03 14:33:22.555 17952 18005 D OpenGLRenderer: eglCreateWindowSurface
06-03 14:33:22.555 17952 17952 I ViewRootImpl@9fadccb[MainActivity]: [DP] dp(1) 1 android.view.ViewRootImpl.reportNextDraw:11387 android.view.ViewRootImpl.performTraversals:4185 android.view.ViewRootImpl.doTraversal:2911 
06-03 14:33:22.559 17952 17952 I ViewRootImpl@9fadccb[MainActivity]: [DP] pdf(0) 1 android.view.ViewRootImpl.lambda$addFrameCompleteCallbackIfNeeded$3$ViewRootImpl:4987 android.view.ViewRootImpl$$ExternalSyntheticLambda16.run:6 android.os.Handler.handleCallback:938 
06-03 14:33:22.559 17952 17952 I ViewRootImpl@9fadccb[MainActivity]: [DP] rdf()
06-03 14:33:22.559 17952 17952 D ViewRootImpl@9fadccb[MainActivity]: reportDrawFinished (fn: -1) 
06-03 14:33:22.559 17952 17952 I ViewRootImpl@ac3e918[SettingsActivity]: MSG_WINDOW_FOCUS_CHANGED 0 1
06-03 14:33:22.584 17952 17952 I ViewRootImpl@9fadccb[MainActivity]: MSG_WINDOW_FOCUS_CHANGED 1 1
06-03 14:33:22.585 17952 17952 D InputMethodManager: startInputInner - Id : 0
06-03 14:33:22.585 17952 17952 I InputMethodManager: startInputInner - mService.startInputOrWindowGainedFocus
06-03 14:33:22.852 17952 17952 I ViewRootImpl@ac3e918[SettingsActivity]: handleAppVisibility mAppVisible=true visible=false
06-03 14:33:22.868 17952 18005 D OpenGLRenderer: setSurface called with nullptr
06-03 14:33:22.868 17952 18005 D OpenGLRenderer: setSurface() destroyed EGLSurface
06-03 14:33:22.868 17952 18005 D OpenGLRenderer: destroyEglSurface
06-03 14:33:22.875 17952 17952 I ViewRootImpl@ac3e918[SettingsActivity]: Relayout returned: old=(0,0,1080,2280) new=(0,0,1080,2280) req=(1080,2280)8 dur=4 res=0x5 s={false 0} ch=true fn=53
06-03 14:33:22.875 17952 17952 I ViewRootImpl@ac3e918[SettingsActivity]: stopped(true) old=false
06-03 14:33:22.875 17952 17952 I MSHandlerLifeCycle: isMultiSplitHandlerRequested: windowingMode=1 isFullscreen=true isPopOver=false isHidden=false skipActivityType=false isHandlerType=true this: DecorView@bf15c15[SettingsActivity]
06-03 14:33:22.875 17952 17952 I MSHandlerLifeCycle: removeMultiSplitHandler: no exist. decor=DecorView@bf15c15[SettingsActivity]
06-03 14:33:22.876 17952 17952 I MSHandlerLifeCycle: removeMultiSplitHandler: no exist. decor=DecorView@bf15c15[SettingsActivity]
06-03 14:33:22.876 17952 18005 D OpenGLRenderer: setSurface called with nullptr
06-03 14:33:22.876 17952 17952 I ViewRootImpl@ac3e918[SettingsActivity]: dispatchDetachedFromWindow
06-03 14:33:22.880 17952 17952 D InputTransport: Input channel destroyed: 'fc39b16', fd=89
06-03 14:33:23.453 17952 17952 I ViewRootImpl@9fadccb[MainActivity]: ViewPostIme pointer 0
06-03 14:33:23.454 17952 17952 I MSHandlerLifeCycle: isMultiSplitHandlerRequested: windowingMode=1 isFullscreen=true isPopOver=false isHidden=false skipActivityType=false isHandlerType=true this: DecorView@1ef82c[MainActivity]
06-03 14:33:23.468 17952 17952 I MSHandlerLifeCycle: isMultiSplitHandlerRequested: windowingMode=1 isFullscreen=true isPopOver=false isHidden=false skipActivityType=false isHandlerType=true this: DecorView@1ef82c[MainActivity]
06-03 14:33:23.484 17952 17952 I MSHandlerLifeCycle: isMultiSplitHandlerRequested: windowingMode=1 isFullscreen=true isPopOver=false isHidden=false skipActivityType=false isHandlerType=true this: DecorView@1ef82c[MainActivity]
06-03 14:33:23.497 17952 17952 I MSHandlerLifeCycle: isMultiSplitHandlerRequested: windowingMode=1 isFullscreen=true isPopOver=false isHidden=false skipActivityType=false isHandlerType=true this: DecorView@1ef82c[MainActivity]
06-03 14:33:23.497 17952 17952 I ViewRootImpl@9fadccb[MainActivity]: ViewPostIme pointer 1
06-03 14:33:23.497 17952 17952 I MSHandlerLifeCycle: isMultiSplitHandlerRequested: windowingMode=1 isFullscreen=true isPopOver=false isHidden=false skipActivityType=false isHandlerType=true this: DecorView@1ef82c[MainActivity]
06-03 14:33:23.503 17952 17952 I ServiceManager: Starting VPN
06-03 14:33:23.516 17952 17952 I ByeDpiVpnService: Starting
06-03 14:33:23.517 17952 17952 I ByeDpiVpnService: Starting proxy
06-03 14:33:23.517 17952 17952 D ProxyPref: CMD: -s1 -q1 -Y -a1 -At, r, s -f-1 -r1+s -a1
06-03 14:33:23.517 17952 17952 D ProxyPref: Added from settings: --ip 127.0.0.1 --port 1080 
06-03 14:33:23.517 17952 17952 I ByeDpiVpnService: Proxy started
06-03 14:33:23.517 17952 17952 I ByeDpiVpnService: Starting tun2socks
06-03 14:33:23.517 17952 19597 D proxy   : starting proxy with 15 args
06-03 14:33:23.518 17952 17952 D ByeDpiVpnService: DNS: 8.8.8.8
06-03 14:33:23.518 17952 19597 D proxy   : proxy return code -2
06-03 14:33:23.527 17952 17952 I ByeDpiVpnService: Tun2Socks started. ip: 127.0.0.1 port: 1080
06-03 14:33:23.527 17952 17952 D ByeDpiVpnService: VPN status changed from Failed to Connected
06-03 14:33:23.535 17952 17952 D MainActivity: Received intent: io.github.romanvht.byedpi.STARTED
06-03 14:33:23.535 17952 17952 I MainActivity: Updating status: Running, VPN
06-03 14:33:24.019 17952 19067 E ByeDpiVpnService: Proxy stopped with code -2
06-03 14:33:24.019 17952 19067 D ByeDpiVpnService: VPN status changed from Connected to Failed
06-03 14:33:24.020 17952 19067 I ByeDpiVpnService: Stopping tun2socks
06-03 14:33:24.020 17952 17952 D MainActivity: Received intent: io.github.romanvht.byedpi.FAILED
06-03 14:33:24.026 17952 17952 I MainActivity: Updating status: Halted, VPN
06-03 14:33:24.071 17952 19067 I ByeDpiVpnService: Tun2socks stopped
06-03 14:33:25.642 17952 17952 I ViewRootImpl@9fadccb[MainActivity]: ViewPostIme pointer 0
06-03 14:33:25.643 17952 17952 I MSHandlerLifeCycle: isMultiSplitHandlerRequested: windowingMode=1 isFullscreen=true isPopOver=false isHidden=false skipActivityType=false isHandlerType=true this: DecorView@1ef82c[MainActivity]
06-03 14:33:25.691 17952 17952 I ViewRootImpl@9fadccb[MainActivity]: ViewPostIme pointer 1
06-03 14:33:25.691 17952 17952 I MSHandlerLifeCycle: isMultiSplitHandlerRequested: windowingMode=1 isFullscreen=true isPopOver=false isHidden=false skipActivityType=false isHandlerType=true this: DecorView@1ef82c[MainActivity]
06-03 14:33:25.722 17952 17952 I ViewRootImpl@a7261c5[PopupWindow:8b5103c]: setView = android.widget.PopupWindow$PopupDecorView@6e0f428 TM=true
06-03 14:33:25.730 17952 17978 I ViewRootImpl@a7261c5[PopupWindow:8b5103c]: Resizing android.view.ViewRootImpl@d652ad4: frame=[555,111][1070,405] reportDraw=true forceLayout=false backDropFrame=Rect(0, 0 - 515, 294)
06-03 14:33:25.733 17952 17952 I ViewRootImpl@a7261c5[PopupWindow:8b5103c]: Relayout returned: old=(0,90,1080,2241) new=(555,111,1070,405) req=(515,294)0 dur=4 res=0x7 s={true 484965780688} ch=true fn=-1
06-03 14:33:25.734 17952 18005 D OpenGLRenderer: eglCreateWindowSurface
06-03 14:33:25.737 17952 17952 D AbsListView:  in onLayout changed 
06-03 14:33:25.738 17952 17952 I ViewRootImpl@a7261c5[PopupWindow:8b5103c]: [DP] dp(1) 0 android.view.ViewRootImpl.reportNextDraw:11387 android.view.ViewRootImpl.performTraversals:4185 android.view.ViewRootImpl.doTraversal:2911 
06-03 14:33:25.746 17952 17952 I ViewRootImpl@a7261c5[PopupWindow:8b5103c]: [DP] pdf(0) 0 android.view.ViewRootImpl.lambda$addFrameCompleteCallbackIfNeeded$3$ViewRootImpl:4987 android.view.ViewRootImpl$$ExternalSyntheticLambda16.run:6 android.os.Handler.handleCallback:938 
06-03 14:33:25.746 17952 17952 I ViewRootImpl@a7261c5[PopupWindow:8b5103c]: [DP] rdf()
06-03 14:33:25.746 17952 17952 D ViewRootImpl@a7261c5[PopupWindow:8b5103c]: reportDrawFinished (fn: -1) 
06-03 14:33:25.747 17952 17952 I ViewRootImpl@a7261c5[PopupWindow:8b5103c]: handleResized, msg = 5 frames=ClientWindowFrames{frame=[555,111][1070,405] display=[-10000,-10000][10000,10000] backdrop=[0,0][515,294]} forceNextWindowRelayout=false displayId=0 frameChanged=false backdropFrameChanged=true configChanged=false displayChanged=false mNextDrawUseBlastSync=false mergedConfiguration={mGlobalConfig={0.9 250mcc11mnc [en_US,ru_RU] ldltr sw411dp w411dp h819dp 420dpi nrml long hdr widecg port night finger -keyb/v/h -nav/h winConfig={ mBounds=Rect(0, 0 - 1080, 2280) mAppBounds=Rect(0, 90 - 1080, 2241) mMaxBounds=Rect(0, 0 - 1080, 2280) mWindowingMode=fullscreen mDisplayWindowingMode=fullscreen mActivityType=undefined mAlwaysOnTop=undefined mRotation=ROTATION_0 mPopOver=off mFreeformTaskPinningState=unpinned} s.35618 fontWeightAdjustment=0 ff=0 bf=1 bts=0 desktop/d dm/n dc/d ?dcui ?dcaf enb/d themeSeq=0} mOverrideConfig={0.9 250mcc11mnc [en_US,ru_RU] ldltr sw411dp w411dp h819dp 420dpi nrml long hdr widecg port night finger -keyb/v/h -nav/h winConfig={ mBounds=Rect(0, 0 - 1080, 2280) mAppBounds=Rect(0, 90 - 1080, 2241) mMaxBounds=Rect(0, 0 - 1080, 2280) mWindowingMode=fullscreen mDisplayWindowingMode=fullscreen mActivityType=standard mAlwaysOnTop=undefined mRotation=ROTATION_0 mPopOver=off mFreeformTaskPinningState=unpinned} s.5 fontWeightAdjustment=0 ff=0 bf=1 bts=0 desktop/d dm/n dc/d ?dcui ?dcaf enb/d themeSeq=0}}
06-03 14:33:25.748 17952 17952 I ViewRootImpl@a7261c5[PopupWindow:8b5103c]: [DP] dp(1) 0 android.view.ViewRootImpl.reportNextDraw:11387 android.view.ViewRootImpl.handleResized:2222 android.view.ViewRootImpl.access$1200:294 
06-03 14:33:25.748 17952 17952 I ViewRootImpl@a7261c5[PopupWindow:8b5103c]: [DP] pdf(0) 0 android.view.ViewRootImpl.lambda$addFrameCompleteCallbackIfNeeded$3$ViewRootImpl:4987 android.view.ViewRootImpl$$ExternalSyntheticLambda16.run:6 android.os.Handler.handleCallback:938 
06-03 14:33:25.748 17952 17952 I ViewRootImpl@a7261c5[PopupWindow:8b5103c]: [DP] rdf()
06-03 14:33:25.748 17952 17952 D ViewRootImpl@a7261c5[PopupWindow:8b5103c]: reportDrawFinished (fn: -1) 
06-03 14:33:25.756 17952 17952 I ViewRootImpl@9fadccb[MainActivity]: MSG_WINDOW_FOCUS_CHANGED 0 1
06-03 14:33:25.773 17952 17952 I ViewRootImpl@a7261c5[PopupWindow:8b5103c]: MSG_WINDOW_FOCUS_CHANGED 1 1
06-03 14:33:26.893 17952 17952 I ViewRootImpl@a7261c5[PopupWindow:8b5103c]: ViewPostIme pointer 0
06-03 14:33:26.950 17952 17952 I ViewRootImpl@a7261c5[PopupWindow:8b5103c]: ViewPostIme pointer 1
06-03 14:33:26.950 17952 17952 D AbsListView: onTouchUp() mTouchMode : 0
06-03 14:33:27.040 17952 17952 I ViewRootImpl@a7261c5[PopupWindow:8b5103c]: Relayout returned: old=(555,111,1070,405) new=(555,111,1070,405) req=(515,294)0 dur=4 res=0x1 s={true 484965780688} ch=false fn=22
06-03 14:33:27.057 17952 17952 I ViewRootImpl@a7261c5[PopupWindow:8b5103c]: MSG_WINDOW_FOCUS_CHANGED 0 1
06-03 14:33:27.071 17952 17952 I ViewRootImpl@9fadccb[MainActivity]: MSG_WINDOW_FOCUS_CHANGED 1 1
06-03 14:33:27.072 17952 17952 D InputMethodManager: startInputInner - Id : 0
06-03 14:33:27.072 17952 17952 I InputMethodManager: startInputInner - mService.startInputOrWindowGainedFocus
06-03 14:33:27.073 17952 17952 I ViewRootImpl@9fadccb[MainActivity]: MSG_WINDOW_FOCUS_CHANGED 0 1
06-03 14:33:27.340 17952 18005 D OpenGLRenderer: setSurface called with nullptr
06-03 14:33:27.340 17952 18005 D OpenGLRenderer: setSurface() destroyed EGLSurface
06-03 14:33:27.340 17952 18005 D OpenGLRenderer: destroyEglSurface
06-03 14:33:27.342 17952 17952 I ViewRootImpl@a7261c5[PopupWindow:8b5103c]: dispatchDetachedFromWindow
06-03 14:33:27.346 17952 17952 D InputTransport: Input channel destroyed: '7bf48c0', fd=91
06-03 14:33:27.675 17952 17952 I ViewRootImpl@a7261c5[PopupWindow:8b5103c]: handleAppVisibility mAppVisible=true visible=false
06-03 14:33:27.687 17952 17952 I ViewRootImpl@9fadccb[MainActivity]: handleAppVisibility mAppVisible=true visible=false
06-03 14:33:27.709 17952 18005 D OpenGLRenderer: setSurface called with nullptr
06-03 14:33:27.709 17952 18005 D OpenGLRenderer: setSurface() destroyed EGLSurface
06-03 14:33:27.709 17952 18005 D OpenGLRenderer: destroyEglSurface
06-03 14:33:27.715 17952 17952 I ViewRootImpl@9fadccb[MainActivity]: Relayout returned: old=(0,0,1080,2280) new=(0,0,1080,2280) req=(1080,2280)8 dur=2 res=0x5 s={false 0} ch=true fn=51
06-03 14:33:27.998 17952 17952 I ViewRootImpl@9fadccb[MainActivity]: stopped(true) old=false
06-03 14:33:28.001 17952 17952 I MSHandlerLifeCycle: isMultiSplitHandlerRequested: windowingMode=1 isFullscreen=true isPopOver=false isHidden=false skipActivityType=false isHandlerType=true this: DecorView@1ef82c[MainActivity]
06-03 14:33:28.001 17952 17952 I MSHandlerLifeCycle: removeMultiSplitHandler: no exist. decor=DecorView@1ef82c[MainActivity]
06-03 14:33:28.032 17952 17952 D InputTransport: Input channel destroyed: 'ClientS', fd=96
06-03 14:33:33.129 17952 18005 D OpenGLRenderer: setSurface called with nullptr
06-03 14:33:33.143 17952 17963 D InputTransport: Input channel destroyed: 'ClientS', fd=139
06-03 14:33:33.152 17952 18005 D OpenGLRenderer: setSurface called with nullptr
06-03 14:33:33.152 17952 17963 D InputTransport: Input channel destroyed: 'ClientS', fd=103
06-03 14:33:33.153 17952 18005 D OpenGLRenderer: setSurface called with nullptr
06-03 14:33:33.153 17952 17963 D InputTransport: Input channel destroyed: 'ClientS', fd=106
06-03 14:33:33.153 17952 17963 D InputTransport: Input channel destroyed: 'ClientS', fd=117
06-03 14:33:33.154 17952 18005 D OpenGLRenderer: setSurface called with nullptr
06-03 14:33:40.797 17952 17952 I ViewRootImpl@9fadccb[MainActivity]: handleAppVisibility mAppVisible=false visible=true
06-03 14:33:40.804 17952 18005 D OpenGLRenderer: setSurface called with nullptr
06-03 14:33:40.807 17952 17952 I ViewRootImpl@9fadccb[MainActivity]: Relayout returned: old=(0,0,1080,2280) new=(0,0,1080,2280) req=(1080,2280)4 dur=3 res=0x1 s={false 0} ch=false fn=-1
06-03 14:33:40.808 17952 17952 I ViewRootImpl@9fadccb[MainActivity]: stopped(false) old=true
06-03 14:33:40.809 17952 17952 I MSHandlerLifeCycle: isMultiSplitHandlerRequested: windowingMode=1 isFullscreen=true isPopOver=false isHidden=false skipActivityType=false isHandlerType=true this: DecorView@1ef82c[MainActivity]
06-03 14:33:40.810 17952 17952 I MSHandlerLifeCycle: removeMultiSplitHandler: no exist. decor=DecorView@1ef82c[MainActivity]
06-03 14:33:40.810 17952 17952 I ViewRootImpl@9fadccb[MainActivity]: stopped(false) old=false
06-03 14:33:40.810 17952 17952 I MainActivity: Updating status: Halted, VPN
06-03 14:33:40.811 17952 17952 I MSHandlerLifeCycle: isMultiSplitHandlerRequested: windowingMode=1 isFullscreen=true isPopOver=false isHidden=false skipActivityType=false isHandlerType=true this: DecorView@1ef82c[MainActivity]
06-03 14:33:40.811 17952 17952 I MSHandlerLifeCycle: removeMultiSplitHandler: no exist. decor=DecorView@1ef82c[MainActivity]
06-03 14:33:40.819 17952 18005 D OpenGLRenderer: setSurface called with nullptr
06-03 14:33:40.828 17952 17952 I ViewRootImpl@9fadccb[MainActivity]: Relayout returned: old=(0,0,1080,2280) new=(0,0,1080,2280) req=(1080,2280)0 dur=6 res=0x7 s={true 484965946368} ch=true fn=-1
06-03 14:33:40.828 17952 18005 D OpenGLRenderer: eglCreateWindowSurface
06-03 14:33:40.829 17952 17952 I ViewRootImpl@9fadccb[MainActivity]: [DP] dp(1) 1 android.view.ViewRootImpl.reportNextDraw:11387 android.view.ViewRootImpl.performTraversals:4185 android.view.ViewRootImpl.doTraversal:2911 
06-03 14:33:40.840 17952 17952 I ViewRootImpl@9fadccb[MainActivity]: [DP] pdf(0) 1 android.view.ViewRootImpl.lambda$addFrameCompleteCallbackIfNeeded$3$ViewRootImpl:4987 android.view.ViewRootImpl$$ExternalSyntheticLambda16.run:6 android.os.Handler.handleCallback:938 
06-03 14:33:40.840 17952 17952 I ViewRootImpl@9fadccb[MainActivity]: [DP] rdf()
06-03 14:33:40.840 17952 17952 D ViewRootImpl@9fadccb[MainActivity]: reportDrawFinished (fn: -1) 
06-03 14:33:40.855 17952 17952 I ViewRootImpl@9fadccb[MainActivity]: MSG_WINDOW_FOCUS_CHANGED 1 1
06-03 14:33:40.856 17952 17952 D InputMethodManager: startInputInner - Id : 0
06-03 14:33:40.856 17952 17952 I InputMethodManager: startInputInner - mService.startInputOrWindowGainedFocus
06-03 14:33:41.594 17952 17952 I ViewRootImpl@9fadccb[MainActivity]: ViewPostIme pointer 0
06-03 14:33:41.594 17952 17952 I MSHandlerLifeCycle: isMultiSplitHandlerRequested: windowingMode=1 isFullscreen=true isPopOver=false isHidden=false skipActivityType=false isHandlerType=true this: DecorView@1ef82c[MainActivity]
06-03 14:33:41.619 17952 17952 I MSHandlerLifeCycle: isMultiSplitHandlerRequested: windowingMode=1 isFullscreen=true isPopOver=false isHidden=false skipActivityType=false isHandlerType=true this: DecorView@1ef82c[MainActivity]
06-03 14:33:41.636 17952 17952 I MSHandlerLifeCycle: isMultiSplitHandlerRequested: windowingMode=1 isFullscreen=true isPopOver=false isHidden=false skipActivityType=false isHandlerType=true this: DecorView@1ef82c[MainActivity]
06-03 14:33:41.637 17952 17952 I MSHandlerLifeCycle: isMultiSplitHandlerRequested: windowingMode=1 isFullscreen=true isPopOver=false isHidden=false skipActivityType=false isHandlerType=true this: DecorView@1ef82c[MainActivity]
06-03 14:33:41.670 17952 17952 I ViewRootImpl@9fadccb[MainActivity]: MSG_WINDOW_FOCUS_CHANGED 0 1
06-03 14:33:42.262 17952 17952 I ViewRootImpl@9fadccb[MainActivity]: handleAppVisibility mAppVisible=true visible=false
06-03 14:33:42.270 17952 18005 D OpenGLRenderer: setSurface called with nullptr
06-03 14:33:42.270 17952 18005 D OpenGLRenderer: setSurface() destroyed EGLSurface
06-03 14:33:42.270 17952 18005 D OpenGLRenderer: destroyEglSurface
06-03 14:33:42.280 17952 17952 I ViewRootImpl@9fadccb[MainActivity]: Relayout returned: old=(0,0,1080,2280) new=(0,0,1080,2280) req=(1080,2280)8 dur=4 res=0x5 s={false 0} ch=true fn=2
06-03 14:33:42.280 17952 17952 I ViewRootImpl@9fadccb[MainActivity]: stopped(true) old=false
06-03 14:33:42.281 17952 17952 I MSHandlerLifeCycle: isMultiSplitHandlerRequested: windowingMode=1 isFullscreen=true isPopOver=false isHidden=false skipActivityType=false isHandlerType=true this: DecorView@1ef82c[MainActivity]
06-03 14:33:42.281 17952 17952 I MSHandlerLifeCycle: removeMultiSplitHandler: no exist. decor=DecorView@1ef82c[MainActivity]
06-03 14:33:42.289 17952 17952 D InputTransport: Input channel destroyed: 'ClientS', fd=95
06-03 14:34:18.790 17952 17952 I ViewRootImpl@9fadccb[MainActivity]: handleAppVisibility mAppVisible=false visible=true
06-03 14:34:18.793 17952 18005 D OpenGLRenderer: setSurface called with nullptr
06-03 14:34:18.806 17952 17952 I ViewRootImpl@9fadccb[MainActivity]: Relayout returned: old=(0,0,1080,2280) new=(0,0,1080,2280) req=(1080,2280)4 dur=12 res=0x1 s={false 0} ch=false fn=-1
06-03 14:34:18.806 17952 17952 I ViewRootImpl@9fadccb[MainActivity]: stopped(false) old=true
06-03 14:34:18.807 17952 17952 I MSHandlerLifeCycle: isMultiSplitHandlerRequested: windowingMode=1 isFullscreen=true isPopOver=false isHidden=false skipActivityType=false isHandlerType=true this: DecorView@1ef82c[MainActivity]
06-03 14:34:18.807 17952 17952 I MSHandlerLifeCycle: removeMultiSplitHandler: no exist. decor=DecorView@1ef82c[MainActivity]
06-03 14:34:18.807 17952 17952 I ViewRootImpl@9fadccb[MainActivity]: stopped(false) old=false
06-03 14:34:18.807 17952 17952 I MainActivity: Updating status: Halted, VPN
06-03 14:34:18.808 17952 17952 I DecorView: notifyKeepScreenOnChanged: keepScreenOn=false
06-03 14:34:18.808 17952 17952 I MSHandlerLifeCycle: isMultiSplitHandlerRequested: windowingMode=1 isFullscreen=true isPopOver=false isHidden=false skipActivityType=false isHandlerType=true this: DecorView@1ef82c[MainActivity]
06-03 14:34:18.808 17952 17952 I MSHandlerLifeCycle: isMultiSplitHandlerRequested: windowingMode=1 isFullscreen=true isPopOver=false isHidden=false skipActivityType=false isHandlerType=true this: DecorView@1ef82c[MainActivity]
06-03 14:34:18.809 17952 17952 I MSHandlerLifeCycle: removeMultiSplitHandler: no exist. decor=DecorView@1ef82c[MainActivity]
06-03 14:34:18.809 17952 18005 D OpenGLRenderer: setSurface called with nullptr
06-03 14:34:18.820 17952 17952 I ViewRootImpl@9fadccb[MainActivity]: Relayout returned: old=(0,0,1080,2280) new=(0,0,1080,2280) req=(1080,2280)0 dur=7 res=0x7 s={true 484965946368} ch=true fn=-1
06-03 14:34:18.820 17952 18005 D OpenGLRenderer: eglCreateWindowSurface
06-03 14:34:18.820 17952 17952 I ViewRootImpl@9fadccb[MainActivity]: [DP] dp(1) 1 android.view.ViewRootImpl.reportNextDraw:11387 android.view.ViewRootImpl.performTraversals:4185 android.view.ViewRootImpl.doTraversal:2911 
06-03 14:34:18.836 17952 17952 I ViewRootImpl@9fadccb[MainActivity]: [DP] pdf(0) 1 android.view.ViewRootImpl.lambda$addFrameCompleteCallbackIfNeeded$3$ViewRootImpl:4987 android.view.ViewRootImpl$$ExternalSyntheticLambda16.run:6 android.os.Handler.handleCallback:938 
06-03 14:34:18.836 17952 17952 I ViewRootImpl@9fadccb[MainActivity]: [DP] rdf()
06-03 14:34:18.836 17952 17952 D ViewRootImpl@9fadccb[MainActivity]: reportDrawFinished (fn: -1) 
06-03 14:34:18.844 17952 17952 I ViewRootImpl@9fadccb[MainActivity]: MSG_WINDOW_FOCUS_CHANGED 1 1
06-03 14:34:18.845 17952 17952 D InputMethodManager: startInputInner - Id : 0
06-03 14:34:18.845 17952 17952 I InputMethodManager: startInputInner - mService.startInputOrWindowGainedFocus
06-03 14:34:20.276 17952 17952 I ViewRootImpl@9fadccb[MainActivity]: ViewPostIme pointer 0
06-03 14:34:20.276 17952 17952 I MSHandlerLifeCycle: isMultiSplitHandlerRequested: windowingMode=1 isFullscreen=true isPopOver=false isHidden=false skipActivityType=false isHandlerType=true this: DecorView@1ef82c[MainActivity]
06-03 14:34:20.295 17952 17952 I MSHandlerLifeCycle: isMultiSplitHandlerRequested: windowingMode=1 isFullscreen=true isPopOver=false isHidden=false skipActivityType=false isHandlerType=true this: DecorView@1ef82c[MainActivity]
06-03 14:34:20.311 17952 17952 I MSHandlerLifeCycle: isMultiSplitHandlerRequested: windowingMode=1 isFullscreen=true isPopOver=false isHidden=false skipActivityType=false isHandlerType=true this: DecorView@1ef82c[MainActivity]
06-03 14:34:20.324 17952 17952 I MSHandlerLifeCycle: isMultiSplitHandlerRequested: windowingMode=1 isFullscreen=true isPopOver=false isHidden=false skipActivityType=false isHandlerType=true this: DecorView@1ef82c[MainActivity]
06-03 14:34:20.324 17952 17952 I ViewRootImpl@9fadccb[MainActivity]: ViewPostIme pointer 1
06-03 14:34:20.324 17952 17952 I MSHandlerLifeCycle: isMultiSplitHandlerRequested: windowingMode=1 isFullscreen=true isPopOver=false isHidden=false skipActivityType=false isHandlerType=true this: DecorView@1ef82c[MainActivity]
06-03 14:34:20.357 17952 17952 I DecorView: [INFO] isPopOver=false, config=true
06-03 14:34:20.357 17952 17952 I DecorView: updateCaptionType >> DecorView@ef19e32[], isFloating=false, isApplication=true, hasWindowControllerCallback=true, hasWindowDecorCaption=false
06-03 14:34:20.357 17952 17952 D DecorView: setCaptionType = 0, this = DecorView@ef19e32[]
06-03 14:34:20.358 17952 17952 I DecorView: getCurrentDensityDpi: from real metrics. densityDpi=420 msg=resources_loaded
06-03 14:34:20.367 17952 17952 I MSHandlerLifeCycle: isMultiSplitHandlerRequested: ignored. pkg=io.github.romanvht.byedpi parent=null callers=com.android.internal.policy.DecorView.setVisibility:4294 android.app.ActivityThread.handleResumeActivity:5301 android.app.servertransaction.ResumeActivityItem.execute:54 android.app.servertransaction.ActivityTransactionItem.execute:45 android.app.servertransaction.TransactionExecutor.executeLifecycleState:176 
06-03 14:34:20.367 17952 17952 I MSHandlerLifeCycle: removeMultiSplitHandler: no exist. decor=DecorView@ef19e32[]
06-03 14:34:20.371 17952 17952 I ViewRootImpl@fb1ccea[SettingsActivity]: setView = com.android.internal.policy.DecorView@ef19e32 TM=true
06-03 14:34:20.371 17952 17952 I MSHandlerLifeCycle: isMultiSplitHandlerRequested: windowingMode=1 isFullscreen=true isPopOver=false isHidden=false skipActivityType=false isHandlerType=true this: DecorView@ef19e32[SettingsActivity]
06-03 14:34:20.371 17952 17952 I MSHandlerLifeCycle: removeMultiSplitHandler: no exist. decor=DecorView@ef19e32[SettingsActivity]
06-03 14:34:20.377 17952 17952 I ViewRootImpl@fb1ccea[SettingsActivity]: Relayout returned: old=(0,0,1080,2280) new=(0,0,1080,2280) req=(1080,2280)0 dur=5 res=0x7 s={true 484965833008} ch=true fn=-1
06-03 14:34:20.378 17952 18005 D OpenGLRenderer: eglCreateWindowSurface
06-03 14:34:20.386 17952 17952 I ViewRootImpl@fb1ccea[SettingsActivity]: [DP] dp(1) 1 android.view.ViewRootImpl.reportNextDraw:11387 android.view.ViewRootImpl.performTraversals:4185 android.view.ViewRootImpl.doTraversal:2911 
06-03 14:34:20.393 17952 17952 I ViewRootImpl@fb1ccea[SettingsActivity]: [DP] pdf(0) 1 android.view.ViewRootImpl.lambda$addFrameCompleteCallbackIfNeeded$3$ViewRootImpl:4987 android.view.ViewRootImpl$$ExternalSyntheticLambda16.run:6 android.os.Handler.handleCallback:938 
06-03 14:34:20.393 17952 17952 I ViewRootImpl@fb1ccea[SettingsActivity]: [DP] rdf()
06-03 14:34:20.393 17952 17952 D ViewRootImpl@fb1ccea[SettingsActivity]: reportDrawFinished (fn: -1) 
06-03 14:34:20.396 17952 17952 I ViewRootImpl@9fadccb[MainActivity]: MSG_WINDOW_FOCUS_CHANGED 0 1
06-03 14:34:20.412 17952 17952 I ViewRootImpl@fb1ccea[SettingsActivity]: MSG_WINDOW_FOCUS_CHANGED 1 1
06-03 14:34:20.413 17952 17952 D InputMethodManager: startInputInner - Id : 0
06-03 14:34:20.413 17952 17952 I InputMethodManager: startInputInner - mService.startInputOrWindowGainedFocus
06-03 14:34:20.796 17952 17952 I ViewRootImpl@9fadccb[MainActivity]: handleAppVisibility mAppVisible=true visible=false
06-03 14:34:20.814 17952 18005 D OpenGLRenderer: setSurface called with nullptr
06-03 14:34:20.814 17952 18005 D OpenGLRenderer: setSurface() destroyed EGLSurface
06-03 14:34:20.814 17952 18005 D OpenGLRenderer: destroyEglSurface
06-03 14:34:20.819 17952 17952 I ViewRootImpl@9fadccb[MainActivity]: Relayout returned: old=(0,0,1080,2280) new=(0,0,1080,2280) req=(1080,2280)8 dur=3 res=0x5 s={false 0} ch=true fn=25
