06-03 14:32:26.363 17952 17952 I MSHandlerLifeCycle: isMultiSplitHandlerRequested: ignored. pkg=io.github.romanvht.byedpi isActivity=false callers=com.android.internal.policy.DecorView.hasMultiSplitHandlerInNonFreeformMode:890 com.android.internal.policy.DecorView.dispatchTouchEvent:930 android.view.View.dispatchPointerEvent:15335 android.view.ViewRootImpl$ViewPostImeInputStage.processPointerEvent:7807 android.view.ViewRootImpl$ViewPostImeInputStage.onProcess:7580 
06-03 14:32:26.363 17952 17952 I MSHandlerLifeCycle: isMultiSplitHandlerRequested: windowingMode=1 isFullscreen=true isPopOver=false isHidden=false skipActivityType=false isHandlerType=true this: DecorView@29053bb[SettingsActivity]
06-03 14:32:26.398 17952 17952 I MSHandlerLifeCycle: isMultiSplitHandlerRequested: ignored. pkg=io.github.romanvht.byedpi isActivity=false callers=com.android.internal.policy.DecorView.hasMultiSplitHandlerInNonFreeformMode:890 com.android.internal.policy.DecorView.dispatchTouchEvent:930 android.view.View.dispatchPointerEvent:15335 android.view.ViewRootImpl$ViewPostImeInputStage.processPointerEvent:7807 android.view.ViewRootImpl$ViewPostImeInputStage.onProcess:7580 
06-03 14:32:26.398 17952 17952 I MSHandlerLifeCycle: isMultiSplitHandlerRequested: windowingMode=1 isFullscreen=true isPopOver=false isHidden=false skipActivityType=false isHandlerType=true this: DecorView@29053bb[SettingsActivity]
06-03 14:32:26.415 17952 17952 I MSHandlerLifeCycle: isMultiSplitHandlerRequested: ignored. pkg=io.github.romanvht.byedpi isActivity=false callers=com.android.internal.policy.DecorView.hasMultiSplitHandlerInNonFreeformMode:890 com.android.internal.policy.DecorView.dispatchTouchEvent:930 android.view.View.dispatchPointerEvent:15335 android.view.ViewRootImpl$ViewPostImeInputStage.processPointerEvent:7807 android.view.ViewRootImpl$ViewPostImeInputStage.onProcess:7580 
06-03 14:32:26.415 17952 17952 I MSHandlerLifeCycle: isMultiSplitHandlerRequested: windowingMode=1 isFullscreen=true isPopOver=false isHidden=false skipActivityType=false isHandlerType=true this: DecorView@29053bb[SettingsActivity]
06-03 14:32:26.431 17952 17952 I MSHandlerLifeCycle: isMultiSplitHandlerRequested: ignored. pkg=io.github.romanvht.byedpi isActivity=false callers=com.android.internal.policy.DecorView.hasMultiSplitHandlerInNonFreeformMode:890 com.android.internal.policy.DecorView.dispatchTouchEvent:930 android.view.View.dispatchPointerEvent:15335 android.view.ViewRootImpl$ViewPostImeInputStage.processPointerEvent:7807 android.view.ViewRootImpl$ViewPostImeInputStage.onProcess:7580 
06-03 14:32:26.431 17952 17952 I MSHandlerLifeCycle: isMultiSplitHandlerRequested: windowingMode=1 isFullscreen=true isPopOver=false isHidden=false skipActivityType=false isHandlerType=true this: DecorView@29053bb[SettingsActivity]
06-03 14:32:26.448 17952 17952 I MSHandlerLifeCycle: isMultiSplitHandlerRequested: ignored. pkg=io.github.romanvht.byedpi isActivity=false callers=com.android.internal.policy.DecorView.hasMultiSplitHandlerInNonFreeformMode:890 com.android.internal.policy.DecorView.dispatchTouchEvent:930 android.view.View.dispatchPointerEvent:15335 android.view.ViewRootImpl$ViewPostImeInputStage.processPointerEvent:7807 android.view.ViewRootImpl$ViewPostImeInputStage.onProcess:7580 
06-03 14:32:26.448 17952 17952 I MSHandlerLifeCycle: isMultiSplitHandlerRequested: windowingMode=1 isFullscreen=true isPopOver=false isHidden=false skipActivityType=false isHandlerType=true this: DecorView@29053bb[SettingsActivity]
06-03 14:32:26.464 17952 17952 I MSHandlerLifeCycle: isMultiSplitHandlerRequested: ignored. pkg=io.github.romanvht.byedpi isActivity=false callers=com.android.internal.policy.DecorView.hasMultiSplitHandlerInNonFreeformMode:890 com.android.internal.policy.DecorView.dispatchTouchEvent:930 android.view.View.dispatchPointerEvent:15335 android.view.ViewRootImpl$ViewPostImeInputStage.processPointerEvent:7807 android.view.ViewRootImpl$ViewPostImeInputStage.onProcess:7580 
06-03 14:32:26.464 17952 17952 I MSHandlerLifeCycle: isMultiSplitHandlerRequested: windowingMode=1 isFullscreen=true isPopOver=false isHidden=false skipActivityType=false isHandlerType=true this: DecorView@29053bb[SettingsActivity]
06-03 14:32:26.482 17952 17952 I MSHandlerLifeCycle: isMultiSplitHandlerRequested: ignored. pkg=io.github.romanvht.byedpi isActivity=false callers=com.android.internal.policy.DecorView.hasMultiSplitHandlerInNonFreeformMode:890 com.android.internal.policy.DecorView.dispatchTouchEvent:930 android.view.View.dispatchPointerEvent:15335 android.view.ViewRootImpl$ViewPostImeInputStage.processPointerEvent:7807 android.view.ViewRootImpl$ViewPostImeInputStage.onProcess:7580 
06-03 14:32:26.482 17952 17952 I MSHandlerLifeCycle: isMultiSplitHandlerRequested: windowingMode=1 isFullscreen=true isPopOver=false isHidden=false skipActivityType=false isHandlerType=true this: DecorView@29053bb[SettingsActivity]
06-03 14:32:26.498 17952 17952 I MSHandlerLifeCycle: isMultiSplitHandlerRequested: ignored. pkg=io.github.romanvht.byedpi isActivity=false callers=com.android.internal.policy.DecorView.hasMultiSplitHandlerInNonFreeformMode:890 com.android.internal.policy.DecorView.dispatchTouchEvent:930 android.view.View.dispatchPointerEvent:15335 android.view.ViewRootImpl$ViewPostImeInputStage.processPointerEvent:7807 android.view.ViewRootImpl$ViewPostImeInputStage.onProcess:7580 
06-03 14:32:26.498 17952 17952 I MSHandlerLifeCycle: isMultiSplitHandlerRequested: windowingMode=1 isFullscreen=true isPopOver=false isHidden=false skipActivityType=false isHandlerType=true this: DecorView@29053bb[SettingsActivity]
06-03 14:32:26.565 17952 17952 I MSHandlerLifeCycle: isMultiSplitHandlerRequested: ignored. pkg=io.github.romanvht.byedpi isActivity=false callers=com.android.internal.policy.DecorView.hasMultiSplitHandlerInNonFreeformMode:890 com.android.internal.policy.DecorView.dispatchTouchEvent:930 android.view.View.dispatchPointerEvent:15335 android.view.ViewRootImpl$ViewPostImeInputStage.processPointerEvent:7807 android.view.ViewRootImpl$ViewPostImeInputStage.onProcess:7580 
06-03 14:32:26.565 17952 17952 I MSHandlerLifeCycle: isMultiSplitHandlerRequested: windowingMode=1 isFullscreen=true isPopOver=false isHidden=false skipActivityType=false isHandlerType=true this: DecorView@29053bb[SettingsActivity]
06-03 14:32:26.631 17952 17952 I MSHandlerLifeCycle: isMultiSplitHandlerRequested: ignored. pkg=io.github.romanvht.byedpi isActivity=false callers=com.android.internal.policy.DecorView.hasMultiSplitHandlerInNonFreeformMode:890 com.android.internal.policy.DecorView.dispatchTouchEvent:930 android.view.View.dispatchPointerEvent:15335 android.view.ViewRootImpl$ViewPostImeInputStage.processPointerEvent:7807 android.view.ViewRootImpl$ViewPostImeInputStage.onProcess:7580 
06-03 14:32:26.631 17952 17952 I MSHandlerLifeCycle: isMultiSplitHandlerRequested: windowingMode=1 isFullscreen=true isPopOver=false isHidden=false skipActivityType=false isHandlerType=true this: DecorView@29053bb[SettingsActivity]
06-03 14:32:26.882 17952 17952 I MSHandlerLifeCycle: isMultiSplitHandlerRequested: ignored. pkg=io.github.romanvht.byedpi isActivity=false callers=com.android.internal.policy.DecorView.hasMultiSplitHandlerInNonFreeformMode:890 com.android.internal.policy.DecorView.dispatchTouchEvent:930 android.view.View.dispatchPointerEvent:15335 android.view.ViewRootImpl$ViewPostImeInputStage.processPointerEvent:7807 android.view.ViewRootImpl$ViewPostImeInputStage.onProcess:7580 
06-03 14:32:26.882 17952 17952 I MSHandlerLifeCycle: isMultiSplitHandlerRequested: windowingMode=1 isFullscreen=true isPopOver=false isHidden=false skipActivityType=false isHandlerType=true this: DecorView@29053bb[SettingsActivity]
06-03 14:32:27.063 17952 17952 I MSHandlerLifeCycle: isMultiSplitHandlerRequested: ignored. pkg=io.github.romanvht.byedpi isActivity=false callers=com.android.internal.policy.DecorView.hasMultiSplitHandlerInNonFreeformMode:890 com.android.internal.policy.DecorView.dispatchTouchEvent:930 android.view.View.dispatchPointerEvent:15335 android.view.ViewRootImpl$ViewPostImeInputStage.processPointerEvent:7807 android.view.ViewRootImpl$ViewPostImeInputStage.onProcess:7580 
06-03 14:32:27.063 17952 17952 I MSHandlerLifeCycle: isMultiSplitHandlerRequested: windowingMode=1 isFullscreen=true isPopOver=false isHidden=false skipActivityType=false isHandlerType=true this: DecorView@29053bb[SettingsActivity]
06-03 14:32:27.063 17952 17952 I ViewRootImpl@491cee7[SettingsActivity]: ViewPostIme pointer 1
06-03 14:32:27.064 17952 17952 I MSHandlerLifeCycle: isMultiSplitHandlerRequested: ignored. pkg=io.github.romanvht.byedpi isActivity=false callers=com.android.internal.policy.DecorView.hasMultiSplitHandlerInNonFreeformMode:890 com.android.internal.policy.DecorView.dispatchTouchEvent:930 android.view.View.dispatchPointerEvent:15335 android.view.ViewRootImpl$ViewPostImeInputStage.processPointerEvent:7807 android.view.ViewRootImpl$ViewPostImeInputStage.onProcess:7580 
06-03 14:32:27.064 17952 17952 I MSHandlerLifeCycle: isMultiSplitHandlerRequested: windowingMode=1 isFullscreen=true isPopOver=false isHidden=false skipActivityType=false isHandlerType=true this: DecorView@29053bb[SettingsActivity]
06-03 14:32:27.076 17952 17952 D TextView: defaultIME is not com.samsung.android.honeyboard/.service.HoneyBoardService
06-03 14:32:27.094 17952 17952 I ViewRootImpl@4f1e418[PopupWindow:1a0abfb]: setView = android.widget.PopupWindow$PopupDecorView@9440cd7 TM=true
06-03 14:32:27.106 17952 17952 I ViewRootImpl@e8cb0ad[PopupWindow:e2c449c]: setView = android.widget.PopupWindow$PopupDecorView@6b51e30 TM=true
06-03 14:32:27.119 17952 17952 I ViewRootImpl@370aaa9[PopupWindow:b9ed021]: setView = android.widget.PopupWindow$PopupDecorView@785ed5c TM=true
06-03 14:32:27.132 17952 18048 I ViewRootImpl@4f1e418[PopupWindow:1a0abfb]: Resizing android.view.ViewRootImpl@3804865: frame=[0,406][698,828] reportDraw=true forceLayout=false backDropFrame=Rect(0, 0 - 698, 422)
06-03 14:32:27.135 17952 17952 I ViewRootImpl@4f1e418[PopupWindow:1a0abfb]: Relayout returned: old=(0,90,1080,2241) new=(0,406,698,828) req=(698,422)0 dur=11 res=0x7 s={true 484965876608} ch=true fn=-1
06-03 14:32:27.136 17952 18005 D OpenGLRenderer: eglCreateWindowSurface
06-03 14:32:27.138 17952 17952 D AbsListView:  in onLayout changed 
06-03 14:32:27.145 17952 17952 I ViewRootImpl@4f1e418[PopupWindow:1a0abfb]: [DP] dp(1) 0 android.view.ViewRootImpl.reportNextDraw:11387 android.view.ViewRootImpl.performTraversals:4185 android.view.ViewRootImpl.doTraversal:2911 
06-03 14:32:27.151 17952 17952 I ViewRootImpl@4f1e418[PopupWindow:1a0abfb]: [DP] pdf(0) 0 android.view.ViewRootImpl.lambda$addFrameCompleteCallbackIfNeeded$3$ViewRootImpl:4987 android.view.ViewRootImpl$$ExternalSyntheticLambda16.run:6 android.os.Handler.handleCallback:938 
06-03 14:32:27.151 17952 17952 I ViewRootImpl@4f1e418[PopupWindow:1a0abfb]: [DP] rdf()
06-03 14:32:27.151 17952 17952 D ViewRootImpl@4f1e418[PopupWindow:1a0abfb]: reportDrawFinished (fn: -1) 
06-03 14:32:27.160 17952 18048 I ViewRootImpl@e8cb0ad[PopupWindow:e2c449c]: Resizing android.view.ViewRootImpl@f328348: frame=[53,732][133,827] reportDraw=true forceLayout=false backDropFrame=Rect(0, 0 - 80, 95)
06-03 14:32:27.163 17952 17952 I ViewRootImpl@e8cb0ad[PopupWindow:e2c449c]: Relayout returned: old=(0,90,1080,2241) new=(53,732,133,827) req=(80,95)0 dur=10 res=0x7 s={true 484965771968} ch=true fn=-1
06-03 14:32:27.163 17952 18005 D OpenGLRenderer: eglCreateWindowSurface
06-03 14:32:27.165 17952 17952 I ViewRootImpl@e8cb0ad[PopupWindow:e2c449c]: [DP] dp(1) 0 android.view.ViewRootImpl.reportNextDraw:11387 android.view.ViewRootImpl.performTraversals:4185 android.view.ViewRootImpl.doTraversal:2911 
06-03 14:32:27.183 17952 18048 I ViewRootImpl@370aaa9[PopupWindow:b9ed021]: Resizing android.view.ViewRootImpl@e3205e1: frame=[53,645][133,732] reportDraw=true forceLayout=false backDropFrame=Rect(0, 0 - 80, 87)
06-03 14:32:27.190 17952 17952 I ViewRootImpl@370aaa9[PopupWindow:b9ed021]: Relayout returned: old=(0,90,1080,2241) new=(53,645,133,732) req=(80,87)0 dur=14 res=0x7 s={true 484965850448} ch=true fn=-1
06-03 14:32:27.191 17952 18005 D OpenGLRenderer: eglCreateWindowSurface
06-03 14:32:27.192 17952 17952 I ViewRootImpl@370aaa9[PopupWindow:b9ed021]: [DP] dp(1) 0 android.view.ViewRootImpl.reportNextDraw:11387 android.view.ViewRootImpl.performTraversals:4185 android.view.ViewRootImpl.doTraversal:2911 
06-03 14:32:27.198 17952 17952 I ViewRootImpl@370aaa9[PopupWindow:b9ed021]: [DP] pdf(0) 0 android.view.ViewRootImpl.lambda$addFrameCompleteCallbackIfNeeded$3$ViewRootImpl:4987 android.view.ViewRootImpl$$ExternalSyntheticLambda16.run:6 android.os.Handler.handleCallback:938 
06-03 14:32:27.198 17952 17952 I ViewRootImpl@370aaa9[PopupWindow:b9ed021]: [DP] rdf()
06-03 14:32:27.198 17952 17952 D ViewRootImpl@370aaa9[PopupWindow:b9ed021]: reportDrawFinished (fn: -1) 
06-03 14:32:27.198 17952 17952 I ViewRootImpl@e8cb0ad[PopupWindow:e2c449c]: [DP] pdf(0) 0 android.view.ViewRootImpl.lambda$addFrameCompleteCallbackIfNeeded$3$ViewRootImpl:4987 android.view.ViewRootImpl$$ExternalSyntheticLambda16.run:6 android.os.Handler.handleCallback:938 
06-03 14:32:27.198 17952 17952 I ViewRootImpl@e8cb0ad[PopupWindow:e2c449c]: [DP] rdf()
06-03 14:32:27.198 17952 17952 D ViewRootImpl@e8cb0ad[PopupWindow:e2c449c]: reportDrawFinished (fn: -1) 
06-03 14:32:27.202 17952 17952 I ViewRootImpl@4f1e418[PopupWindow:1a0abfb]: handleResized, msg = 5 frames=ClientWindowFrames{frame=[0,406][698,828] display=[-10000,-10000][10000,10000] backdrop=[0,0][698,422]} forceNextWindowRelayout=false displayId=0 frameChanged=false backdropFrameChanged=true configChanged=false displayChanged=false mNextDrawUseBlastSync=false mergedConfiguration={mGlobalConfig={0.9 250mcc11mnc [en_US,ru_RU] ldltr sw411dp w411dp h819dp 420dpi nrml long hdr widecg port night finger -keyb/v/h -nav/h winConfig={ mBounds=Rect(0, 0 - 1080, 2280) mAppBounds=Rect(0, 90 - 1080, 2241) mMaxBounds=Rect(0, 0 - 1080, 2280) mWindowingMode=fullscreen mDisplayWindowingMode=fullscreen mActivityType=undefined mAlwaysOnTop=undefined mRotation=ROTATION_0 mPopOver=off mFreeformTaskPinningState=unpinned} s.35618 fontWeightAdjustment=0 ff=0 bf=1 bts=0 desktop/d dm/n dc/d ?dcui ?dcaf enb/d themeSeq=0} mOverrideConfig={0.9 250mcc11mnc [en_US,ru_RU] ldltr sw411dp w411dp h819dp 420dpi nrml long hdr widecg port night finger -keyb/v/h -nav/h winConfig={ mBounds=Rect(0, 0 - 1080, 2280) mAppBounds=Rect(0, 90 - 1080, 2241) mMaxBounds=Rect(0, 0 - 1080, 2280) mWindowingMode=fullscreen mDisplayWindowingMode=fullscreen mActivityType=standard mAlwaysOnTop=undefined mRotation=ROTATION_0 mPopOver=off mFreeformTaskPinningState=unpinned} s.4 fontWeightAdjustment=0 ff=0 bf=1 bts=0 desktop/d dm/n dc/d ?dcui ?dcaf enb/d themeSeq=0}}
06-03 14:32:27.202 17952 17952 I ViewRootImpl@4f1e418[PopupWindow:1a0abfb]: [DP] dp(1) 0 android.view.ViewRootImpl.reportNextDraw:11387 android.view.ViewRootImpl.handleResized:2222 android.view.ViewRootImpl.access$1200:294 
06-03 14:32:27.202 17952 17952 I ViewRootImpl@e8cb0ad[PopupWindow:e2c449c]: handleResized, msg = 5 frames=ClientWindowFrames{frame=[53,732][133,827] display=[-10000,-10000][10000,10000] backdrop=[0,0][80,95]} forceNextWindowRelayout=false displayId=0 frameChanged=false backdropFrameChanged=true configChanged=false displayChanged=false mNextDrawUseBlastSync=false mergedConfiguration={mGlobalConfig={0.9 250mcc11mnc [en_US,ru_RU] ldltr sw411dp w411dp h819dp 420dpi nrml long hdr widecg port night finger -keyb/v/h -nav/h winConfig={ mBounds=Rect(0, 0 - 1080, 2280) mAppBounds=Rect(0, 90 - 1080, 2241) mMaxBounds=Rect(0, 0 - 1080, 2280) mWindowingMode=fullscreen mDisplayWindowingMode=fullscreen mActivityType=undefined mAlwaysOnTop=undefined mRotation=ROTATION_0 mPopOver=off mFreeformTaskPinningState=unpinned} s.35618 fontWeightAdjustment=0 ff=0 bf=1 bts=0 desktop/d dm/n dc/d ?dcui ?dcaf enb/d themeSeq=0} mOverrideConfig={0.9 250mcc11mnc [en_US,ru_RU] ldltr sw411dp w411dp h819dp 420dpi nrml long hdr widecg port night finger -keyb/v/h -nav/h winConfig={ mBounds=Rect(0, 0 - 1080, 2280) mAppBounds=Rect(0, 90 - 1080, 2241) mMaxBounds=Rect(0, 0 - 1080, 2280) mWindowingMode=fullscreen mDisplayWindowingMode=fullscreen mActivityType=standard mAlwaysOnTop=undefined mRotation=ROTATION_0 mPopOver=off mFreeformTaskPinningState=unpinned} s.4 fontWeightAdjustment=0 ff=0 bf=1 bts=0 desktop/d dm/n dc/d ?dcui ?dcaf enb/d themeSeq=0}}
06-03 14:32:27.202 17952 17952 I ViewRootImpl@e8cb0ad[PopupWindow:e2c449c]: [DP] dp(1) 0 android.view.ViewRootImpl.reportNextDraw:11387 android.view.ViewRootImpl.handleResized:2222 android.view.ViewRootImpl.access$1200:294 
06-03 14:32:27.212 17952 17952 I ViewRootImpl@4f1e418[PopupWindow:1a0abfb]: [DP] pdf(0) 0 android.view.ViewRootImpl.lambda$addFrameCompleteCallbackIfNeeded$3$ViewRootImpl:4987 android.view.ViewRootImpl$$ExternalSyntheticLambda16.run:6 android.os.Handler.handleCallback:938 
06-03 14:32:27.212 17952 17952 I ViewRootImpl@4f1e418[PopupWindow:1a0abfb]: [DP] rdf()
06-03 14:32:27.212 17952 17952 D ViewRootImpl@4f1e418[PopupWindow:1a0abfb]: reportDrawFinished (fn: -1) 
06-03 14:32:27.212 17952 17952 I ViewRootImpl@e8cb0ad[PopupWindow:e2c449c]: [DP] pdf(0) 0 android.view.ViewRootImpl.lambda$addFrameCompleteCallbackIfNeeded$3$ViewRootImpl:4987 android.view.ViewRootImpl$$ExternalSyntheticLambda16.run:6 android.os.Handler.handleCallback:938 
06-03 14:32:27.212 17952 17952 I ViewRootImpl@e8cb0ad[PopupWindow:e2c449c]: [DP] rdf()
06-03 14:32:27.212 17952 17952 D ViewRootImpl@e8cb0ad[PopupWindow:e2c449c]: reportDrawFinished (fn: -1) 
06-03 14:32:27.212 17952 17952 I ViewRootImpl@370aaa9[PopupWindow:b9ed021]: handleResized, msg = 5 frames=ClientWindowFrames{frame=[53,645][133,732] display=[-10000,-10000][10000,10000] backdrop=[0,0][80,87]} forceNextWindowRelayout=false displayId=0 frameChanged=false backdropFrameChanged=true configChanged=false displayChanged=false mNextDrawUseBlastSync=false mergedConfiguration={mGlobalConfig={0.9 250mcc11mnc [en_US,ru_RU] ldltr sw411dp w411dp h819dp 420dpi nrml long hdr widecg port night finger -keyb/v/h -nav/h winConfig={ mBounds=Rect(0, 0 - 1080, 2280) mAppBounds=Rect(0, 90 - 1080, 2241) mMaxBounds=Rect(0, 0 - 1080, 2280) mWindowingMode=fullscreen mDisplayWindowingMode=fullscreen mActivityType=undefined mAlwaysOnTop=undefined mRotation=ROTATION_0 mPopOver=off mFreeformTaskPinningState=unpinned} s.35618 fontWeightAdjustment=0 ff=0 bf=1 bts=0 desktop/d dm/n dc/d ?dcui ?dcaf enb/d themeSeq=0} mOverrideConfig={0.9 250mcc11mnc [en_US,ru_RU] ldltr sw411dp w411dp h819dp 420dpi nrml long hdr widecg port night finger -keyb/v/h -nav/h winConfig={ mBounds=Rect(0, 0 - 1080, 2280) mAppBounds=Rect(0, 90 - 1080, 2241) mMaxBounds=Rect(0, 0 - 1080, 2280) mWindowingMode=fullscreen mDisplayWindowingMode=fullscreen mActivityType=standard mAlwaysOnTop=undefined mRotation=ROTATION_0 mPopOver=off mFreeformTaskPinningState=unpinned} s.4 fontWeightAdjustment=0 ff=0 bf=1 bts=0 desktop/d dm/n dc/d ?dcui ?dcaf enb/d themeSeq=0}}
06-03 14:32:27.212 17952 17952 I ViewRootImpl@370aaa9[PopupWindow:b9ed021]: [DP] dp(1) 0 android.view.ViewRootImpl.reportNextDraw:11387 android.view.ViewRootImpl.handleResized:2222 android.view.ViewRootImpl.access$1200:294 
06-03 14:32:27.227 17952 17952 I ViewRootImpl@370aaa9[PopupWindow:b9ed021]: [DP] pdf(0) 0 android.view.ViewRootImpl.lambda$addFrameCompleteCallbackIfNeeded$3$ViewRootImpl:4987 android.view.ViewRootImpl$$ExternalSyntheticLambda16.run:6 android.os.Handler.handleCallback:938 
06-03 14:32:27.227 17952 17952 I ViewRootImpl@370aaa9[PopupWindow:b9ed021]: [DP] rdf()
06-03 14:32:27.227 17952 17952 D ViewRootImpl@370aaa9[PopupWindow:b9ed021]: reportDrawFinished (fn: -1) 
06-03 14:32:27.471 17952 17952 I ViewRootImpl@4f1e418[PopupWindow:1a0abfb]: ViewPostIme pointer 0
06-03 14:32:27.521 17952 17952 I ViewRootImpl@4f1e418[PopupWindow:1a0abfb]: ViewPostIme pointer 1
06-03 14:32:27.633 17952 18005 D OpenGLRenderer: setSurface called with nullptr
06-03 14:32:27.633 17952 18005 D OpenGLRenderer: setSurface() destroyed EGLSurface
06-03 14:32:27.633 17952 18005 D OpenGLRenderer: destroyEglSurface
06-03 14:32:27.634 17952 17952 I ViewRootImpl@e8cb0ad[PopupWindow:e2c449c]: dispatchDetachedFromWindow
06-03 14:32:27.640 17952 17952 D InputTransport: Input channel destroyed: 'c99f3a8', fd=149
06-03 14:32:27.640 17952 18005 D OpenGLRenderer: setSurface called with nullptr
06-03 14:32:27.640 17952 18005 D OpenGLRenderer: setSurface() destroyed EGLSurface
06-03 14:32:27.640 17952 18005 D OpenGLRenderer: destroyEglSurface
06-03 14:32:27.641 17952 17952 I ViewRootImpl@370aaa9[PopupWindow:b9ed021]: dispatchDetachedFromWindow
06-03 14:32:27.646 17952 17952 D InputTransport: Input channel destroyed: '7d4cda7', fd=150
06-03 14:32:27.783 17952 18005 D OpenGLRenderer: setSurface called with nullptr
06-03 14:32:27.783 17952 18005 D OpenGLRenderer: setSurface() destroyed EGLSurface
06-03 14:32:27.783 17952 18005 D OpenGLRenderer: destroyEglSurface
06-03 14:32:27.784 17952 18005 D OpenGLRenderer: endAllActiveAnimators on 0x707a4a6eb0 (RippleDrawable) with handle 0x6f8a338b30
06-03 14:32:27.784 17952 17952 I ViewRootImpl@4f1e418[PopupWindow:1a0abfb]: dispatchDetachedFromWindow
06-03 14:32:27.796 17952 17952 D InputTransport: Input channel destroyed: 'abe9345', fd=118
06-03 14:32:28.391 17952 17952 I ViewRootImpl@491cee7[SettingsActivity]: ViewPostIme pointer 0
06-03 14:32:28.392 17952 17952 I MSHandlerLifeCycle: isMultiSplitHandlerRequested: ignored. pkg=io.github.romanvht.byedpi isActivity=false callers=com.android.internal.policy.DecorView.hasMultiSplitHandlerInNonFreeformMode:890 com.android.internal.policy.DecorView.dispatchTouchEvent:930 android.view.View.dispatchPointerEvent:15335 android.view.ViewRootImpl$ViewPostImeInputStage.processPointerEvent:7807 android.view.ViewRootImpl$ViewPostImeInputStage.onProcess:7580 
06-03 14:32:28.392 17952 17952 I MSHandlerLifeCycle: isMultiSplitHandlerRequested: windowingMode=1 isFullscreen=true isPopOver=false isHidden=false skipActivityType=false isHandlerType=true this: DecorView@29053bb[SettingsActivity]
06-03 14:32:28.416 17952 17952 I MSHandlerLifeCycle: isMultiSplitHandlerRequested: ignored. pkg=io.github.romanvht.byedpi isActivity=false callers=com.android.internal.policy.DecorView.hasMultiSplitHandlerInNonFreeformMode:890 com.android.internal.policy.DecorView.dispatchTouchEvent:930 android.view.View.dispatchPointerEvent:15335 android.view.ViewRootImpl$ViewPostImeInputStage.processPointerEvent:7807 android.view.ViewRootImpl$ViewPostImeInputStage.onProcess:7580 
06-03 14:32:28.416 17952 17952 I MSHandlerLifeCycle: isMultiSplitHandlerRequested: windowingMode=1 isFullscreen=true isPopOver=false isHidden=false skipActivityType=false isHandlerType=true this: DecorView@29053bb[SettingsActivity]
06-03 14:32:28.429 17952 17952 I MSHandlerLifeCycle: isMultiSplitHandlerRequested: ignored. pkg=io.github.romanvht.byedpi isActivity=false callers=com.android.internal.policy.DecorView.hasMultiSplitHandlerInNonFreeformMode:890 com.android.internal.policy.DecorView.dispatchTouchEvent:930 android.view.View.dispatchPointerEvent:15335 android.view.ViewRootImpl$ViewPostImeInputStage.processPointerEvent:7807 android.view.ViewRootImpl$ViewPostImeInputStage.onProcess:7580 
06-03 14:32:28.430 17952 17952 I MSHandlerLifeCycle: isMultiSplitHandlerRequested: windowingMode=1 isFullscreen=true isPopOver=false isHidden=false skipActivityType=false isHandlerType=true this: DecorView@29053bb[SettingsActivity]
06-03 14:32:28.430 17952 17952 I ViewRootImpl@491cee7[SettingsActivity]: ViewPostIme pointer 1
06-03 14:32:28.430 17952 17952 I MSHandlerLifeCycle: isMultiSplitHandlerRequested: ignored. pkg=io.github.romanvht.byedpi isActivity=false callers=com.android.internal.policy.DecorView.hasMultiSplitHandlerInNonFreeformMode:890 com.android.internal.policy.DecorView.dispatchTouchEvent:930 android.view.View.dispatchPointerEvent:15335 android.view.ViewRootImpl$ViewPostImeInputStage.processPointerEvent:7807 android.view.ViewRootImpl$ViewPostImeInputStage.onProcess:7580 
06-03 14:32:28.430 17952 17952 I MSHandlerLifeCycle: isMultiSplitHandlerRequested: windowingMode=1 isFullscreen=true isPopOver=false isHidden=false skipActivityType=false isHandlerType=true this: DecorView@29053bb[SettingsActivity]
06-03 14:32:28.439 17952 17952 I MSHandlerLifeCycle: removeMultiSplitHandler: no exist. decor=DecorView@d61ed1e[SettingsActivity]
06-03 14:32:28.440 17952 18005 D OpenGLRenderer: setSurface called with nullptr
06-03 14:32:28.440 17952 18005 D OpenGLRenderer: setSurface() destroyed EGLSurface
06-03 14:32:28.440 17952 18005 D OpenGLRenderer: destroyEglSurface
06-03 14:32:28.441 17952 18005 D OpenGLRenderer: endAllActiveAnimators on 0x707a43cb30 (RippleDrawable) with handle 0x6f8a316120
06-03 14:32:28.441 17952 17952 I ViewRootImpl@491cee7[SettingsActivity]: dispatchDetachedFromWindow
06-03 14:32:28.453 17952 17952 D InputTransport: Input channel destroyed: 'c17b341', fd=90
06-03 14:32:28.453 17952 17952 D InsetsSourceConsumer: setRequestedVisible: visible=false, type=19, host=io.github.romanvht.byedpi/io.github.romanvht.byedpi.activities.SettingsActivity, from=android.view.InsetsSourceConsumer.hide:242 android.view.ImeInsetsSourceConsumer.hide:68 android.view.ImeInsetsSourceConsumer.setControl:128 android.view.InsetsController.onControlsChanged:863 android.view.ViewRootImpl.doDie:9823 android.view.ViewRootImpl.die:9771 android.view.WindowManagerGlobal.removeViewLocked:609 android.view.WindowManagerGlobal.removeView:550 android.view.WindowManagerImpl.removeViewImmediate:162 android.app.Dialog.dismissDialog:778 
06-03 14:32:28.510 17952 17952 I ViewRootImpl@e4d9b38[SettingsActivity]: MSG_WINDOW_FOCUS_CHANGED 1 1
06-03 14:32:28.510 17952 17952 D InputMethodManager: startInputInner - Id : 0
06-03 14:32:28.510 17952 17952 I InputMethodManager: startInputInner - mService.startInputOrWindowGainedFocus
06-03 14:32:28.517 17952 17952 W IInputConnectionWrapper: requestCursorAnchorInfo on inactive InputConnection
06-03 14:32:35.664 17952 17952 I ViewRootImpl@e4d9b38[SettingsActivity]: ViewPostIme pointer 0
06-03 14:32:35.664 17952 17952 I MSHandlerLifeCycle: isMultiSplitHandlerRequested: windowingMode=1 isFullscreen=true isPopOver=false isHidden=false skipActivityType=false isHandlerType=true this: DecorView@29053bb[SettingsActivity]
06-03 14:32:35.703 17952 17952 I MSHandlerLifeCycle: isMultiSplitHandlerRequested: windowingMode=1 isFullscreen=true isPopOver=false isHidden=false skipActivityType=false isHandlerType=true this: DecorView@29053bb[SettingsActivity]
06-03 14:32:35.703 17952 17952 I ViewRootImpl@e4d9b38[SettingsActivity]: ViewPostIme pointer 1
06-03 14:32:35.703 17952 17952 I MSHandlerLifeCycle: isMultiSplitHandlerRequested: windowingMode=1 isFullscreen=true isPopOver=false isHidden=false skipActivityType=false isHandlerType=true this: DecorView@29053bb[SettingsActivity]
06-03 14:32:35.707 17952 17952 I Dialog  : mIsDeviceDefault = false, mIsSamsungBasicInteraction = false, isMetaDataInActivity = false
06-03 14:32:35.713 17952 17952 I DecorView: [INFO] isPopOver=false, config=false
06-03 14:32:35.713 17952 17952 I DecorView: updateCaptionType >> DecorView@5e0b0dd[], isFloating=true, isApplication=true, hasWindowControllerCallback=false, hasWindowDecorCaption=false
06-03 14:32:35.713 17952 17952 D DecorView: setCaptionType = 0, this = DecorView@5e0b0dd[]
06-03 14:32:35.721 17952 17952 D ScrollView: initGoToTop
06-03 14:32:35.734 17952 17952 I ViewRootImpl@82a704e[SettingsActivity]: setView = com.android.internal.policy.DecorView@5e0b0dd TM=true
06-03 14:32:35.749 17952 17952 I ViewRootImpl@82a704e[SettingsActivity]: Relayout returned: old=(0,90,1080,2241) new=(28,694,1052,1636) req=(1024,942)0 dur=5 res=0x7 s={true 484965693488} ch=true fn=-1
06-03 14:32:35.749 17952 18005 D OpenGLRenderer: eglCreateWindowSurface
06-03 14:32:35.752 17952 17952 D AbsListView:  in onLayout changed 
06-03 14:32:35.753 17952 17952 I ViewRootImpl@82a704e[SettingsActivity]: [DP] dp(1) 1 android.view.ViewRootImpl.reportNextDraw:11387 android.view.ViewRootImpl.performTraversals:4185 android.view.ViewRootImpl.doTraversal:2911 
06-03 14:32:35.758 17952 17952 I ViewRootImpl@82a704e[SettingsActivity]: [DP] pdf(0) 1 android.view.ViewRootImpl.lambda$addFrameCompleteCallbackIfNeeded$3$ViewRootImpl:4987 android.view.ViewRootImpl$$ExternalSyntheticLambda16.run:6 android.os.Handler.handleCallback:938 
06-03 14:32:35.758 17952 17952 I ViewRootImpl@82a704e[SettingsActivity]: [DP] rdf()
06-03 14:32:35.758 17952 17952 D ViewRootImpl@82a704e[SettingsActivity]: reportDrawFinished (fn: -1) 
06-03 14:32:35.820 17952 17952 I ViewRootImpl@e4d9b38[SettingsActivity]: MSG_WINDOW_FOCUS_CHANGED 0 1
06-03 14:32:35.820 17952 17952 I ViewRootImpl@82a704e[SettingsActivity]: MSG_WINDOW_FOCUS_CHANGED 1 1
06-03 14:32:37.068 17952 17952 I ViewRootImpl@82a704e[SettingsActivity]: ViewPostIme pointer 0
06-03 14:32:37.068 17952 17952 I MSHandlerLifeCycle: isMultiSplitHandlerRequested: ignored. pkg=io.github.romanvht.byedpi isActivity=false callers=com.android.internal.policy.DecorView.hasMultiSplitHandlerInNonFreeformMode:890 com.android.internal.policy.DecorView.dispatchTouchEvent:930 android.view.View.dispatchPointerEvent:15335 android.view.ViewRootImpl$ViewPostImeInputStage.processPointerEvent:7807 android.view.ViewRootImpl$ViewPostImeInputStage.onProcess:7580 
06-03 14:32:37.069 17952 17952 I MSHandlerLifeCycle: isMultiSplitHandlerRequested: windowingMode=1 isFullscreen=true isPopOver=false isHidden=false skipActivityType=false isHandlerType=true this: DecorView@29053bb[SettingsActivity]
06-03 14:32:37.107 17952 17952 I MSHandlerLifeCycle: isMultiSplitHandlerRequested: ignored. pkg=io.github.romanvht.byedpi isActivity=false callers=com.android.internal.policy.DecorView.hasMultiSplitHandlerInNonFreeformMode:890 com.android.internal.policy.DecorView.dispatchTouchEvent:930 android.view.View.dispatchPointerEvent:15335 android.view.ViewRootImpl$ViewPostImeInputStage.processPointerEvent:7807 android.view.ViewRootImpl$ViewPostImeInputStage.onProcess:7580 
06-03 14:32:37.108 17952 17952 I MSHandlerLifeCycle: isMultiSplitHandlerRequested: windowingMode=1 isFullscreen=true isPopOver=false isHidden=false skipActivityType=false isHandlerType=true this: DecorView@29053bb[SettingsActivity]
06-03 14:32:37.112 17952 17952 I MSHandlerLifeCycle: isMultiSplitHandlerRequested: ignored. pkg=io.github.romanvht.byedpi isActivity=false callers=com.android.internal.policy.DecorView.hasMultiSplitHandlerInNonFreeformMode:890 com.android.internal.policy.DecorView.dispatchTouchEvent:930 android.view.View.dispatchPointerEvent:15335 android.view.ViewRootImpl$ViewPostImeInputStage.processPointerEvent:7807 android.view.ViewRootImpl$ViewPostImeInputStage.onProcess:7580 
06-03 14:32:37.112 17952 17952 I MSHandlerLifeCycle: isMultiSplitHandlerRequested: windowingMode=1 isFullscreen=true isPopOver=false isHidden=false skipActivityType=false isHandlerType=true this: DecorView@29053bb[SettingsActivity]
06-03 14:32:37.112 17952 17952 I ViewRootImpl@82a704e[SettingsActivity]: ViewPostIme pointer 1
06-03 14:32:37.112 17952 17952 I MSHandlerLifeCycle: isMultiSplitHandlerRequested: ignored. pkg=io.github.romanvht.byedpi isActivity=false callers=com.android.internal.policy.DecorView.hasMultiSplitHandlerInNonFreeformMode:890 com.android.internal.policy.DecorView.dispatchTouchEvent:930 android.view.View.dispatchPointerEvent:15335 android.view.ViewRootImpl$ViewPostImeInputStage.processPointerEvent:7807 android.view.ViewRootImpl$ViewPostImeInputStage.onProcess:7580 
06-03 14:32:37.112 17952 17952 I MSHandlerLifeCycle: isMultiSplitHandlerRequested: windowingMode=1 isFullscreen=true isPopOver=false isHidden=false skipActivityType=false isHandlerType=true this: DecorView@29053bb[SettingsActivity]
06-03 14:32:37.113 17952 17952 D AbsListView: onTouchUp() mTouchMode : 0
06-03 14:32:37.182 17952 17952 I MSHandlerLifeCycle: removeMultiSplitHandler: no exist. decor=DecorView@5e0b0dd[SettingsActivity]
06-03 14:32:37.183 17952 18005 D OpenGLRenderer: setSurface called with nullptr
06-03 14:32:37.183 17952 18005 D OpenGLRenderer: setSurface() destroyed EGLSurface
06-03 14:32:37.183 17952 18005 D OpenGLRenderer: destroyEglSurface
06-03 14:32:37.184 17952 18005 D OpenGLRenderer: endAllActiveAnimators on 0x707a45b470 (AlertController$RecycleListView) with handle 0x6f8a3293b0
06-03 14:32:37.184 17952 17952 I ViewRootImpl@82a704e[SettingsActivity]: dispatchDetachedFromWindow
06-03 14:32:37.199 17952 17952 D InputTransport: Input channel destroyed: '7c49f2b', fd=103
06-03 14:32:37.227 17952 17952 I ViewRootImpl@e4d9b38[SettingsActivity]: MSG_WINDOW_FOCUS_CHANGED 1 1
06-03 14:32:37.228 17952 17952 D InputMethodManager: startInputInner - Id : 0
06-03 14:32:37.228 17952 17952 I InputMethodManager: startInputInner - mService.startInputOrWindowGainedFocus
06-03 14:32:38.909 17952 17952 I ViewRootImpl@e4d9b38[SettingsActivity]: ViewPostIme pointer 0
06-03 14:32:38.909 17952 17952 I MSHandlerLifeCycle: isMultiSplitHandlerRequested: windowingMode=1 isFullscreen=true isPopOver=false isHidden=false skipActivityType=false isHandlerType=true this: DecorView@29053bb[SettingsActivity]
06-03 14:32:38.926 17952 17952 I MSHandlerLifeCycle: isMultiSplitHandlerRequested: windowingMode=1 isFullscreen=true isPopOver=false isHidden=false skipActivityType=false isHandlerType=true this: DecorView@29053bb[SettingsActivity]
06-03 14:32:38.943 17952 17952 I MSHandlerLifeCycle: isMultiSplitHandlerRequested: windowingMode=1 isFullscreen=true isPopOver=false isHidden=false skipActivityType=false isHandlerType=true this: DecorView@29053bb[SettingsActivity]
06-03 14:32:38.965 17952 17952 I MSHandlerLifeCycle: isMultiSplitHandlerRequested: windowingMode=1 isFullscreen=true isPopOver=false isHidden=false skipActivityType=false isHandlerType=true this: DecorView@29053bb[SettingsActivity]
06-03 14:32:38.966 17952 17952 I ViewRootImpl@e4d9b38[SettingsActivity]: ViewPostIme pointer 1
06-03 14:32:38.966 17952 17952 I MSHandlerLifeCycle: isMultiSplitHandlerRequested: windowingMode=1 isFullscreen=true isPopOver=false isHidden=false skipActivityType=false isHandlerType=true this: DecorView@29053bb[SettingsActivity]
06-03 14:32:38.978 17952 17952 I Dialog  : mIsDeviceDefault = false, mIsSamsungBasicInteraction = false, isMetaDataInActivity = false
06-03 14:32:38.981 17952 17952 I DecorView: [INFO] isPopOver=false, config=false
06-03 14:32:38.981 17952 17952 I DecorView: updateCaptionType >> DecorView@83bb161[], isFloating=true, isApplication=true, hasWindowControllerCallback=false, hasWindowDecorCaption=false
06-03 14:32:38.981 17952 17952 D DecorView: setCaptionType = 0, this = DecorView@83bb161[]
06-03 14:32:38.989 17952 17952 D ScrollView: initGoToTop
06-03 14:32:39.005 17952 17952 I ViewRootImpl@4047ba4[SettingsActivity]: setView = com.android.internal.policy.DecorView@83bb161 TM=true
06-03 14:32:39.051 17952 17952 I ViewRootImpl@4047ba4[SettingsActivity]: Relayout returned: old=(0,90,1080,2241) new=(28,857,1052,1474) req=(1024,617)0 dur=4 res=0x7 s={true 484965693488} ch=true fn=-1
06-03 14:32:39.051 17952 18005 D OpenGLRenderer: eglCreateWindowSurface
06-03 14:32:39.052 17952 17952 D AbsListView:  in onLayout changed 
06-03 14:32:39.052 17952 17952 D ScrollView:  onsize change changed 
06-03 14:32:39.052 17952 17952 I ViewRootImpl@4047ba4[SettingsActivity]: [DP] dp(1) 1 android.view.ViewRootImpl.reportNextDraw:11387 android.view.ViewRootImpl.performTraversals:4185 android.view.ViewRootImpl.doTraversal:2911 
06-03 14:32:39.057 17952 17952 I ViewRootImpl@4047ba4[SettingsActivity]: [DP] pdf(0) 1 android.view.ViewRootImpl.lambda$addFrameCompleteCallbackIfNeeded$3$ViewRootImpl:4987 android.view.ViewRootImpl$$ExternalSyntheticLambda16.run:6 android.os.Handler.handleCallback:938 
06-03 14:32:39.057 17952 17952 I ViewRootImpl@4047ba4[SettingsActivity]: [DP] rdf()
06-03 14:32:39.057 17952 17952 D ViewRootImpl@4047ba4[SettingsActivity]: reportDrawFinished (fn: -1) 
06-03 14:32:39.082 17952 17952 I ViewRootImpl@e4d9b38[SettingsActivity]: MSG_WINDOW_FOCUS_CHANGED 0 1
06-03 14:32:39.082 17952 17952 I ViewRootImpl@4047ba4[SettingsActivity]: MSG_WINDOW_FOCUS_CHANGED 1 1
06-03 14:32:41.931 17952 17952 I ViewRootImpl@4047ba4[SettingsActivity]: ViewPostIme pointer 0
06-03 14:32:41.931 17952 17952 I MSHandlerLifeCycle: isMultiSplitHandlerRequested: ignored. pkg=io.github.romanvht.byedpi isActivity=false callers=com.android.internal.policy.DecorView.hasMultiSplitHandlerInNonFreeformMode:890 com.android.internal.policy.DecorView.dispatchTouchEvent:930 android.view.View.dispatchPointerEvent:15335 android.view.ViewRootImpl$ViewPostImeInputStage.processPointerEvent:7807 android.view.ViewRootImpl$ViewPostImeInputStage.onProcess:7580 
06-03 14:32:41.931 17952 17952 I MSHandlerLifeCycle: isMultiSplitHandlerRequested: windowingMode=1 isFullscreen=true isPopOver=false isHidden=false skipActivityType=false isHandlerType=true this: DecorView@29053bb[SettingsActivity]
06-03 14:32:41.979 17952 17952 I MSHandlerLifeCycle: isMultiSplitHandlerRequested: ignored. pkg=io.github.romanvht.byedpi isActivity=false callers=com.android.internal.policy.DecorView.hasMultiSplitHandlerInNonFreeformMode:890 com.android.internal.policy.DecorView.dispatchTouchEvent:930 android.view.View.dispatchPointerEvent:15335 android.view.ViewRootImpl$ViewPostImeInputStage.processPointerEvent:7807 android.view.ViewRootImpl$ViewPostImeInputStage.onProcess:7580 
06-03 14:32:41.979 17952 17952 I MSHandlerLifeCycle: isMultiSplitHandlerRequested: windowingMode=1 isFullscreen=true isPopOver=false isHidden=false skipActivityType=false isHandlerType=true this: DecorView@29053bb[SettingsActivity]
06-03 14:32:41.996 17952 17952 I MSHandlerLifeCycle: isMultiSplitHandlerRequested: ignored. pkg=io.github.romanvht.byedpi isActivity=false callers=com.android.internal.policy.DecorView.hasMultiSplitHandlerInNonFreeformMode:890 com.android.internal.policy.DecorView.dispatchTouchEvent:930 android.view.View.dispatchPointerEvent:15335 android.view.ViewRootImpl$ViewPostImeInputStage.processPointerEvent:7807 android.view.ViewRootImpl$ViewPostImeInputStage.onProcess:7580 
06-03 14:32:41.996 17952 17952 I MSHandlerLifeCycle: isMultiSplitHandlerRequested: windowingMode=1 isFullscreen=true isPopOver=false isHidden=false skipActivityType=false isHandlerType=true this: DecorView@29053bb[SettingsActivity]
06-03 14:32:42.000 17952 17952 I MSHandlerLifeCycle: isMultiSplitHandlerRequested: ignored. pkg=io.github.romanvht.byedpi isActivity=false callers=com.android.internal.policy.DecorView.hasMultiSplitHandlerInNonFreeformMode:890 com.android.internal.policy.DecorView.dispatchTouchEvent:930 android.view.View.dispatchPointerEvent:15335 android.view.ViewRootImpl$ViewPostImeInputStage.processPointerEvent:7807 android.view.ViewRootImpl$ViewPostImeInputStage.onProcess:7580 
06-03 14:32:42.000 17952 17952 I MSHandlerLifeCycle: isMultiSplitHandlerRequested: windowingMode=1 isFullscreen=true isPopOver=false isHidden=false skipActivityType=false isHandlerType=true this: DecorView@29053bb[SettingsActivity]
06-03 14:32:42.000 17952 17952 I ViewRootImpl@4047ba4[SettingsActivity]: ViewPostIme pointer 1
06-03 14:32:42.000 17952 17952 I MSHandlerLifeCycle: isMultiSplitHandlerRequested: ignored. pkg=io.github.romanvht.byedpi isActivity=false callers=com.android.internal.policy.DecorView.hasMultiSplitHandlerInNonFreeformMode:890 com.android.internal.policy.DecorView.dispatchTouchEvent:930 android.view.View.dispatchPointerEvent:15335 android.view.ViewRootImpl$ViewPostImeInputStage.processPointerEvent:7807 android.view.ViewRootImpl$ViewPostImeInputStage.onProcess:7580 
06-03 14:32:42.000 17952 17952 I MSHandlerLifeCycle: isMultiSplitHandlerRequested: windowingMode=1 isFullscreen=true isPopOver=false isHidden=false skipActivityType=false isHandlerType=true this: DecorView@29053bb[SettingsActivity]
06-03 14:32:42.001 17952 17952 I MSHandlerLifeCycle: removeMultiSplitHandler: no exist. decor=DecorView@83bb161[SettingsActivity]
06-03 14:32:42.003 17952 18005 D OpenGLRenderer: setSurface called with nullptr
06-03 14:32:42.003 17952 18005 D OpenGLRenderer: setSurface() destroyed EGLSurface
06-03 14:32:42.003 17952 18005 D OpenGLRenderer: destroyEglSurface
06-03 14:32:42.007 17952 17952 I ViewRootImpl@4047ba4[SettingsActivity]: dispatchDetachedFromWindow
06-03 14:32:42.021 17952 17952 W InputEventReceiver: Attempted to finish an input event but the input event receiver has already been disposed.
06-03 14:32:42.021 17952 17952 D InputTransport: Input channel destroyed: 'd425483', fd=92
06-03 14:32:42.048 17952 17952 I ViewRootImpl@e4d9b38[SettingsActivity]: MSG_WINDOW_FOCUS_CHANGED 1 1
06-03 14:32:42.049 17952 17952 D InputMethodManager: startInputInner - Id : 0
06-03 14:32:42.049 17952 17952 I InputMethodManager: startInputInner - mService.startInputOrWindowGainedFocus
06-03 14:32:43.066 17952 17952 I ViewRootImpl@e4d9b38[SettingsActivity]: ViewPostIme pointer 0
06-03 14:32:43.066 17952 17952 I MSHandlerLifeCycle: isMultiSplitHandlerRequested: windowingMode=1 isFullscreen=true isPopOver=false isHidden=false skipActivityType=false isHandlerType=true this: DecorView@29053bb[SettingsActivity]
06-03 14:32:43.080 17952 17952 I MSHandlerLifeCycle: isMultiSplitHandlerRequested: windowingMode=1 isFullscreen=true isPopOver=false isHidden=false skipActivityType=false isHandlerType=true this: DecorView@29053bb[SettingsActivity]
06-03 14:32:43.098 17952 17952 I MSHandlerLifeCycle: isMultiSplitHandlerRequested: windowingMode=1 isFullscreen=true isPopOver=false isHidden=false skipActivityType=false isHandlerType=true this: DecorView@29053bb[SettingsActivity]
06-03 14:32:43.130 17952 17952 I MSHandlerLifeCycle: isMultiSplitHandlerRequested: windowingMode=1 isFullscreen=true isPopOver=false isHidden=false skipActivityType=false isHandlerType=true this: DecorView@29053bb[SettingsActivity]
06-03 14:32:43.213 17952 17952 I MSHandlerLifeCycle: isMultiSplitHandlerRequested: windowingMode=1 isFullscreen=true isPopOver=false isHidden=false skipActivityType=false isHandlerType=true this: DecorView@29053bb[SettingsActivity]
06-03 14:32:43.347 17952 17952 I MSHandlerLifeCycle: isMultiSplitHandlerRequested: windowingMode=1 isFullscreen=true isPopOver=false isHidden=false skipActivityType=false isHandlerType=true this: DecorView@29053bb[SettingsActivity]
06-03 14:32:43.397 17952 17952 I MSHandlerLifeCycle: isMultiSplitHandlerRequested: windowingMode=1 isFullscreen=true isPopOver=false isHidden=false skipActivityType=false isHandlerType=true this: DecorView@29053bb[SettingsActivity]
06-03 14:32:43.414 17952 17952 I MSHandlerLifeCycle: isMultiSplitHandlerRequested: windowingMode=1 isFullscreen=true isPopOver=false isHidden=false skipActivityType=false isHandlerType=true this: DecorView@29053bb[SettingsActivity]
06-03 14:32:43.430 17952 17952 I MSHandlerLifeCycle: isMultiSplitHandlerRequested: windowingMode=1 isFullscreen=true isPopOver=false isHidden=false skipActivityType=false isHandlerType=true this: DecorView@29053bb[SettingsActivity]
06-03 14:32:43.447 17952 17952 I MSHandlerLifeCycle: isMultiSplitHandlerRequested: windowingMode=1 isFullscreen=true isPopOver=false isHidden=false skipActivityType=false isHandlerType=true this: DecorView@29053bb[SettingsActivity]
06-03 14:32:43.463 17952 17952 I MSHandlerLifeCycle: isMultiSplitHandlerRequested: windowingMode=1 isFullscreen=true isPopOver=false isHidden=false skipActivityType=false isHandlerType=true this: DecorView@29053bb[SettingsActivity]
06-03 14:32:43.480 17952 17952 I MSHandlerLifeCycle: isMultiSplitHandlerRequested: windowingMode=1 isFullscreen=true isPopOver=false isHidden=false skipActivityType=false isHandlerType=true this: DecorView@29053bb[SettingsActivity]
06-03 14:32:43.497 17952 17952 I MSHandlerLifeCycle: isMultiSplitHandlerRequested: windowingMode=1 isFullscreen=true isPopOver=false isHidden=false skipActivityType=false isHandlerType=true this: DecorView@29053bb[SettingsActivity]
06-03 14:32:43.514 17952 17952 I MSHandlerLifeCycle: isMultiSplitHandlerRequested: windowingMode=1 isFullscreen=true isPopOver=false isHidden=false skipActivityType=false isHandlerType=true this: DecorView@29053bb[SettingsActivity]
06-03 14:32:43.530 17952 17952 I MSHandlerLifeCycle: isMultiSplitHandlerRequested: windowingMode=1 isFullscreen=true isPopOver=false isHidden=false skipActivityType=false isHandlerType=true this: DecorView@29053bb[SettingsActivity]
06-03 14:32:43.547 17952 17952 I MSHandlerLifeCycle: isMultiSplitHandlerRequested: windowingMode=1 isFullscreen=true isPopOver=false isHidden=false skipActivityType=false isHandlerType=true this: DecorView@29053bb[SettingsActivity]
06-03 14:32:43.563 17952 17952 I MSHandlerLifeCycle: isMultiSplitHandlerRequested: windowingMode=1 isFullscreen=true isPopOver=false isHidden=false skipActivityType=false isHandlerType=true this: DecorView@29053bb[SettingsActivity]
06-03 14:32:43.580 17952 17952 I MSHandlerLifeCycle: isMultiSplitHandlerRequested: windowingMode=1 isFullscreen=true isPopOver=false isHidden=false skipActivityType=false isHandlerType=true this: DecorView@29053bb[SettingsActivity]
06-03 14:32:43.597 17952 17952 I MSHandlerLifeCycle: isMultiSplitHandlerRequested: windowingMode=1 isFullscreen=true isPopOver=false isHidden=false skipActivityType=false isHandlerType=true this: DecorView@29053bb[SettingsActivity]
06-03 14:32:43.609 17952 17952 I MSHandlerLifeCycle: isMultiSplitHandlerRequested: windowingMode=1 isFullscreen=true isPopOver=false isHidden=false skipActivityType=false isHandlerType=true this: DecorView@29053bb[SettingsActivity]
06-03 14:32:43.609 17952 17952 I ViewRootImpl@e4d9b38[SettingsActivity]: ViewPostIme pointer 1
06-03 14:32:43.609 17952 17952 I MSHandlerLifeCycle: isMultiSplitHandlerRequested: windowingMode=1 isFullscreen=true isPopOver=false isHidden=false skipActivityType=false isHandlerType=true this: DecorView@29053bb[SettingsActivity]
06-03 14:32:44.328 17952 17952 I ViewRootImpl@e4d9b38[SettingsActivity]: ViewPostIme pointer 0
06-03 14:32:44.328 17952 17952 I MSHandlerLifeCycle: isMultiSplitHandlerRequested: windowingMode=1 isFullscreen=true isPopOver=false isHidden=false skipActivityType=false isHandlerType=true this: DecorView@29053bb[SettingsActivity]
06-03 14:32:44.381 17952 17952 I MSHandlerLifeCycle: isMultiSplitHandlerRequested: windowingMode=1 isFullscreen=true isPopOver=false isHidden=false skipActivityType=false isHandlerType=true this: DecorView@29053bb[SettingsActivity]
06-03 14:32:44.414 17952 17952 I MSHandlerLifeCycle: isMultiSplitHandlerRequested: windowingMode=1 isFullscreen=true isPopOver=false isHidden=false skipActivityType=false isHandlerType=true this: DecorView@29053bb[SettingsActivity]
06-03 14:32:44.681 17952 17952 I MSHandlerLifeCycle: isMultiSplitHandlerRequested: windowingMode=1 isFullscreen=true isPopOver=false isHidden=false skipActivityType=false isHandlerType=true this: DecorView@29053bb[SettingsActivity]
06-03 14:32:44.731 17952 17952 I MSHandlerLifeCycle: isMultiSplitHandlerRequested: windowingMode=1 isFullscreen=true isPopOver=false isHidden=false skipActivityType=false isHandlerType=true this: DecorView@29053bb[SettingsActivity]
06-03 14:32:44.748 17952 17952 I MSHandlerLifeCycle: isMultiSplitHandlerRequested: windowingMode=1 isFullscreen=true isPopOver=false isHidden=false skipActivityType=false isHandlerType=true this: DecorView@29053bb[SettingsActivity]
06-03 14:32:44.782 17952 17952 I MSHandlerLifeCycle: isMultiSplitHandlerRequested: windowingMode=1 isFullscreen=true isPopOver=false isHidden=false skipActivityType=false isHandlerType=true this: DecorView@29053bb[SettingsActivity]
06-03 14:32:45.111 17952 17952 I ViewRootImpl@e4d9b38[SettingsActivity]: ViewPostIme pointer 1
06-03 14:32:45.111 17952 17952 I MSHandlerLifeCycle: isMultiSplitHandlerRequested: windowingMode=1 isFullscreen=true isPopOver=false isHidden=false skipActivityType=false isHandlerType=true this: DecorView@29053bb[SettingsActivity]
06-03 14:32:45.113 17952 17952 I Dialog  : mIsDeviceDefault = false, mIsSamsungBasicInteraction = false, isMetaDataInActivity = false
06-03 14:32:45.119 17952 17952 I DecorView: [INFO] isPopOver=false, config=false
06-03 14:32:45.119 17952 17952 I DecorView: updateCaptionType >> DecorView@7358c1f[], isFloating=true, isApplication=true, hasWindowControllerCallback=false, hasWindowDecorCaption=false
06-03 14:32:45.119 17952 17952 D DecorView: setCaptionType = 0, this = DecorView@7358c1f[]
06-03 14:32:45.131 17952 17952 D ScrollView: initGoToTop
06-03 14:32:45.151 17952 17952 I ViewRootImpl@4a4d5a5[SettingsActivity]: setView = com.android.internal.policy.DecorView@7358c1f TM=true
06-03 14:32:45.166 17952 17952 I ViewRootImpl@4a4d5a5[SettingsActivity]: Relayout returned: old=(0,90,1080,2241) new=(28,694,1052,1636) req=(1024,942)0 dur=6 res=0x7 s={true 484965693488} ch=true fn=-1
06-03 14:32:45.166 17952 18005 D OpenGLRenderer: eglCreateWindowSurface
06-03 14:32:45.170 17952 17952 D AbsListView:  in onLayout changed 
06-03 14:32:45.170 17952 17952 I ViewRootImpl@4a4d5a5[SettingsActivity]: [DP] dp(1) 1 android.view.ViewRootImpl.reportNextDraw:11387 android.view.ViewRootImpl.performTraversals:4185 android.view.ViewRootImpl.doTraversal:2911 
06-03 14:32:45.175 17952 17952 I ViewRootImpl@4a4d5a5[SettingsActivity]: [DP] pdf(0) 1 android.view.ViewRootImpl.lambda$addFrameCompleteCallbackIfNeeded$3$ViewRootImpl:4987 android.view.ViewRootImpl$$ExternalSyntheticLambda16.run:6 android.os.Handler.handleCallback:938 
06-03 14:32:45.175 17952 17952 I ViewRootImpl@4a4d5a5[SettingsActivity]: [DP] rdf()
06-03 14:32:45.175 17952 17952 D ViewRootImpl@4a4d5a5[SettingsActivity]: reportDrawFinished (fn: -1) 
06-03 14:32:45.184 17952 17952 I ViewRootImpl@e4d9b38[SettingsActivity]: MSG_WINDOW_FOCUS_CHANGED 0 1
06-03 14:32:45.201 17952 17952 I ViewRootImpl@4a4d5a5[SettingsActivity]: MSG_WINDOW_FOCUS_CHANGED 1 1
