06-03 14:34:20.820 17952 17952 I ViewRootImpl@9fadccb[MainActivity]: stopped(true) old=false
06-03 14:34:20.820 17952 17952 I MSHandlerLifeCycle: isMultiSplitHandlerRequested: windowingMode=1 isFullscreen=true isPopOver=false isHidden=false skipActivityType=false isHandlerType=true this: DecorView@1ef82c[MainActivity]
06-03 14:34:20.820 17952 17952 I MSHandlerLifeCycle: removeMultiSplitHandler: no exist. decor=DecorView@1ef82c[MainActivity]
06-03 14:34:21.801 17952 17952 I ViewRootImpl@fb1ccea[SettingsActivity]: ViewPostIme pointer 0
06-03 14:34:21.801 17952 17952 I MSHandlerLifeCycle: isMultiSplitHandlerRequested: windowingMode=1 isFullscreen=true isPopOver=false isHidden=false skipActivityType=false isHandlerType=true this: DecorView@ef19e32[SettingsActivity]
06-03 14:34:21.829 17952 17952 I MSHandlerLifeCycle: isMultiSplitHandlerRequested: windowingMode=1 isFullscreen=true isPopOver=false isHidden=false skipActivityType=false isHandlerType=true this: DecorView@ef19e32[SettingsActivity]
06-03 14:34:21.831 17952 17952 I MSHandlerLifeCycle: isMultiSplitHandlerRequested: windowingMode=1 isFullscreen=true isPopOver=false isHidden=false skipActivityType=false isHandlerType=true this: DecorView@ef19e32[SettingsActivity]
06-03 14:34:22.461 17952 17952 I ViewRootImpl@fb1ccea[SettingsActivity]: ViewPostIme pointer 0
06-03 14:34:22.461 17952 17952 I MSHandlerLifeCycle: isMultiSplitHandlerRequested: windowingMode=1 isFullscreen=true isPopOver=false isHidden=false skipActivityType=false isHandlerType=true this: DecorView@ef19e32[SettingsActivity]
06-03 14:34:22.480 17952 17952 I MSHandlerLifeCycle: isMultiSplitHandlerRequested: windowingMode=1 isFullscreen=true isPopOver=false isHidden=false skipActivityType=false isHandlerType=true this: DecorView@ef19e32[SettingsActivity]
06-03 14:34:22.497 17952 17952 I MSHandlerLifeCycle: isMultiSplitHandlerRequested: windowingMode=1 isFullscreen=true isPopOver=false isHidden=false skipActivityType=false isHandlerType=true this: DecorView@ef19e32[SettingsActivity]
06-03 14:34:22.514 17952 17952 I MSHandlerLifeCycle: isMultiSplitHandlerRequested: windowingMode=1 isFullscreen=true isPopOver=false isHidden=false skipActivityType=false isHandlerType=true this: DecorView@ef19e32[SettingsActivity]
06-03 14:34:22.527 17952 17952 I MSHandlerLifeCycle: isMultiSplitHandlerRequested: windowingMode=1 isFullscreen=true isPopOver=false isHidden=false skipActivityType=false isHandlerType=true this: DecorView@ef19e32[SettingsActivity]
06-03 14:34:22.527 17952 17952 I ViewRootImpl@fb1ccea[SettingsActivity]: ViewPostIme pointer 1
06-03 14:34:22.528 17952 17952 I MSHandlerLifeCycle: isMultiSplitHandlerRequested: windowingMode=1 isFullscreen=true isPopOver=false isHidden=false skipActivityType=false isHandlerType=true this: DecorView@ef19e32[SettingsActivity]
06-03 14:34:22.533 17952 17952 I Dialog  : mIsDeviceDefault = false, mIsSamsungBasicInteraction = false, isMetaDataInActivity = false
06-03 14:34:22.538 17952 17952 I DecorView: [INFO] isPopOver=false, config=false
06-03 14:34:22.538 17952 17952 I DecorView: updateCaptionType >> DecorView@9decb38[], isFloating=true, isApplication=true, hasWindowControllerCallback=false, hasWindowDecorCaption=false
06-03 14:34:22.538 17952 17952 D DecorView: setCaptionType = 0, this = DecorView@9decb38[]
06-03 14:34:22.545 17952 17952 D ScrollView: initGoToTop
06-03 14:34:22.561 17952 17952 I ViewRootImpl@e29605f[SettingsActivity]: setView = com.android.internal.policy.DecorView@9decb38 TM=true
06-03 14:34:22.573 17952 17952 I ViewRootImpl@e29605f[SettingsActivity]: Relayout returned: old=(0,90,1080,2241) new=(28,857,1052,1474) req=(1024,617)0 dur=7 res=0x7 s={true 484965946368} ch=true fn=-1
06-03 14:34:22.574 17952 18005 D OpenGLRenderer: eglCreateWindowSurface
06-03 14:34:22.575 17952 17952 D AbsListView:  in onLayout changed 
06-03 14:34:22.575 17952 17952 D ScrollView:  onsize change changed 
06-03 14:34:22.576 17952 17952 I ViewRootImpl@e29605f[SettingsActivity]: [DP] dp(1) 1 android.view.ViewRootImpl.reportNextDraw:11387 android.view.ViewRootImpl.performTraversals:4185 android.view.ViewRootImpl.doTraversal:2911 
06-03 14:34:22.582 17952 17952 I ViewRootImpl@e29605f[SettingsActivity]: [DP] pdf(0) 1 android.view.ViewRootImpl.lambda$addFrameCompleteCallbackIfNeeded$3$ViewRootImpl:4987 android.view.ViewRootImpl$$ExternalSyntheticLambda16.run:6 android.os.Handler.handleCallback:938 
06-03 14:34:22.582 17952 17952 I ViewRootImpl@e29605f[SettingsActivity]: [DP] rdf()
06-03 14:34:22.582 17952 17952 D ViewRootImpl@e29605f[SettingsActivity]: reportDrawFinished (fn: -1) 
06-03 14:34:22.615 17952 17952 I ViewRootImpl@fb1ccea[SettingsActivity]: MSG_WINDOW_FOCUS_CHANGED 0 1
06-03 14:34:22.616 17952 17952 I ViewRootImpl@e29605f[SettingsActivity]: MSG_WINDOW_FOCUS_CHANGED 1 1
06-03 14:34:23.362 17952 17952 I ViewRootImpl@e29605f[SettingsActivity]: ViewPostIme pointer 0
06-03 14:34:23.362 17952 17952 I MSHandlerLifeCycle: isMultiSplitHandlerRequested: ignored. pkg=io.github.romanvht.byedpi isActivity=false callers=com.android.internal.policy.DecorView.hasMultiSplitHandlerInNonFreeformMode:890 com.android.internal.policy.DecorView.dispatchTouchEvent:930 android.view.View.dispatchPointerEvent:15335 android.view.ViewRootImpl$ViewPostImeInputStage.processPointerEvent:7807 android.view.ViewRootImpl$ViewPostImeInputStage.onProcess:7580 
06-03 14:34:23.362 17952 17952 I MSHandlerLifeCycle: isMultiSplitHandlerRequested: windowingMode=1 isFullscreen=true isPopOver=false isHidden=false skipActivityType=false isHandlerType=true this: DecorView@ef19e32[SettingsActivity]
06-03 14:34:23.398 17952 17952 I MSHandlerLifeCycle: isMultiSplitHandlerRequested: ignored. pkg=io.github.romanvht.byedpi isActivity=false callers=com.android.internal.policy.DecorView.hasMultiSplitHandlerInNonFreeformMode:890 com.android.internal.policy.DecorView.dispatchTouchEvent:930 android.view.View.dispatchPointerEvent:15335 android.view.ViewRootImpl$ViewPostImeInputStage.processPointerEvent:7807 android.view.ViewRootImpl$ViewPostImeInputStage.onProcess:7580 
06-03 14:34:23.398 17952 17952 I MSHandlerLifeCycle: isMultiSplitHandlerRequested: windowingMode=1 isFullscreen=true isPopOver=false isHidden=false skipActivityType=false isHandlerType=true this: DecorView@ef19e32[SettingsActivity]
06-03 14:34:23.432 17952 17952 I MSHandlerLifeCycle: isMultiSplitHandlerRequested: ignored. pkg=io.github.romanvht.byedpi isActivity=false callers=com.android.internal.policy.DecorView.hasMultiSplitHandlerInNonFreeformMode:890 com.android.internal.policy.DecorView.dispatchTouchEvent:930 android.view.View.dispatchPointerEvent:15335 android.view.ViewRootImpl$ViewPostImeInputStage.processPointerEvent:7807 android.view.ViewRootImpl$ViewPostImeInputStage.onProcess:7580 
06-03 14:34:23.432 17952 17952 I MSHandlerLifeCycle: isMultiSplitHandlerRequested: windowingMode=1 isFullscreen=true isPopOver=false isHidden=false skipActivityType=false isHandlerType=true this: DecorView@ef19e32[SettingsActivity]
06-03 14:34:23.448 17952 17952 I MSHandlerLifeCycle: isMultiSplitHandlerRequested: ignored. pkg=io.github.romanvht.byedpi isActivity=false callers=com.android.internal.policy.DecorView.hasMultiSplitHandlerInNonFreeformMode:890 com.android.internal.policy.DecorView.dispatchTouchEvent:930 android.view.View.dispatchPointerEvent:15335 android.view.ViewRootImpl$ViewPostImeInputStage.processPointerEvent:7807 android.view.ViewRootImpl$ViewPostImeInputStage.onProcess:7580 
06-03 14:34:23.448 17952 17952 I MSHandlerLifeCycle: isMultiSplitHandlerRequested: windowingMode=1 isFullscreen=true isPopOver=false isHidden=false skipActivityType=false isHandlerType=true this: DecorView@ef19e32[SettingsActivity]
06-03 14:34:23.465 17952 17952 I MSHandlerLifeCycle: isMultiSplitHandlerRequested: ignored. pkg=io.github.romanvht.byedpi isActivity=false callers=com.android.internal.policy.DecorView.hasMultiSplitHandlerInNonFreeformMode:890 com.android.internal.policy.DecorView.dispatchTouchEvent:930 android.view.View.dispatchPointerEvent:15335 android.view.ViewRootImpl$ViewPostImeInputStage.processPointerEvent:7807 android.view.ViewRootImpl$ViewPostImeInputStage.onProcess:7580 
06-03 14:34:23.465 17952 17952 I MSHandlerLifeCycle: isMultiSplitHandlerRequested: windowingMode=1 isFullscreen=true isPopOver=false isHidden=false skipActivityType=false isHandlerType=true this: DecorView@ef19e32[SettingsActivity]
06-03 14:34:23.482 17952 17952 I MSHandlerLifeCycle: isMultiSplitHandlerRequested: ignored. pkg=io.github.romanvht.byedpi isActivity=false callers=com.android.internal.policy.DecorView.hasMultiSplitHandlerInNonFreeformMode:890 com.android.internal.policy.DecorView.dispatchTouchEvent:930 android.view.View.dispatchPointerEvent:15335 android.view.ViewRootImpl$ViewPostImeInputStage.processPointerEvent:7807 android.view.ViewRootImpl$ViewPostImeInputStage.onProcess:7580 
06-03 14:34:23.482 17952 17952 I MSHandlerLifeCycle: isMultiSplitHandlerRequested: windowingMode=1 isFullscreen=true isPopOver=false isHidden=false skipActivityType=false isHandlerType=true this: DecorView@ef19e32[SettingsActivity]
06-03 14:34:23.515 17952 17952 I MSHandlerLifeCycle: isMultiSplitHandlerRequested: ignored. pkg=io.github.romanvht.byedpi isActivity=false callers=com.android.internal.policy.DecorView.hasMultiSplitHandlerInNonFreeformMode:890 com.android.internal.policy.DecorView.dispatchTouchEvent:930 android.view.View.dispatchPointerEvent:15335 android.view.ViewRootImpl$ViewPostImeInputStage.processPointerEvent:7807 android.view.ViewRootImpl$ViewPostImeInputStage.onProcess:7580 
06-03 14:34:23.515 17952 17952 I MSHandlerLifeCycle: isMultiSplitHandlerRequested: windowingMode=1 isFullscreen=true isPopOver=false isHidden=false skipActivityType=false isHandlerType=true this: DecorView@ef19e32[SettingsActivity]
06-03 14:34:23.564 17952 17952 I MSHandlerLifeCycle: isMultiSplitHandlerRequested: ignored. pkg=io.github.romanvht.byedpi isActivity=false callers=com.android.internal.policy.DecorView.hasMultiSplitHandlerInNonFreeformMode:890 com.android.internal.policy.DecorView.dispatchTouchEvent:930 android.view.View.dispatchPointerEvent:15335 android.view.ViewRootImpl$ViewPostImeInputStage.processPointerEvent:7807 android.view.ViewRootImpl$ViewPostImeInputStage.onProcess:7580 
06-03 14:34:23.564 17952 17952 I MSHandlerLifeCycle: isMultiSplitHandlerRequested: windowingMode=1 isFullscreen=true isPopOver=false isHidden=false skipActivityType=false isHandlerType=true this: DecorView@ef19e32[SettingsActivity]
06-03 14:34:23.582 17952 17952 I MSHandlerLifeCycle: isMultiSplitHandlerRequested: ignored. pkg=io.github.romanvht.byedpi isActivity=false callers=com.android.internal.policy.DecorView.hasMultiSplitHandlerInNonFreeformMode:890 com.android.internal.policy.DecorView.dispatchTouchEvent:930 android.view.View.dispatchPointerEvent:15335 android.view.ViewRootImpl$ViewPostImeInputStage.processPointerEvent:7807 android.view.ViewRootImpl$ViewPostImeInputStage.onProcess:7580 
06-03 14:34:23.582 17952 17952 I MSHandlerLifeCycle: isMultiSplitHandlerRequested: windowingMode=1 isFullscreen=true isPopOver=false isHidden=false skipActivityType=false isHandlerType=true this: DecorView@ef19e32[SettingsActivity]
06-03 14:34:23.598 17952 17952 I MSHandlerLifeCycle: isMultiSplitHandlerRequested: ignored. pkg=io.github.romanvht.byedpi isActivity=false callers=com.android.internal.policy.DecorView.hasMultiSplitHandlerInNonFreeformMode:890 com.android.internal.policy.DecorView.dispatchTouchEvent:930 android.view.View.dispatchPointerEvent:15335 android.view.ViewRootImpl$ViewPostImeInputStage.processPointerEvent:7807 android.view.ViewRootImpl$ViewPostImeInputStage.onProcess:7580 
06-03 14:34:23.599 17952 17952 I MSHandlerLifeCycle: isMultiSplitHandlerRequested: windowingMode=1 isFullscreen=true isPopOver=false isHidden=false skipActivityType=false isHandlerType=true this: DecorView@ef19e32[SettingsActivity]
06-03 14:34:23.615 17952 17952 I MSHandlerLifeCycle: isMultiSplitHandlerRequested: ignored. pkg=io.github.romanvht.byedpi isActivity=false callers=com.android.internal.policy.DecorView.hasMultiSplitHandlerInNonFreeformMode:890 com.android.internal.policy.DecorView.dispatchTouchEvent:930 android.view.View.dispatchPointerEvent:15335 android.view.ViewRootImpl$ViewPostImeInputStage.processPointerEvent:7807 android.view.ViewRootImpl$ViewPostImeInputStage.onProcess:7580 
06-03 14:34:23.615 17952 17952 I MSHandlerLifeCycle: isMultiSplitHandlerRequested: windowingMode=1 isFullscreen=true isPopOver=false isHidden=false skipActivityType=false isHandlerType=true this: DecorView@ef19e32[SettingsActivity]
06-03 14:34:23.616 17952 17952 D AbsListView: reportScrollStateChange() newState : 1
06-03 14:34:23.631 17952 17952 I MSHandlerLifeCycle: isMultiSplitHandlerRequested: ignored. pkg=io.github.romanvht.byedpi isActivity=false callers=com.android.internal.policy.DecorView.hasMultiSplitHandlerInNonFreeformMode:890 com.android.internal.policy.DecorView.dispatchTouchEvent:930 android.view.View.dispatchPointerEvent:15335 android.view.ViewRootImpl$ViewPostImeInputStage.processPointerEvent:7807 android.view.ViewRootImpl$ViewPostImeInputStage.onProcess:7580 
06-03 14:34:23.632 17952 17952 I MSHandlerLifeCycle: isMultiSplitHandlerRequested: windowingMode=1 isFullscreen=true isPopOver=false isHidden=false skipActivityType=false isHandlerType=true this: DecorView@ef19e32[SettingsActivity]
06-03 14:34:23.648 17952 17952 I MSHandlerLifeCycle: isMultiSplitHandlerRequested: ignored. pkg=io.github.romanvht.byedpi isActivity=false callers=com.android.internal.policy.DecorView.hasMultiSplitHandlerInNonFreeformMode:890 com.android.internal.policy.DecorView.dispatchTouchEvent:930 android.view.View.dispatchPointerEvent:15335 android.view.ViewRootImpl$ViewPostImeInputStage.processPointerEvent:7807 android.view.ViewRootImpl$ViewPostImeInputStage.onProcess:7580 
06-03 14:34:23.648 17952 17952 I MSHandlerLifeCycle: isMultiSplitHandlerRequested: windowingMode=1 isFullscreen=true isPopOver=false isHidden=false skipActivityType=false isHandlerType=true this: DecorView@ef19e32[SettingsActivity]
06-03 14:34:23.665 17952 17952 I MSHandlerLifeCycle: isMultiSplitHandlerRequested: ignored. pkg=io.github.romanvht.byedpi isActivity=false callers=com.android.internal.policy.DecorView.hasMultiSplitHandlerInNonFreeformMode:890 com.android.internal.policy.DecorView.dispatchTouchEvent:930 android.view.View.dispatchPointerEvent:15335 android.view.ViewRootImpl$ViewPostImeInputStage.processPointerEvent:7807 android.view.ViewRootImpl$ViewPostImeInputStage.onProcess:7580 
06-03 14:34:23.666 17952 17952 I MSHandlerLifeCycle: isMultiSplitHandlerRequested: windowingMode=1 isFullscreen=true isPopOver=false isHidden=false skipActivityType=false isHandlerType=true this: DecorView@ef19e32[SettingsActivity]
06-03 14:34:23.681 17952 17952 I MSHandlerLifeCycle: isMultiSplitHandlerRequested: ignored. pkg=io.github.romanvht.byedpi isActivity=false callers=com.android.internal.policy.DecorView.hasMultiSplitHandlerInNonFreeformMode:890 com.android.internal.policy.DecorView.dispatchTouchEvent:930 android.view.View.dispatchPointerEvent:15335 android.view.ViewRootImpl$ViewPostImeInputStage.processPointerEvent:7807 android.view.ViewRootImpl$ViewPostImeInputStage.onProcess:7580 
06-03 14:34:23.682 17952 17952 I MSHandlerLifeCycle: isMultiSplitHandlerRequested: windowingMode=1 isFullscreen=true isPopOver=false isHidden=false skipActivityType=false isHandlerType=true this: DecorView@ef19e32[SettingsActivity]
06-03 14:34:23.698 17952 17952 I MSHandlerLifeCycle: isMultiSplitHandlerRequested: ignored. pkg=io.github.romanvht.byedpi isActivity=false callers=com.android.internal.policy.DecorView.hasMultiSplitHandlerInNonFreeformMode:890 com.android.internal.policy.DecorView.dispatchTouchEvent:930 android.view.View.dispatchPointerEvent:15335 android.view.ViewRootImpl$ViewPostImeInputStage.processPointerEvent:7807 android.view.ViewRootImpl$ViewPostImeInputStage.onProcess:7580 
06-03 14:34:23.699 17952 17952 I MSHandlerLifeCycle: isMultiSplitHandlerRequested: windowingMode=1 isFullscreen=true isPopOver=false isHidden=false skipActivityType=false isHandlerType=true this: DecorView@ef19e32[SettingsActivity]
06-03 14:34:23.715 17952 17952 I MSHandlerLifeCycle: isMultiSplitHandlerRequested: ignored. pkg=io.github.romanvht.byedpi isActivity=false callers=com.android.internal.policy.DecorView.hasMultiSplitHandlerInNonFreeformMode:890 com.android.internal.policy.DecorView.dispatchTouchEvent:930 android.view.View.dispatchPointerEvent:15335 android.view.ViewRootImpl$ViewPostImeInputStage.processPointerEvent:7807 android.view.ViewRootImpl$ViewPostImeInputStage.onProcess:7580 
06-03 14:34:23.715 17952 17952 I MSHandlerLifeCycle: isMultiSplitHandlerRequested: windowingMode=1 isFullscreen=true isPopOver=false isHidden=false skipActivityType=false isHandlerType=true this: DecorView@ef19e32[SettingsActivity]
06-03 14:34:23.732 17952 17952 I MSHandlerLifeCycle: isMultiSplitHandlerRequested: ignored. pkg=io.github.romanvht.byedpi isActivity=false callers=com.android.internal.policy.DecorView.hasMultiSplitHandlerInNonFreeformMode:890 com.android.internal.policy.DecorView.dispatchTouchEvent:930 android.view.View.dispatchPointerEvent:15335 android.view.ViewRootImpl$ViewPostImeInputStage.processPointerEvent:7807 android.view.ViewRootImpl$ViewPostImeInputStage.onProcess:7580 
06-03 14:34:23.732 17952 17952 I MSHandlerLifeCycle: isMultiSplitHandlerRequested: windowingMode=1 isFullscreen=true isPopOver=false isHidden=false skipActivityType=false isHandlerType=true this: DecorView@ef19e32[SettingsActivity]
06-03 14:34:23.748 17952 17952 I MSHandlerLifeCycle: isMultiSplitHandlerRequested: ignored. pkg=io.github.romanvht.byedpi isActivity=false callers=com.android.internal.policy.DecorView.hasMultiSplitHandlerInNonFreeformMode:890 com.android.internal.policy.DecorView.dispatchTouchEvent:930 android.view.View.dispatchPointerEvent:15335 android.view.ViewRootImpl$ViewPostImeInputStage.processPointerEvent:7807 android.view.ViewRootImpl$ViewPostImeInputStage.onProcess:7580 
06-03 14:34:23.748 17952 17952 I MSHandlerLifeCycle: isMultiSplitHandlerRequested: windowingMode=1 isFullscreen=true isPopOver=false isHidden=false skipActivityType=false isHandlerType=true this: DecorView@ef19e32[SettingsActivity]
06-03 14:34:23.765 17952 17952 I MSHandlerLifeCycle: isMultiSplitHandlerRequested: ignored. pkg=io.github.romanvht.byedpi isActivity=false callers=com.android.internal.policy.DecorView.hasMultiSplitHandlerInNonFreeformMode:890 com.android.internal.policy.DecorView.dispatchTouchEvent:930 android.view.View.dispatchPointerEvent:15335 android.view.ViewRootImpl$ViewPostImeInputStage.processPointerEvent:7807 android.view.ViewRootImpl$ViewPostImeInputStage.onProcess:7580 
06-03 14:34:23.765 17952 17952 I MSHandlerLifeCycle: isMultiSplitHandlerRequested: windowingMode=1 isFullscreen=true isPopOver=false isHidden=false skipActivityType=false isHandlerType=true this: DecorView@ef19e32[SettingsActivity]
06-03 14:34:23.770 17952 17952 I MSHandlerLifeCycle: isMultiSplitHandlerRequested: ignored. pkg=io.github.romanvht.byedpi isActivity=false callers=com.android.internal.policy.DecorView.hasMultiSplitHandlerInNonFreeformMode:890 com.android.internal.policy.DecorView.dispatchTouchEvent:930 android.view.View.dispatchPointerEvent:15335 android.view.ViewRootImpl$ViewPostImeInputStage.processPointerEvent:7807 android.view.ViewRootImpl$ViewPostImeInputStage.onProcess:7580 
06-03 14:34:23.770 17952 17952 I MSHandlerLifeCycle: isMultiSplitHandlerRequested: windowingMode=1 isFullscreen=true isPopOver=false isHidden=false skipActivityType=false isHandlerType=true this: DecorView@ef19e32[SettingsActivity]
06-03 14:34:23.771 17952 17952 I ViewRootImpl@e29605f[SettingsActivity]: ViewPostIme pointer 1
06-03 14:34:23.771 17952 17952 I MSHandlerLifeCycle: isMultiSplitHandlerRequested: ignored. pkg=io.github.romanvht.byedpi isActivity=false callers=com.android.internal.policy.DecorView.hasMultiSplitHandlerInNonFreeformMode:890 com.android.internal.policy.DecorView.dispatchTouchEvent:930 android.view.View.dispatchPointerEvent:15335 android.view.ViewRootImpl$ViewPostImeInputStage.processPointerEvent:7807 android.view.ViewRootImpl$ViewPostImeInputStage.onProcess:7580 
06-03 14:34:23.771 17952 17952 I MSHandlerLifeCycle: isMultiSplitHandlerRequested: windowingMode=1 isFullscreen=true isPopOver=false isHidden=false skipActivityType=false isHandlerType=true this: DecorView@ef19e32[SettingsActivity]
06-03 14:34:23.771 17952 17952 D AbsListView: onTouchUp() mTouchMode : 3
06-03 14:34:23.771 17952 17952 D AbsListView: reportScrollStateChange() newState : 0
06-03 14:34:23.928 17952 17952 I ViewRootImpl@e29605f[SettingsActivity]: ViewPostIme pointer 0
06-03 14:34:23.928 17952 17952 I MSHandlerLifeCycle: isMultiSplitHandlerRequested: ignored. pkg=io.github.romanvht.byedpi isActivity=false callers=com.android.internal.policy.DecorView.hasMultiSplitHandlerInNonFreeformMode:890 com.android.internal.policy.DecorView.dispatchTouchEvent:930 android.view.View.dispatchPointerEvent:15335 android.view.ViewRootImpl$ViewPostImeInputStage.processPointerEvent:7807 android.view.ViewRootImpl$ViewPostImeInputStage.onProcess:7580 
06-03 14:34:23.928 17952 17952 I MSHandlerLifeCycle: isMultiSplitHandlerRequested: windowingMode=1 isFullscreen=true isPopOver=false isHidden=false skipActivityType=false isHandlerType=true this: DecorView@ef19e32[SettingsActivity]
06-03 14:34:23.966 17952 17952 I MSHandlerLifeCycle: isMultiSplitHandlerRequested: ignored. pkg=io.github.romanvht.byedpi isActivity=false callers=com.android.internal.policy.DecorView.hasMultiSplitHandlerInNonFreeformMode:890 com.android.internal.policy.DecorView.dispatchTouchEvent:930 android.view.View.dispatchPointerEvent:15335 android.view.ViewRootImpl$ViewPostImeInputStage.processPointerEvent:7807 android.view.ViewRootImpl$ViewPostImeInputStage.onProcess:7580 
06-03 14:34:23.966 17952 17952 I MSHandlerLifeCycle: isMultiSplitHandlerRequested: windowingMode=1 isFullscreen=true isPopOver=false isHidden=false skipActivityType=false isHandlerType=true this: DecorView@ef19e32[SettingsActivity]
06-03 14:34:23.982 17952 17952 I MSHandlerLifeCycle: isMultiSplitHandlerRequested: ignored. pkg=io.github.romanvht.byedpi isActivity=false callers=com.android.internal.policy.DecorView.hasMultiSplitHandlerInNonFreeformMode:890 com.android.internal.policy.DecorView.dispatchTouchEvent:930 android.view.View.dispatchPointerEvent:15335 android.view.ViewRootImpl$ViewPostImeInputStage.processPointerEvent:7807 android.view.ViewRootImpl$ViewPostImeInputStage.onProcess:7580 
06-03 14:34:23.982 17952 17952 I MSHandlerLifeCycle: isMultiSplitHandlerRequested: windowingMode=1 isFullscreen=true isPopOver=false isHidden=false skipActivityType=false isHandlerType=true this: DecorView@ef19e32[SettingsActivity]
06-03 14:34:23.986 17952 17952 I MSHandlerLifeCycle: isMultiSplitHandlerRequested: ignored. pkg=io.github.romanvht.byedpi isActivity=false callers=com.android.internal.policy.DecorView.hasMultiSplitHandlerInNonFreeformMode:890 com.android.internal.policy.DecorView.dispatchTouchEvent:930 android.view.View.dispatchPointerEvent:15335 android.view.ViewRootImpl$ViewPostImeInputStage.processPointerEvent:7807 android.view.ViewRootImpl$ViewPostImeInputStage.onProcess:7580 
06-03 14:34:23.987 17952 17952 I MSHandlerLifeCycle: isMultiSplitHandlerRequested: windowingMode=1 isFullscreen=true isPopOver=false isHidden=false skipActivityType=false isHandlerType=true this: DecorView@ef19e32[SettingsActivity]
06-03 14:34:23.987 17952 17952 I ViewRootImpl@e29605f[SettingsActivity]: ViewPostIme pointer 1
06-03 14:34:23.987 17952 17952 I MSHandlerLifeCycle: isMultiSplitHandlerRequested: ignored. pkg=io.github.romanvht.byedpi isActivity=false callers=com.android.internal.policy.DecorView.hasMultiSplitHandlerInNonFreeformMode:890 com.android.internal.policy.DecorView.dispatchTouchEvent:930 android.view.View.dispatchPointerEvent:15335 android.view.ViewRootImpl$ViewPostImeInputStage.processPointerEvent:7807 android.view.ViewRootImpl$ViewPostImeInputStage.onProcess:7580 
06-03 14:34:23.987 17952 17952 I MSHandlerLifeCycle: isMultiSplitHandlerRequested: windowingMode=1 isFullscreen=true isPopOver=false isHidden=false skipActivityType=false isHandlerType=true this: DecorView@ef19e32[SettingsActivity]
06-03 14:34:23.987 17952 17952 D AbsListView: onTouchUp() mTouchMode : 0
06-03 14:34:24.059 17952 17952 I MSHandlerLifeCycle: removeMultiSplitHandler: no exist. decor=DecorView@9decb38[SettingsActivity]
06-03 14:34:24.061 17952 18005 D OpenGLRenderer: setSurface called with nullptr
06-03 14:34:24.061 17952 18005 D OpenGLRenderer: setSurface() destroyed EGLSurface
06-03 14:34:24.061 17952 18005 D OpenGLRenderer: destroyEglSurface
06-03 14:34:24.063 17952 18005 D OpenGLRenderer: endAllActiveAnimators on 0x707a3b6b80 (AlertController$RecycleListView) with handle 0x6f8a38f350
06-03 14:34:24.063 17952 17952 I ViewRootImpl@e29605f[SettingsActivity]: dispatchDetachedFromWindow
06-03 14:34:24.076 17952 17952 D InputTransport: Input channel destroyed: 'c42dac7', fd=89
06-03 14:34:24.101 17952 17952 I ViewRootImpl@fb1ccea[SettingsActivity]: MSG_WINDOW_FOCUS_CHANGED 1 1
06-03 14:34:24.102 17952 17952 D InputMethodManager: startInputInner - Id : 0
06-03 14:34:24.102 17952 17952 I InputMethodManager: startInputInner - mService.startInputOrWindowGainedFocus
06-03 14:34:30.454 17952 17952 I ViewRootImpl@fb1ccea[SettingsActivity]: ViewPostIme pointer 0
06-03 14:34:30.454 17952 17952 I MSHandlerLifeCycle: isMultiSplitHandlerRequested: windowingMode=1 isFullscreen=true isPopOver=false isHidden=false skipActivityType=false isHandlerType=true this: DecorView@ef19e32[SettingsActivity]
06-03 14:34:30.472 17952 17952 I MSHandlerLifeCycle: isMultiSplitHandlerRequested: windowingMode=1 isFullscreen=true isPopOver=false isHidden=false skipActivityType=false isHandlerType=true this: DecorView@ef19e32[SettingsActivity]
06-03 14:34:30.489 17952 17952 I MSHandlerLifeCycle: isMultiSplitHandlerRequested: windowingMode=1 isFullscreen=true isPopOver=false isHidden=false skipActivityType=false isHandlerType=true this: DecorView@ef19e32[SettingsActivity]
06-03 14:34:30.493 17952 17952 I MSHandlerLifeCycle: isMultiSplitHandlerRequested: windowingMode=1 isFullscreen=true isPopOver=false isHidden=false skipActivityType=false isHandlerType=true this: DecorView@ef19e32[SettingsActivity]
06-03 14:34:30.493 17952 17952 I ViewRootImpl@fb1ccea[SettingsActivity]: ViewPostIme pointer 1
06-03 14:34:30.493 17952 17952 I MSHandlerLifeCycle: isMultiSplitHandlerRequested: windowingMode=1 isFullscreen=true isPopOver=false isHidden=false skipActivityType=false isHandlerType=true this: DecorView@ef19e32[SettingsActivity]
06-03 14:34:30.512 17952 17952 D ScrollView: initGoToTop
06-03 14:34:30.521 17952 17952 I Dialog  : mIsDeviceDefault = false, mIsSamsungBasicInteraction = false, isMetaDataInActivity = false
06-03 14:34:30.522 17952 17952 I DecorView: [INFO] isPopOver=false, config=false
06-03 14:34:30.522 17952 17952 I DecorView: updateCaptionType >> DecorView@4f0712f[], isFloating=true, isApplication=true, hasWindowControllerCallback=false, hasWindowDecorCaption=false
06-03 14:34:30.522 17952 17952 D DecorView: setCaptionType = 0, this = DecorView@4f0712f[]
06-03 14:34:30.531 17952 17952 D ScrollView: initGoToTop
06-03 14:34:30.538 17952 17952 D InsetsController: show(ime(), fromIme=false)
06-03 14:34:30.538 17952 17952 I IMM_LC  : requestImeShow
06-03 14:34:30.548 17952 17963 D InputTransport: Input channel destroyed: 'ClientS', fd=136
06-03 14:34:30.548 17952 18005 D OpenGLRenderer: setSurface called with nullptr
06-03 14:34:30.550 17952 17963 D InputTransport: Input channel destroyed: 'ClientS', fd=89
06-03 14:34:30.553 17952 17952 I ViewRootImpl@2ec8496[SettingsActivity]: setView = com.android.internal.policy.DecorView@4f0712f TM=true
06-03 14:34:30.572 17952 17952 I ViewRootImpl@2ec8496[SettingsActivity]: Relayout returned: old=(0,90,1080,2241) new=(28,941,1052,1390) req=(1024,449)0 dur=6 res=0x7 s={true 484965946368} ch=true fn=-1
06-03 14:34:30.573 17952 18005 D OpenGLRenderer: eglCreateWindowSurface
06-03 14:34:30.579 17952 17952 D ScrollView:  onsize change changed 
06-03 14:34:30.579 17952 17952 D ScrollView:  onsize change changed 
06-03 14:34:30.580 17952 17952 I ViewRootImpl@2ec8496[SettingsActivity]: [DP] dp(1) 1 android.view.ViewRootImpl.reportNextDraw:11387 android.view.ViewRootImpl.performTraversals:4185 android.view.ViewRootImpl.doTraversal:2911 
06-03 14:34:30.587 17952 17952 I ViewRootImpl@2ec8496[SettingsActivity]: [DP] pdf(0) 1 android.view.ViewRootImpl.lambda$addFrameCompleteCallbackIfNeeded$3$ViewRootImpl:4987 android.view.ViewRootImpl$$ExternalSyntheticLambda16.run:6 android.os.Handler.handleCallback:938 
06-03 14:34:30.587 17952 17952 I ViewRootImpl@2ec8496[SettingsActivity]: [DP] rdf()
06-03 14:34:30.587 17952 17952 D ViewRootImpl@2ec8496[SettingsActivity]: reportDrawFinished (fn: -1) 
06-03 14:34:30.596 17952 17952 I AssistStructure: Flattened final assist data: 3384 bytes, containing 2 windows, 26 views
06-03 14:34:30.598 17952 17952 I ViewRootImpl@fb1ccea[SettingsActivity]: MSG_WINDOW_FOCUS_CHANGED 0 1
06-03 14:34:30.608 17952 17952 I ViewRootImpl@2ec8496[SettingsActivity]: MSG_WINDOW_FOCUS_CHANGED 1 1
06-03 14:34:30.609 17952 17952 D InputMethodManager: startInputInner - Id : 0
06-03 14:34:30.609 17952 17952 I InputMethodManager: startInputInner - mService.startInputOrWindowGainedFocus
06-03 14:34:30.626 17952 17952 I IMM_LC  : requestImeShow
06-03 14:34:30.626 17952 17952 I IMM_LC  : ssi() - flag : 0 view : io.github.romanvht.byedpi reason = SHOW_SOFT_INPUT_BY_INSETS_API
06-03 14:34:30.679 17952 17952 D InsetsController: show(ime(), fromIme=true)
06-03 14:34:30.679 17952 17952 D InsetsSourceConsumer: setRequestedVisible: visible=true, type=19, host=io.github.romanvht.byedpi/io.github.romanvht.byedpi.activities.SettingsActivity, from=android.view.InsetsSourceConsumer.show:235 android.view.InsetsController.showDirectly:1489 android.view.InsetsController.controlAnimationUnchecked:1137 android.view.InsetsController.show:942 android.view.ViewRootImpl$ViewRootHandler.handleMessageImpl:6470 android.view.ViewRootImpl$ViewRootHandler.handleMessage:6395 android.os.Handler.dispatchMessage:106 android.os.Looper.loopOnce:226 android.os.Looper.loop:313 android.app.ActivityThread.main:8663 
06-03 14:34:32.399 17952 17952 I ViewRootImpl@2ec8496[SettingsActivity]: ViewPostIme pointer 0
06-03 14:34:32.400 17952 17952 I MSHandlerLifeCycle: isMultiSplitHandlerRequested: ignored. pkg=io.github.romanvht.byedpi isActivity=false callers=com.android.internal.policy.DecorView.hasMultiSplitHandlerInNonFreeformMode:890 com.android.internal.policy.DecorView.dispatchTouchEvent:930 android.view.View.dispatchPointerEvent:15335 android.view.ViewRootImpl$ViewPostImeInputStage.processPointerEvent:7807 android.view.ViewRootImpl$ViewPostImeInputStage.onProcess:7580 
06-03 14:34:32.400 17952 17952 I MSHandlerLifeCycle: isMultiSplitHandlerRequested: windowingMode=1 isFullscreen=true isPopOver=false isHidden=false skipActivityType=false isHandlerType=true this: DecorView@ef19e32[SettingsActivity]
06-03 14:34:32.425 17952 17952 I MSHandlerLifeCycle: isMultiSplitHandlerRequested: ignored. pkg=io.github.romanvht.byedpi isActivity=false callers=com.android.internal.policy.DecorView.hasMultiSplitHandlerInNonFreeformMode:890 com.android.internal.policy.DecorView.dispatchTouchEvent:930 android.view.View.dispatchPointerEvent:15335 android.view.ViewRootImpl$ViewPostImeInputStage.processPointerEvent:7807 android.view.ViewRootImpl$ViewPostImeInputStage.onProcess:7580 
06-03 14:34:32.425 17952 17952 I MSHandlerLifeCycle: isMultiSplitHandlerRequested: windowingMode=1 isFullscreen=true isPopOver=false isHidden=false skipActivityType=false isHandlerType=true this: DecorView@ef19e32[SettingsActivity]
06-03 14:34:32.443 17952 17952 I MSHandlerLifeCycle: isMultiSplitHandlerRequested: ignored. pkg=io.github.romanvht.byedpi isActivity=false callers=com.android.internal.policy.DecorView.hasMultiSplitHandlerInNonFreeformMode:890 com.android.internal.policy.DecorView.dispatchTouchEvent:930 android.view.View.dispatchPointerEvent:15335 android.view.ViewRootImpl$ViewPostImeInputStage.processPointerEvent:7807 android.view.ViewRootImpl$ViewPostImeInputStage.onProcess:7580 
06-03 14:34:32.443 17952 17952 I MSHandlerLifeCycle: isMultiSplitHandlerRequested: windowingMode=1 isFullscreen=true isPopOver=false isHidden=false skipActivityType=false isHandlerType=true this: DecorView@ef19e32[SettingsActivity]
06-03 14:34:32.475 17952 17952 I MSHandlerLifeCycle: isMultiSplitHandlerRequested: ignored. pkg=io.github.romanvht.byedpi isActivity=false callers=com.android.internal.policy.DecorView.hasMultiSplitHandlerInNonFreeformMode:890 com.android.internal.policy.DecorView.dispatchTouchEvent:930 android.view.View.dispatchPointerEvent:15335 android.view.ViewRootImpl$ViewPostImeInputStage.processPointerEvent:7807 android.view.ViewRootImpl$ViewPostImeInputStage.onProcess:7580 
06-03 14:34:32.476 17952 17952 I MSHandlerLifeCycle: isMultiSplitHandlerRequested: windowingMode=1 isFullscreen=true isPopOver=false isHidden=false skipActivityType=false isHandlerType=true this: DecorView@ef19e32[SettingsActivity]
06-03 14:34:32.480 17952 17952 I MSHandlerLifeCycle: isMultiSplitHandlerRequested: ignored. pkg=io.github.romanvht.byedpi isActivity=false callers=com.android.internal.policy.DecorView.hasMultiSplitHandlerInNonFreeformMode:890 com.android.internal.policy.DecorView.dispatchTouchEvent:930 android.view.View.dispatchPointerEvent:15335 android.view.ViewRootImpl$ViewPostImeInputStage.processPointerEvent:7807 android.view.ViewRootImpl$ViewPostImeInputStage.onProcess:7580 
06-03 14:34:32.480 17952 17952 I MSHandlerLifeCycle: isMultiSplitHandlerRequested: windowingMode=1 isFullscreen=true isPopOver=false isHidden=false skipActivityType=false isHandlerType=true this: DecorView@ef19e32[SettingsActivity]
06-03 14:34:32.480 17952 17952 I ViewRootImpl@2ec8496[SettingsActivity]: ViewPostIme pointer 1
06-03 14:34:32.480 17952 17952 I MSHandlerLifeCycle: isMultiSplitHandlerRequested: ignored. pkg=io.github.romanvht.byedpi isActivity=false callers=com.android.internal.policy.DecorView.hasMultiSplitHandlerInNonFreeformMode:890 com.android.internal.policy.DecorView.dispatchTouchEvent:930 android.view.View.dispatchPointerEvent:15335 android.view.ViewRootImpl$ViewPostImeInputStage.processPointerEvent:7807 android.view.ViewRootImpl$ViewPostImeInputStage.onProcess:7580 
06-03 14:34:32.480 17952 17952 I MSHandlerLifeCycle: isMultiSplitHandlerRequested: windowingMode=1 isFullscreen=true isPopOver=false isHidden=false skipActivityType=false isHandlerType=true this: DecorView@ef19e32[SettingsActivity]
06-03 14:34:32.480 17952 17952 I IMM_LC  : showSoftInput(View,I)
06-03 14:34:32.481 17952 17952 I IMM_LC  : ssi() - flag : 0 view : io.github.romanvht.byedpi reason = SHOW_SOFT_INPUT
06-03 14:34:32.503 17952 17952 I ViewRootImpl@1cad291[PopupWindow:990d4b8]: setView = android.widget.PopupWindow$PopupDecorView@eda8464 TM=true
06-03 14:34:32.508 17952 17952 I ViewRootImpl@e688b82[PopupWindow:b906cd]: setView = android.widget.PopupWindow$PopupDecorView@bdc42c9 TM=true
06-03 14:34:32.511 17952 17952 D InsetsController: show(ime(), fromIme=true)
06-03 14:34:32.520 17952 20014 I ViewRootImpl@1cad291[PopupWindow:990d4b8]: Resizing android.view.ViewRootImpl@69264ef: frame=[454,732][534,827] reportDraw=true forceLayout=false backDropFrame=Rect(0, 0 - 80, 95)
06-03 14:34:32.523 17952 17952 I ViewRootImpl@1cad291[PopupWindow:990d4b8]: Relayout returned: old=(0,90,1080,2241) new=(454,732,534,827) req=(80,95)0 dur=7 res=0x7 s={true 484965719648} ch=true fn=-1
06-03 14:34:32.524 17952 18005 D OpenGLRenderer: eglCreateWindowSurface
06-03 14:34:32.525 17952 17952 I ViewRootImpl@1cad291[PopupWindow:990d4b8]: [DP] dp(1) 0 android.view.ViewRootImpl.reportNextDraw:11387 android.view.ViewRootImpl.performTraversals:4185 android.view.ViewRootImpl.doTraversal:2911 
06-03 14:34:32.536 17952 20098 I ViewRootImpl@e688b82[PopupWindow:b906cd]: Resizing android.view.ViewRootImpl@6effbfc: frame=[454,645][534,732] reportDraw=true forceLayout=false backDropFrame=Rect(0, 0 - 80, 87)
06-03 14:34:32.539 17952 17952 I ViewRootImpl@e688b82[PopupWindow:b906cd]: Relayout returned: old=(0,90,1080,2241) new=(454,645,534,732) req=(80,87)0 dur=6 res=0x7 s={true 484965815568} ch=true fn=-1
06-03 14:34:32.539 17952 18005 D OpenGLRenderer: eglCreateWindowSurface
06-03 14:34:32.540 17952 17952 I ViewRootImpl@e688b82[PopupWindow:b906cd]: [DP] dp(1) 0 android.view.ViewRootImpl.reportNextDraw:11387 android.view.ViewRootImpl.performTraversals:4185 android.view.ViewRootImpl.doTraversal:2911 
06-03 14:34:32.546 17952 17952 I ViewRootImpl@e688b82[PopupWindow:b906cd]: [DP] pdf(0) 0 android.view.ViewRootImpl.lambda$addFrameCompleteCallbackIfNeeded$3$ViewRootImpl:4987 android.view.ViewRootImpl$$ExternalSyntheticLambda16.run:6 android.os.Handler.handleCallback:938 
06-03 14:34:32.546 17952 17952 I ViewRootImpl@e688b82[PopupWindow:b906cd]: [DP] rdf()
06-03 14:34:32.546 17952 17952 D ViewRootImpl@e688b82[PopupWindow:b906cd]: reportDrawFinished (fn: -1) 
06-03 14:34:32.546 17952 17952 I ViewRootImpl@1cad291[PopupWindow:990d4b8]: [DP] pdf(0) 0 android.view.ViewRootImpl.lambda$addFrameCompleteCallbackIfNeeded$3$ViewRootImpl:4987 android.view.ViewRootImpl$$ExternalSyntheticLambda16.run:6 android.os.Handler.handleCallback:938 
06-03 14:34:32.546 17952 17952 I ViewRootImpl@1cad291[PopupWindow:990d4b8]: [DP] rdf()
06-03 14:34:32.546 17952 17952 D ViewRootImpl@1cad291[PopupWindow:990d4b8]: reportDrawFinished (fn: -1) 
06-03 14:34:32.547 17952 17952 I ViewRootImpl@1cad291[PopupWindow:990d4b8]: handleResized, msg = 5 frames=ClientWindowFrames{frame=[454,732][534,827] display=[-10000,-10000][10000,10000] backdrop=[0,0][80,95]} forceNextWindowRelayout=false displayId=0 frameChanged=false backdropFrameChanged=true configChanged=false displayChanged=false mNextDrawUseBlastSync=false mergedConfiguration={mGlobalConfig={0.9 250mcc11mnc [en_US,ru_RU] ldltr sw411dp w411dp h819dp 420dpi nrml long hdr widecg port night finger -keyb/v/h -nav/h winConfig={ mBounds=Rect(0, 0 - 1080, 2280) mAppBounds=Rect(0, 90 - 1080, 2241) mMaxBounds=Rect(0, 0 - 1080, 2280) mWindowingMode=fullscreen mDisplayWindowingMode=fullscreen mActivityType=undefined mAlwaysOnTop=undefined mRotation=ROTATION_0 mPopOver=off mFreeformTaskPinningState=unpinned} s.35618 fontWeightAdjustment=0 ff=0 bf=1 bts=0 desktop/d dm/n dc/d ?dcui ?dcaf enb/d themeSeq=0} mOverrideConfig={0.9 250mcc11mnc [en_US,ru_RU] ldltr sw411dp w411dp h819dp 420dpi nrml long hdr widecg port night finger -keyb/v/h -nav/h winConfig={ mBounds=Rect(0, 0 - 1080, 2280) mAppBounds=Rect(0, 90 - 1080, 2241) mMaxBounds=Rect(0, 0 - 1080, 2280) mWindowingMode=fullscreen mDisplayWindowingMode=fullscreen mActivityType=standard mAlwaysOnTop=undefined mRotation=ROTATION_0 mPopOver=off mFreeformTaskPinningState=unpinned} s.1 fontWeightAdjustment=0 ff=0 bf=1 bts=0 desktop/d dm/n dc/d ?dcui ?dcaf enb/d themeSeq=0}}
06-03 14:34:32.547 17952 17952 I ViewRootImpl@1cad291[PopupWindow:990d4b8]: [DP] dp(1) 0 android.view.ViewRootImpl.reportNextDraw:11387 android.view.ViewRootImpl.handleResized:2222 android.view.ViewRootImpl.access$1200:294 
06-03 14:34:32.551 17952 17952 I ViewRootImpl@1cad291[PopupWindow:990d4b8]: [DP] pdf(0) 0 android.view.ViewRootImpl.lambda$addFrameCompleteCallbackIfNeeded$3$ViewRootImpl:4987 android.view.ViewRootImpl$$ExternalSyntheticLambda16.run:6 android.os.Handler.handleCallback:938 
06-03 14:34:32.551 17952 17952 I ViewRootImpl@1cad291[PopupWindow:990d4b8]: [DP] rdf()
06-03 14:34:32.551 17952 17952 D ViewRootImpl@1cad291[PopupWindow:990d4b8]: reportDrawFinished (fn: -1) 
06-03 14:34:32.551 17952 17952 I ViewRootImpl@e688b82[PopupWindow:b906cd]: handleResized, msg = 5 frames=ClientWindowFrames{frame=[454,645][534,732] display=[-10000,-10000][10000,10000] backdrop=[0,0][80,87]} forceNextWindowRelayout=false displayId=0 frameChanged=false backdropFrameChanged=true configChanged=false displayChanged=false mNextDrawUseBlastSync=false mergedConfiguration={mGlobalConfig={0.9 250mcc11mnc [en_US,ru_RU] ldltr sw411dp w411dp h819dp 420dpi nrml long hdr widecg port night finger -keyb/v/h -nav/h winConfig={ mBounds=Rect(0, 0 - 1080, 2280) mAppBounds=Rect(0, 90 - 1080, 2241) mMaxBounds=Rect(0, 0 - 1080, 2280) mWindowingMode=fullscreen mDisplayWindowingMode=fullscreen mActivityType=undefined mAlwaysOnTop=undefined mRotation=ROTATION_0 mPopOver=off mFreeformTaskPinningState=unpinned} s.35618 fontWeightAdjustment=0 ff=0 bf=1 bts=0 desktop/d dm/n dc/d ?dcui ?dcaf enb/d themeSeq=0} mOverrideConfig={0.9 250mcc11mnc [en_US,ru_RU] ldltr sw411dp w411dp h819dp 420dpi nrml long hdr widecg port night finger -keyb/v/h -nav/h winConfig={ mBounds=Rect(0, 0 - 1080, 2280) mAppBounds=Rect(0, 90 - 1080, 2241) mMaxBounds=Rect(0, 0 - 1080, 2280) mWindowingMode=fullscreen mDisplayWindowingMode=fullscreen mActivityType=standard mAlwaysOnTop=undefined mRotation=ROTATION_0 mPopOver=off mFreeformTaskPinningState=unpinned} s.1 fontWeightAdjustment=0 ff=0 bf=1 bts=0 desktop/d dm/n dc/d ?dcui ?dcaf enb/d themeSeq=0}}
06-03 14:34:32.551 17952 17952 I ViewRootImpl@e688b82[PopupWindow:b906cd]: [DP] dp(1) 0 android.view.ViewRootImpl.reportNextDraw:11387 android.view.ViewRootImpl.handleResized:2222 android.view.ViewRootImpl.access$1200:294 
06-03 14:34:32.568 17952 17952 I ViewRootImpl@e688b82[PopupWindow:b906cd]: [DP] pdf(0) 0 android.view.ViewRootImpl.lambda$addFrameCompleteCallbackIfNeeded$3$ViewRootImpl:4987 android.view.ViewRootImpl$$ExternalSyntheticLambda16.run:6 android.os.Handler.handleCallback:938 
06-03 14:34:32.568 17952 17952 I ViewRootImpl@e688b82[PopupWindow:b906cd]: [DP] rdf()
06-03 14:34:32.568 17952 17952 D ViewRootImpl@e688b82[PopupWindow:b906cd]: reportDrawFinished (fn: -1) 
06-03 14:34:32.899 17952 17952 I ViewRootImpl@2ec8496[SettingsActivity]: ViewPostIme pointer 0
06-03 14:34:32.900 17952 17952 I MSHandlerLifeCycle: isMultiSplitHandlerRequested: ignored. pkg=io.github.romanvht.byedpi isActivity=false callers=com.android.internal.policy.DecorView.hasMultiSplitHandlerInNonFreeformMode:890 com.android.internal.policy.DecorView.dispatchTouchEvent:930 android.view.View.dispatchPointerEvent:15335 android.view.ViewRootImpl$ViewPostImeInputStage.processPointerEvent:7807 android.view.ViewRootImpl$ViewPostImeInputStage.onProcess:7580 
06-03 14:34:32.900 17952 17952 I MSHandlerLifeCycle: isMultiSplitHandlerRequested: windowingMode=1 isFullscreen=true isPopOver=false isHidden=false skipActivityType=false isHandlerType=true this: DecorView@ef19e32[SettingsActivity]
06-03 14:34:32.926 17952 17952 I MSHandlerLifeCycle: isMultiSplitHandlerRequested: ignored. pkg=io.github.romanvht.byedpi isActivity=false callers=com.android.internal.policy.DecorView.hasMultiSplitHandlerInNonFreeformMode:890 com.android.internal.policy.DecorView.dispatchTouchEvent:930 android.view.View.dispatchPointerEvent:15335 android.view.ViewRootImpl$ViewPostImeInputStage.processPointerEvent:7807 android.view.ViewRootImpl$ViewPostImeInputStage.onProcess:7580 
06-03 14:34:32.926 17952 17952 I MSHandlerLifeCycle: isMultiSplitHandlerRequested: windowingMode=1 isFullscreen=true isPopOver=false isHidden=false skipActivityType=false isHandlerType=true this: DecorView@ef19e32[SettingsActivity]
06-03 14:34:32.942 17952 17952 I MSHandlerLifeCycle: isMultiSplitHandlerRequested: ignored. pkg=io.github.romanvht.byedpi isActivity=false callers=com.android.internal.policy.DecorView.hasMultiSplitHandlerInNonFreeformMode:890 com.android.internal.policy.DecorView.dispatchTouchEvent:930 android.view.View.dispatchPointerEvent:15335 android.view.ViewRootImpl$ViewPostImeInputStage.processPointerEvent:7807 android.view.ViewRootImpl$ViewPostImeInputStage.onProcess:7580 
06-03 14:34:32.942 17952 17952 I MSHandlerLifeCycle: isMultiSplitHandlerRequested: windowingMode=1 isFullscreen=true isPopOver=false isHidden=false skipActivityType=false isHandlerType=true this: DecorView@ef19e32[SettingsActivity]
06-03 14:34:32.959 17952 17952 I MSHandlerLifeCycle: isMultiSplitHandlerRequested: ignored. pkg=io.github.romanvht.byedpi isActivity=false callers=com.android.internal.policy.DecorView.hasMultiSplitHandlerInNonFreeformMode:890 com.android.internal.policy.DecorView.dispatchTouchEvent:930 android.view.View.dispatchPointerEvent:15335 android.view.ViewRootImpl$ViewPostImeInputStage.processPointerEvent:7807 android.view.ViewRootImpl$ViewPostImeInputStage.onProcess:7580 
06-03 14:34:32.959 17952 17952 I MSHandlerLifeCycle: isMultiSplitHandlerRequested: windowingMode=1 isFullscreen=true isPopOver=false isHidden=false skipActivityType=false isHandlerType=true this: DecorView@ef19e32[SettingsActivity]
06-03 14:34:32.965 17952 17952 I MSHandlerLifeCycle: isMultiSplitHandlerRequested: ignored. pkg=io.github.romanvht.byedpi isActivity=false callers=com.android.internal.policy.DecorView.hasMultiSplitHandlerInNonFreeformMode:890 com.android.internal.policy.DecorView.dispatchTouchEvent:930 android.view.View.dispatchPointerEvent:15335 android.view.ViewRootImpl$ViewPostImeInputStage.processPointerEvent:7807 android.view.ViewRootImpl$ViewPostImeInputStage.onProcess:7580 
06-03 14:34:32.965 17952 17952 I MSHandlerLifeCycle: isMultiSplitHandlerRequested: windowingMode=1 isFullscreen=true isPopOver=false isHidden=false skipActivityType=false isHandlerType=true this: DecorView@ef19e32[SettingsActivity]
06-03 14:34:32.965 17952 17952 I ViewRootImpl@2ec8496[SettingsActivity]: ViewPostIme pointer 1
06-03 14:34:32.965 17952 17952 I MSHandlerLifeCycle: isMultiSplitHandlerRequested: ignored. pkg=io.github.romanvht.byedpi isActivity=false callers=com.android.internal.policy.DecorView.hasMultiSplitHandlerInNonFreeformMode:890 com.android.internal.policy.DecorView.dispatchTouchEvent:930 android.view.View.dispatchPointerEvent:15335 android.view.ViewRootImpl$ViewPostImeInputStage.processPointerEvent:7807 android.view.ViewRootImpl$ViewPostImeInputStage.onProcess:7580 
06-03 14:34:32.965 17952 17952 I MSHandlerLifeCycle: isMultiSplitHandlerRequested: windowingMode=1 isFullscreen=true isPopOver=false isHidden=false skipActivityType=false isHandlerType=true this: DecorView@ef19e32[SettingsActivity]
06-03 14:34:32.966 17952 17952 I IMM_LC  : showSoftInput(View,I)
06-03 14:34:32.966 17952 17952 I IMM_LC  : ssi() - flag : 0 view : io.github.romanvht.byedpi reason = SHOW_SOFT_INPUT
06-03 14:34:32.986 17952 17952 I ViewRootImpl@1cad291[PopupWindow:990d4b8]: Relayout returned: old=(454,732,534,827) new=(464,732,544,827) req=(80,95)0 dur=4 res=0x1 s={true 484965719648} ch=false fn=13
06-03 14:34:32.989 17952 17952 D InsetsController: show(ime(), fromIme=true)
06-03 14:34:32.999 17952 17952 I ViewRootImpl@e688b82[PopupWindow:b906cd]: Relayout returned: old=(454,645,534,732) new=(464,645,544,732) req=(80,87)0 dur=6 res=0x1 s={true 484965815568} ch=false fn=3
06-03 14:34:33.922 17952 17952 I ViewRootImpl@2ec8496[SettingsActivity]: ViewPostIme key 0
06-03 14:34:33.932 17952 17952 I ViewRootImpl@2ec8496[SettingsActivity]: ViewPostIme key 1
06-03 14:34:34.045 17952 18005 D OpenGLRenderer: setSurface called with nullptr
06-03 14:34:34.045 17952 18005 D OpenGLRenderer: setSurface() destroyed EGLSurface
06-03 14:34:34.046 17952 18005 D OpenGLRenderer: destroyEglSurface
06-03 14:34:34.047 17952 17952 I ViewRootImpl@1cad291[PopupWindow:990d4b8]: dispatchDetachedFromWindow
06-03 14:34:34.055 17952 17952 D InputTransport: Input channel destroyed: '8c63a0f', fd=137
06-03 14:34:34.059 17952 18005 D OpenGLRenderer: setSurface called with nullptr
06-03 14:34:34.059 17952 18005 D OpenGLRenderer: setSurface() destroyed EGLSurface
06-03 14:34:34.059 17952 18005 D OpenGLRenderer: destroyEglSurface
06-03 14:34:34.061 17952 17952 I ViewRootImpl@e688b82[PopupWindow:b906cd]: dispatchDetachedFromWindow
06-03 14:34:34.067 17952 17952 D InputTransport: Input channel destroyed: '721387a', fd=161
06-03 14:35:34.283 17952 17952 W IInputConnectionWrapper: requestCursorAnchorInfo on inactive InputConnection
06-03 14:35:34.751 17952 17952 I ViewRootImpl@2ec8496[SettingsActivity]: handleAppVisibility mAppVisible=true visible=false
06-03 14:35:34.755 17952 17952 I ViewRootImpl@fb1ccea[SettingsActivity]: handleAppVisibility mAppVisible=true visible=false
06-03 14:35:34.757 17952 17952 I ViewRootImpl@2ec8496[SettingsActivity]: MSG_WINDOW_FOCUS_CHANGED 0 1
06-03 14:35:34.763 17952 18005 D OpenGLRenderer: setSurface called with nullptr
06-03 14:35:34.763 17952 18005 D OpenGLRenderer: setSurface() destroyed EGLSurface
06-03 14:35:34.763 17952 18005 D OpenGLRenderer: destroyEglSurface
06-03 14:35:34.779 17952 17952 I ViewRootImpl@2ec8496[SettingsActivity]: Relayout returned: old=(28,519,1052,968) new=(28,519,1052,968) req=(1024,449)8 dur=11 res=0x5 s={false 0} ch=true fn=151
06-03 14:35:34.781 17952 18005 D OpenGLRenderer: setSurface called with nullptr
06-03 14:35:34.781 17952 18005 D OpenGLRenderer: setSurface() destroyed EGLSurface
06-03 14:35:34.781 17952 18005 D OpenGLRenderer: destroyEglSurface
06-03 14:35:34.815 17952 17952 I ViewRootImpl@fb1ccea[SettingsActivity]: Relayout returned: old=(0,0,1080,2280) new=(0,0,1080,2280) req=(1080,2280)8 dur=9 res=0x5 s={false 0} ch=true fn=51
06-03 14:35:34.816 17952 17952 I ViewRootImpl@2ec8496[SettingsActivity]: stopped(true) old=false
06-03 14:35:34.848 17952 17952 I ViewRootImpl@fb1ccea[SettingsActivity]: stopped(true) old=false
06-03 14:35:34.853 17952 17952 I MSHandlerLifeCycle: isMultiSplitHandlerRequested: ignored. pkg=io.github.romanvht.byedpi isActivity=false callers=com.android.internal.policy.DecorView.setVisibility:4294 android.app.Dialog.hide:741 ru.romanvht.th.z:8 ru.romanvht.ro.q:65 ru.romanvht.ro.k:209 
